Archive member included to satisfy reference by file (symbol)

c:/ac6/systemworkbench/plugins/fr.ac6.mcu.externaltools.arm-none.win32_1.13.2.201703061525/tools/compiler/bin/../lib/gcc/arm-none-eabi/5.4.1/../../../../arm-none-eabi/lib/armv7-m\libc_nano.a(lib_a-exit.o)
                              c:/ac6/systemworkbench/plugins/fr.ac6.mcu.externaltools.arm-none.win32_1.13.2.201703061525/tools/compiler/bin/../lib/gcc/arm-none-eabi/5.4.1/../../../../arm-none-eabi/lib/armv7-m/crt0.o (exit)
c:/ac6/systemworkbench/plugins/fr.ac6.mcu.externaltools.arm-none.win32_1.13.2.201703061525/tools/compiler/bin/../lib/gcc/arm-none-eabi/5.4.1/../../../../arm-none-eabi/lib/armv7-m\libc_nano.a(lib_a-impure.o)
                              c:/ac6/systemworkbench/plugins/fr.ac6.mcu.externaltools.arm-none.win32_1.13.2.201703061525/tools/compiler/bin/../lib/gcc/arm-none-eabi/5.4.1/../../../../arm-none-eabi/lib/armv7-m\libc_nano.a(lib_a-exit.o) (_global_impure_ptr)
c:/ac6/systemworkbench/plugins/fr.ac6.mcu.externaltools.arm-none.win32_1.13.2.201703061525/tools/compiler/bin/../lib/gcc/arm-none-eabi/5.4.1/../../../../arm-none-eabi/lib/armv7-m\libc_nano.a(lib_a-init.o)
                              c:/ac6/systemworkbench/plugins/fr.ac6.mcu.externaltools.arm-none.win32_1.13.2.201703061525/tools/compiler/bin/../lib/gcc/arm-none-eabi/5.4.1/../../../../arm-none-eabi/lib/armv7-m/crt0.o (__libc_init_array)
c:/ac6/systemworkbench/plugins/fr.ac6.mcu.externaltools.arm-none.win32_1.13.2.201703061525/tools/compiler/bin/../lib/gcc/arm-none-eabi/5.4.1/../../../../arm-none-eabi/lib/armv7-m\libc_nano.a(lib_a-memset.o)
                              c:/ac6/systemworkbench/plugins/fr.ac6.mcu.externaltools.arm-none.win32_1.13.2.201703061525/tools/compiler/bin/../lib/gcc/arm-none-eabi/5.4.1/../../../../arm-none-eabi/lib/armv7-m/crt0.o (memset)
c:/ac6/systemworkbench/plugins/fr.ac6.mcu.externaltools.arm-none.win32_1.13.2.201703061525/tools/compiler/bin/../lib/gcc/arm-none-eabi/5.4.1/../../../../arm-none-eabi/lib/armv7-m\libnosys.a(_exit.o)
                              c:/ac6/systemworkbench/plugins/fr.ac6.mcu.externaltools.arm-none.win32_1.13.2.201703061525/tools/compiler/bin/../lib/gcc/arm-none-eabi/5.4.1/../../../../arm-none-eabi/lib/armv7-m\libc_nano.a(lib_a-exit.o) (_exit)

Allocating common symbols
Common symbol       size              file

hspi2               0x58              Application/User/spi.o
hi2c1               0x3c              Application/User/i2c.o
hcan                0x40              Application/User/can.o
pFlash              0x20              Drivers/STM32F1xx_HAL_Driver/stm32f1xx_hal_flash.o
huart1              0x40              Application/User/usart.o

Discarded input sections

 .text          0x00000000        0x0 c:/ac6/systemworkbench/plugins/fr.ac6.mcu.externaltools.arm-none.win32_1.13.2.201703061525/tools/compiler/bin/../lib/gcc/arm-none-eabi/5.4.1/armv7-m/crti.o
 .data          0x00000000        0x0 c:/ac6/systemworkbench/plugins/fr.ac6.mcu.externaltools.arm-none.win32_1.13.2.201703061525/tools/compiler/bin/../lib/gcc/arm-none-eabi/5.4.1/armv7-m/crti.o
 .bss           0x00000000        0x0 c:/ac6/systemworkbench/plugins/fr.ac6.mcu.externaltools.arm-none.win32_1.13.2.201703061525/tools/compiler/bin/../lib/gcc/arm-none-eabi/5.4.1/armv7-m/crti.o
 .data          0x00000000        0x4 c:/ac6/systemworkbench/plugins/fr.ac6.mcu.externaltools.arm-none.win32_1.13.2.201703061525/tools/compiler/bin/../lib/gcc/arm-none-eabi/5.4.1/armv7-m/crtbegin.o
 .text          0x00000000       0x74 c:/ac6/systemworkbench/plugins/fr.ac6.mcu.externaltools.arm-none.win32_1.13.2.201703061525/tools/compiler/bin/../lib/gcc/arm-none-eabi/5.4.1/../../../../arm-none-eabi/lib/armv7-m/crt0.o
 .data          0x00000000        0x0 c:/ac6/systemworkbench/plugins/fr.ac6.mcu.externaltools.arm-none.win32_1.13.2.201703061525/tools/compiler/bin/../lib/gcc/arm-none-eabi/5.4.1/../../../../arm-none-eabi/lib/armv7-m/crt0.o
 .bss           0x00000000        0x0 c:/ac6/systemworkbench/plugins/fr.ac6.mcu.externaltools.arm-none.win32_1.13.2.201703061525/tools/compiler/bin/../lib/gcc/arm-none-eabi/5.4.1/../../../../arm-none-eabi/lib/armv7-m/crt0.o
 .ARM.extab     0x00000000        0x0 c:/ac6/systemworkbench/plugins/fr.ac6.mcu.externaltools.arm-none.win32_1.13.2.201703061525/tools/compiler/bin/../lib/gcc/arm-none-eabi/5.4.1/../../../../arm-none-eabi/lib/armv7-m/crt0.o
 .ARM.exidx     0x00000000        0x8 c:/ac6/systemworkbench/plugins/fr.ac6.mcu.externaltools.arm-none.win32_1.13.2.201703061525/tools/compiler/bin/../lib/gcc/arm-none-eabi/5.4.1/../../../../arm-none-eabi/lib/armv7-m/crt0.o
 .ARM.attributes
                0x00000000       0x1b c:/ac6/systemworkbench/plugins/fr.ac6.mcu.externaltools.arm-none.win32_1.13.2.201703061525/tools/compiler/bin/../lib/gcc/arm-none-eabi/5.4.1/../../../../arm-none-eabi/lib/armv7-m/crt0.o
 .text          0x00000000       0x14 Application/SW4STM32/startup_stm32f103xb.o
[...]
Memory Configuration

Name             Origin             Length             Attributes
RAM              0x20000000         0x00005000         xrw
FLASH            0x08000000         0x00020000         xr
*default*        0x00000000         0xffffffff

Linker script and memory map

LOAD c:/ac6/systemworkbench/plugins/fr.ac6.mcu.externaltools.arm-none.win32_1.13.2.201703061525/tools/compiler/bin/../lib/gcc/arm-none-eabi/5.4.1/armv7-m/crti.o
LOAD c:/ac6/systemworkbench/plugins/fr.ac6.mcu.externaltools.arm-none.win32_1.13.2.201703061525/tools/compiler/bin/../lib/gcc/arm-none-eabi/5.4.1/armv7-m/crtbegin.o
LOAD c:/ac6/systemworkbench/plugins/fr.ac6.mcu.externaltools.arm-none.win32_1.13.2.201703061525/tools/compiler/bin/../lib/gcc/arm-none-eabi/5.4.1/../../../../arm-none-eabi/lib/armv7-m/crt0.o
LOAD c:/ac6/systemworkbench/plugins/fr.ac6.mcu.externaltools.arm-none.win32_1.13.2.201703061525/tools/compiler/bin/../lib/gcc/arm-none-eabi/5.4.1/../../../../arm-none-eabi/lib/armv7-m\libm.a
LOAD Application/SW4STM32/startup_stm32f103xb.o
LOAD Application/User/bootlib.o
LOAD Application/User/bootloaderhw.o
LOAD Application/User/can.o
LOAD Application/User/gpio.o
LOAD Application/User/i2c.o
LOAD Application/User/main.o
LOAD Application/User/spi.o
LOAD Application/User/stm32f1xx_hal_msp.o
LOAD Application/User/stm32f1xx_it.o
LOAD Application/User/test_FLASH_HW.o
LOAD Application/User/usart.o
LOAD Drivers/CMSIS/system_stm32f1xx.o
LOAD Drivers/STM32F1xx_HAL_Driver/stm32f1xx_hal.o
LOAD Drivers/STM32F1xx_HAL_Driver/stm32f1xx_hal_can.o
LOAD Drivers/STM32F1xx_HAL_Driver/stm32f1xx_hal_cortex.o
LOAD Drivers/STM32F1xx_HAL_Driver/stm32f1xx_hal_dma.o
LOAD Drivers/STM32F1xx_HAL_Driver/stm32f1xx_hal_flash.o
LOAD Drivers/STM32F1xx_HAL_Driver/stm32f1xx_hal_flash_ex.o
LOAD Drivers/STM32F1xx_HAL_Driver/stm32f1xx_hal_gpio.o
LOAD Drivers/STM32F1xx_HAL_Driver/stm32f1xx_hal_gpio_ex.o
LOAD Drivers/STM32F1xx_HAL_Driver/stm32f1xx_hal_i2c.o
LOAD Drivers/STM32F1xx_HAL_Driver/stm32f1xx_hal_pwr.o
LOAD Drivers/STM32F1xx_HAL_Driver/stm32f1xx_hal_rcc.o
LOAD Drivers/STM32F1xx_HAL_Driver/stm32f1xx_hal_rcc_ex.o
LOAD Drivers/STM32F1xx_HAL_Driver/stm32f1xx_hal_spi.o
LOAD Drivers/STM32F1xx_HAL_Driver/stm32f1xx_hal_spi_ex.o
LOAD Drivers/STM32F1xx_HAL_Driver/stm32f1xx_hal_tim.o
LOAD Drivers/STM32F1xx_HAL_Driver/stm32f1xx_hal_tim_ex.o
LOAD Drivers/STM32F1xx_HAL_Driver/stm32f1xx_hal_uart.o
START GROUP
LOAD c:/ac6/systemworkbench/plugins/fr.ac6.mcu.externaltools.arm-none.win32_1.13.2.201703061525/tools/compiler/bin/../lib/gcc/arm-none-eabi/5.4.1/armv7-m\libgcc.a
LOAD c:/ac6/systemworkbench/plugins/fr.ac6.mcu.externaltools.arm-none.win32_1.13.2.201703061525/tools/compiler/bin/../lib/gcc/arm-none-eabi/5.4.1/../../../../arm-none-eabi/lib/armv7-m\libc_nano.a
END GROUP
START GROUP
LOAD c:/ac6/systemworkbench/plugins/fr.ac6.mcu.externaltools.arm-none.win32_1.13.2.201703061525/tools/compiler/bin/../lib/gcc/arm-none-eabi/5.4.1/armv7-m\libgcc.a
LOAD c:/ac6/systemworkbench/plugins/fr.ac6.mcu.externaltools.arm-none.win32_1.13.2.201703061525/tools/compiler/bin/../lib/gcc/arm-none-eabi/5.4.1/../../../../arm-none-eabi/lib/armv7-m\libc_nano.a
LOAD c:/ac6/systemworkbench/plugins/fr.ac6.mcu.externaltools.arm-none.win32_1.13.2.201703061525/tools/compiler/bin/../lib/gcc/arm-none-eabi/5.4.1/../../../../arm-none-eabi/lib/armv7-m\libnosys.a
END GROUP
START GROUP
LOAD c:/ac6/systemworkbench/plugins/fr.ac6.mcu.externaltools.arm-none.win32_1.13.2.201703061525/tools/compiler/bin/../lib/gcc/arm-none-eabi/5.4.1/armv7-m\libgcc.a
LOAD c:/ac6/systemworkbench/plugins/fr.ac6.mcu.externaltools.arm-none.win32_1.13.2.201703061525/tools/compiler/bin/../lib/gcc/arm-none-eabi/5.4.1/../../../../arm-none-eabi/lib/armv7-m\libc_nano.a
LOAD c:/ac6/systemworkbench/plugins/fr.ac6.mcu.externaltools.arm-none.win32_1.13.2.201703061525/tools/compiler/bin/../lib/gcc/arm-none-eabi/5.4.1/../../../../arm-none-eabi/lib/armv7-m\libnosys.a
END GROUP
LOAD c:/ac6/systemworkbench/plugins/fr.ac6.mcu.externaltools.arm-none.win32_1.13.2.201703061525/tools/compiler/bin/../lib/gcc/arm-none-eabi/5.4.1/armv7-m/crtend.o
LOAD c:/ac6/systemworkbench/plugins/fr.ac6.mcu.externaltools.arm-none.win32_1.13.2.201703061525/tools/compiler/bin/../lib/gcc/arm-none-eabi/5.4.1/armv7-m/crtn.o
                0x20005000                _estack = 0x20005000
                0x00000200                _Min_Heap_Size = 0x200
                0x00000400                _Min_Stack_Size = 0x400

.isr_vector     0x08000000      0x10c
                0x08000000                . = ALIGN (0x4)
 *(.isr_vector)
 .isr_vector    0x08000000      0x10c Application/SW4STM32/startup_stm32f103xb.o
                0x08000000                g_pfnVectors
                0x0800010c                . = ALIGN (0x4)

.text           0x0800010c     0x18cc
                0x0800010c                . = ALIGN (0x4)
 *(.text)
 .text          0x0800010c       0x5c c:/ac6/systemworkbench/plugins/fr.ac6.mcu.externaltools.arm-none.win32_1.13.2.201703061525/tools/compiler/bin/../lib/gcc/arm-none-eabi/5.4.1/armv7-m/crtbegin.o
 *(.text*)
 .text.Reset_Handler
                0x08000168       0x48 Application/SW4STM32/startup_stm32f103xb.o
                0x08000168                Reset_Handler
 .text.Default_Handler
                0x080001b0        0x2 Application/SW4STM32/startup_stm32f103xb.o
                0x080001b0                RTC_Alarm_IRQHandler
                0x080001b0                EXTI2_IRQHandler
                0x080001b0                DebugMon_Handler
                0x080001b0                TIM1_CC_IRQHandler
                0x080001b0                HardFault_Handler
                0x080001b0                PVD_IRQHandler
                0x080001b0                PendSV_Handler
                0x080001b0                NMI_Handler
                0x080001b0                EXTI3_IRQHandler
                0x080001b0                EXTI0_IRQHandler
                0x080001b0                I2C2_EV_IRQHandler
                0x080001b0                UsageFault_Handler
                0x080001b0                ADC1_2_IRQHandler
                0x080001b0                SPI1_IRQHandler
                0x080001b0                TAMPER_IRQHandler
                0x080001b0                DMA1_Channel4_IRQHandler
                0x080001b0                USART3_IRQHandler
                0x080001b0                RTC_IRQHandler
                0x080001b0                DMA1_Channel7_IRQHandler
                0x080001b0                CAN1_RX1_IRQHandler
                0x080001b0                TIM4_IRQHandler
                0x080001b0                I2C1_EV_IRQHandler
                0x080001b0                DMA1_Channel6_IRQHandler
                0x080001b0                TIM3_IRQHandler
                0x080001b0                RCC_IRQHandler
                0x080001b0                TIM1_TRG_COM_IRQHandler
                0x080001b0                DMA1_Channel1_IRQHandler
                0x080001b0                Default_Handler
                0x080001b0                EXTI9_5_IRQHandler
                0x080001b0                SPI2_IRQHandler
                0x080001b0                MemManage_Handler
                0x080001b0                SVC_Handler
                0x080001b0                DMA1_Channel5_IRQHandler
                0x080001b0                EXTI4_IRQHandler
                0x080001b0                USB_LP_CAN1_RX0_IRQHandler
                0x080001b0                USB_HP_CAN1_TX_IRQHandler
                0x080001b0                DMA1_Channel3_IRQHandler
                0x080001b0                TIM1_UP_IRQHandler
                0x080001b0                WWDG_IRQHandler
                0x080001b0                TIM2_IRQHandler
                0x080001b0                TIM1_BRK_IRQHandler
                0x080001b0                EXTI1_IRQHandler
                0x080001b0                USART2_IRQHandler
                0x080001b0                I2C2_ER_IRQHandler
                0x080001b0                DMA1_Channel2_IRQHandler
                0x080001b0                CAN1_SCE_IRQHandler
                0x080001b0                FLASH_IRQHandler
                0x080001b0                BusFault_Handler
                0x080001b0                USART1_IRQHandler
                0x080001b0                I2C1_ER_IRQHandler
                0x080001b0                USBWakeUp_IRQHandler
 *fill*         0x080001b2        0x2 
 .text.Bootloader_Write8
                0x080001b4       0x24 Application/User/bootloaderhw.o
                0x080001b4                Bootloader_Write8
 .text.MX_CAN_Init
                0x080001d8       0x38 Application/User/can.o
                0x080001d8                MX_CAN_Init
 .text.HAL_CAN_MspInit
                0x08000210       0x5c Application/User/can.o
                0x08000210                HAL_CAN_MspInit
 .text.MX_GPIO_Init
                0x0800026c       0xb8 Application/User/gpio.o
                0x0800026c                MX_GPIO_Init
 .text.MX_I2C1_Init
                0x08000324       0x38 Application/User/i2c.o
                0x08000324                MX_I2C1_Init
 .text.HAL_I2C_MspInit
                0x0800035c       0x48 Application/User/i2c.o
                0x0800035c                HAL_I2C_MspInit
 .text.Error_Handler
                0x080003a4        0x4 Application/User/main.o
                0x080003a4                Error_Handler
 .text.SystemClock_Config
                0x080003a8       0x74 Application/User/main.o
                0x080003a8                SystemClock_Config
 .text.main     0x0800041c       0x24 Application/User/main.o
                0x0800041c                main
 .text.MX_SPI2_Init
                0x08000440       0x40 Application/User/spi.o
                0x08000440                MX_SPI2_Init
 .text.HAL_SPI_MspInit
                0x08000480       0x5c Application/User/spi.o
                0x08000480                HAL_SPI_MspInit
 .text.HAL_MspInit
                0x080004dc       0x90 Application/User/stm32f1xx_hal_msp.o
                0x080004dc                HAL_MspInit
 .text.SysTick_Handler
                0x0800056c        0xc Application/User/stm32f1xx_it.o
                0x0800056c                SysTick_Handler
 .text.EXTI15_10_IRQHandler
                0x08000578        0xc Application/User/stm32f1xx_it.o
                0x08000578                EXTI15_10_IRQHandler
 .text.put_char_to_debug
                0x08000584       0x14 Application/User/test_FLASH_HW.o
 .text.test_VerifyDataWrittenInFlash
                0x08000598       0x24 Application/User/test_FLASH_HW.o
                0x08000598                test_VerifyDataWrittenInFlash
 .text.MX_USART1_UART_Init
                0x080005bc       0x34 Application/User/usart.o
                0x080005bc                MX_USART1_UART_Init
 .text.HAL_UART_MspInit
                0x080005f0       0x5c Application/User/usart.o
                0x080005f0                HAL_UART_MspInit
 .text.SystemInit
                0x0800064c       0x4c Drivers/CMSIS/system_stm32f1xx.o
                0x0800064c                SystemInit
 .text.HAL_InitTick
                0x08000698       0x28 Drivers/STM32F1xx_HAL_Driver/stm32f1xx_hal.o
                0x08000698                HAL_InitTick
 .text.HAL_Init
                0x080006c0       0x24 Drivers/STM32F1xx_HAL_Driver/stm32f1xx_hal.o
                0x080006c0                HAL_Init
 .text.HAL_IncTick
                0x080006e4       0x10 Drivers/STM32F1xx_HAL_Driver/stm32f1xx_hal.o
                0x080006e4                HAL_IncTick
 .text.HAL_GetTick
                0x080006f4        0xc Drivers/STM32F1xx_HAL_Driver/stm32f1xx_hal.o
                0x080006f4                HAL_GetTick
 .text.HAL_Delay
                0x08000700       0x1c Drivers/STM32F1xx_HAL_Driver/stm32f1xx_hal.o
                0x08000700                HAL_Delay
 .text.HAL_CAN_Init
                0x0800071c      0x12c Drivers/STM32F1xx_HAL_Driver/stm32f1xx_hal_can.o
                0x0800071c                HAL_CAN_Init
 .text.HAL_NVIC_SetPriorityGrouping
                0x08000848       0x24 Drivers/STM32F1xx_HAL_Driver/stm32f1xx_hal_cortex.o
                0x08000848                HAL_NVIC_SetPriorityGrouping
 .text.HAL_NVIC_SetPriority
                0x0800086c       0x64 Drivers/STM32F1xx_HAL_Driver/stm32f1xx_hal_cortex.o
                0x0800086c                HAL_NVIC_SetPriority
 .text.HAL_NVIC_EnableIRQ
                0x080008d0       0x18 Drivers/STM32F1xx_HAL_Driver/stm32f1xx_hal_cortex.o
                0x080008d0                HAL_NVIC_EnableIRQ
 .text.HAL_SYSTICK_Config
                0x080008e8       0x2c Drivers/STM32F1xx_HAL_Driver/stm32f1xx_hal_cortex.o
                0x080008e8                HAL_SYSTICK_Config
 .text.HAL_SYSTICK_CLKSourceConfig
                0x08000914       0x20 Drivers/STM32F1xx_HAL_Driver/stm32f1xx_hal_cortex.o
                0x08000914                HAL_SYSTICK_CLKSourceConfig
 .text.HAL_SYSTICK_Callback
                0x08000934        0x4 Drivers/STM32F1xx_HAL_Driver/stm32f1xx_hal_cortex.o
                0x08000934                HAL_SYSTICK_Callback
 .text.HAL_SYSTICK_IRQHandler
                0x08000938        0x8 Drivers/STM32F1xx_HAL_Driver/stm32f1xx_hal_cortex.o
                0x08000938                HAL_SYSTICK_IRQHandler
 .text.FLASH_Program_HalfWord
                0x08000940       0x1c Drivers/STM32F1xx_HAL_Driver/stm32f1xx_hal_flash.o
 .text.FLASH_SetErrorCode
                0x0800095c       0x58 Drivers/STM32F1xx_HAL_Driver/stm32f1xx_hal_flash.o
 .text.HAL_FLASH_Unlock
                0x080009b4       0x28 Drivers/STM32F1xx_HAL_Driver/stm32f1xx_hal_flash.o
                0x080009b4                HAL_FLASH_Unlock
 .text.HAL_FLASH_Lock
                0x080009dc       0x14 Drivers/STM32F1xx_HAL_Driver/stm32f1xx_hal_flash.o
                0x080009dc                HAL_FLASH_Lock
 .text.FLASH_WaitForLastOperation
                0x080009f0       0x70 Drivers/STM32F1xx_HAL_Driver/stm32f1xx_hal_flash.o
                0x080009f0                FLASH_WaitForLastOperation
 .text.HAL_FLASH_Program
                0x08000a60       0xa0 Drivers/STM32F1xx_HAL_Driver/stm32f1xx_hal_flash.o
                0x08000a60                HAL_FLASH_Program
 .text.HAL_GPIO_Init
                0x08000b00      0x1d8 Drivers/STM32F1xx_HAL_Driver/stm32f1xx_hal_gpio.o
                0x08000b00                HAL_GPIO_Init
 .text.HAL_GPIO_WritePin
                0x08000cd8        0xc Drivers/STM32F1xx_HAL_Driver/stm32f1xx_hal_gpio.o
                0x08000cd8                HAL_GPIO_WritePin
 .text.HAL_GPIO_EXTI_Callback
                0x08000ce4        0x4 Drivers/STM32F1xx_HAL_Driver/stm32f1xx_hal_gpio.o
                0x08000ce4                HAL_GPIO_EXTI_Callback
 .text.HAL_GPIO_EXTI_IRQHandler
                0x08000ce8       0x18 Drivers/STM32F1xx_HAL_Driver/stm32f1xx_hal_gpio.o
                0x08000ce8                HAL_GPIO_EXTI_IRQHandler
 .text.I2C_Configure_Speed
                0x08000d00       0x4c Drivers/STM32F1xx_HAL_Driver/stm32f1xx_hal_i2c.o
 .text.HAL_I2C_Init
                0x08000d4c       0xb4 Drivers/STM32F1xx_HAL_Driver/stm32f1xx_hal_i2c.o
                0x08000d4c                HAL_I2C_Init
 .text.HAL_RCC_OscConfig
                0x08000e00      0x5ec Drivers/STM32F1xx_HAL_Driver/stm32f1xx_hal_rcc.o
                0x08000e00                HAL_RCC_OscConfig
 .text.HAL_RCC_GetSysClockFreq
                0x080013ec       0x94 Drivers/STM32F1xx_HAL_Driver/stm32f1xx_hal_rcc.o
                0x080013ec                HAL_RCC_GetSysClockFreq
 .text.HAL_RCC_ClockConfig
                0x08001480      0x1e4 Drivers/STM32F1xx_HAL_Driver/stm32f1xx_hal_rcc.o
                0x08001480                HAL_RCC_ClockConfig
 .text.HAL_RCC_GetHCLKFreq
                0x08001664        0xc Drivers/STM32F1xx_HAL_Driver/stm32f1xx_hal_rcc.o
                0x08001664                HAL_RCC_GetHCLKFreq
 .text.HAL_RCC_GetPCLK1Freq
                0x08001670       0x30 Drivers/STM32F1xx_HAL_Driver/stm32f1xx_hal_rcc.o
                0x08001670                HAL_RCC_GetPCLK1Freq
 .text.HAL_RCC_GetPCLK2Freq
                0x080016a0       0x30 Drivers/STM32F1xx_HAL_Driver/stm32f1xx_hal_rcc.o
                0x080016a0                HAL_RCC_GetPCLK2Freq
 .text.HAL_SPI_Init
                0x080016d0       0x88 Drivers/STM32F1xx_HAL_Driver/stm32f1xx_hal_spi_ex.o
                0x080016d0                HAL_SPI_Init
 .text.UART_SetConfig
                0x08001758      0x1bc Drivers/STM32F1xx_HAL_Driver/stm32f1xx_hal_uart.o
 .text.HAL_UART_Init
                0x08001914       0x60 Drivers/STM32F1xx_HAL_Driver/stm32f1xx_hal_uart.o
                0x08001914                HAL_UART_Init
 .text.__libc_init_array
                0x08001974       0x4c c:/ac6/systemworkbench/plugins/fr.ac6.mcu.externaltools.arm-none.win32_1.13.2.201703061525/tools/compiler/bin/../lib/gcc/arm-none-eabi/5.4.1/../../../../arm-none-eabi/lib/armv7-m\libc_nano.a(lib_a-init.o)
                0x08001974                __libc_init_array
 *(.glue_7)
 .glue_7        0x080019c0        0x0 linker stubs
 *(.glue_7t)
 .glue_7t       0x080019c0        0x0 linker stubs
 *(.eh_frame)
 .eh_frame      0x080019c0        0x0 c:/ac6/systemworkbench/plugins/fr.ac6.mcu.externaltools.arm-none.win32_1.13.2.201703061525/tools/compiler/bin/../lib/gcc/arm-none-eabi/5.4.1/armv7-m/crtbegin.o
 *(.init)
 .init          0x080019c0        0x4 c:/ac6/systemworkbench/plugins/fr.ac6.mcu.externaltools.arm-none.win32_1.13.2.201703061525/tools/compiler/bin/../lib/gcc/arm-none-eabi/5.4.1/armv7-m/crti.o
                0x080019c0                _init
 .init          0x080019c4        0x8 c:/ac6/systemworkbench/plugins/fr.ac6.mcu.externaltools.arm-none.win32_1.13.2.201703061525/tools/compiler/bin/../lib/gcc/arm-none-eabi/5.4.1/armv7-m/crtn.o
 *(.fini)
 .fini          0x080019cc        0x4 c:/ac6/systemworkbench/plugins/fr.ac6.mcu.externaltools.arm-none.win32_1.13.2.201703061525/tools/compiler/bin/../lib/gcc/arm-none-eabi/5.4.1/armv7-m/crti.o
                0x080019cc                _fini
 .fini          0x080019d0        0x8 c:/ac6/systemworkbench/plugins/fr.ac6.mcu.externaltools.arm-none.win32_1.13.2.201703061525/tools/compiler/bin/../lib/gcc/arm-none-eabi/5.4.1/armv7-m/crtn.o
                0x080019d8                . = ALIGN (0x4)
                0x080019d8                _etext = .

.vfp11_veneer   0x080019d8        0x0
 .vfp11_veneer  0x080019d8        0x0 linker stubs

.v4_bx          0x080019d8        0x0
 .v4_bx         0x080019d8        0x0 linker stubs

.iplt           0x080019d8        0x0
 .iplt          0x080019d8        0x0 c:/ac6/systemworkbench/plugins/fr.ac6.mcu.externaltools.arm-none.win32_1.13.2.201703061525/tools/compiler/bin/../lib/gcc/arm-none-eabi/5.4.1/armv7-m/crtbegin.o

.rodata         0x080019d8       0x2c
                0x080019d8                . = ALIGN (0x4)
 *(.rodata)
 .rodata        0x080019d8       0x18 Drivers/CMSIS/system_stm32f1xx.o
                0x080019d8                AHBPrescTable
                0x080019e8                APBPrescTable
 .rodata        0x080019f0       0x12 Drivers/STM32F1xx_HAL_Driver/stm32f1xx_hal_rcc.o
 *(.rodata*)
                0x08001a04                . = ALIGN (0x4)
 *fill*         0x08001a02        0x2 

.rel.dyn        0x08001a04        0x0
 .rel.iplt      0x08001a04        0x0 c:/ac6/systemworkbench/plugins/fr.ac6.mcu.externaltools.arm-none.win32_1.13.2.201703061525/tools/compiler/bin/../lib/gcc/arm-none-eabi/5.4.1/armv7-m/crtbegin.o

.ARM.extab
 *(.ARM.extab* .gnu.linkonce.armextab.*)

.ARM            0x08001a04        0x0
                0x08001a04                __exidx_start = .
 *(.ARM.exidx*)
                0x08001a04                __exidx_end = .

.preinit_array  0x08001a04        0x0
                0x08001a04                PROVIDE (__preinit_array_start, .)
 *(.preinit_array*)
                0x08001a04                PROVIDE (__preinit_array_end, .)

.init_array     0x08001a04        0x4
                0x08001a04                PROVIDE (__init_array_start, .)
 *(SORT(.init_array.*))
 *(.init_array*)
 .init_array    0x08001a04        0x4 c:/ac6/systemworkbench/plugins/fr.ac6.mcu.externaltools.arm-none.win32_1.13.2.201703061525/tools/compiler/bin/../lib/gcc/arm-none-eabi/5.4.1/armv7-m/crtbegin.o
                0x08001a08                PROVIDE (__init_array_end, .)

.fini_array     0x08001a08        0x4
                [!provide]                PROVIDE (__fini_array_start, .)
 *(SORT(.fini_array.*))
 *(.fini_array*)
 .fini_array    0x08001a08        0x4 c:/ac6/systemworkbench/plugins/fr.ac6.mcu.externaltools.arm-none.win32_1.13.2.201703061525/tools/compiler/bin/../lib/gcc/arm-none-eabi/5.4.1/armv7-m/crtbegin.o
                [!provide]                PROVIDE (__fini_array_end, .)
                0x08001a0c                _sidata = LOADADDR (.data)

.data           0x20000000        0x4 load address 0x08001a0c
                0x20000000                . = ALIGN (0x4)
                0x20000000                _sdata = .
 *(.data)
 .data          0x20000000        0x4 Drivers/CMSIS/system_stm32f1xx.o
                0x20000000                SystemCoreClock
 *(.data*)
                0x20000004                . = ALIGN (0x4)
                0x20000004                _edata = .

.jcr            0x20000004        0x0 load address 0x08001a10
 .jcr           0x20000004        0x0 c:/ac6/systemworkbench/plugins/fr.ac6.mcu.externaltools.arm-none.win32_1.13.2.201703061525/tools/compiler/bin/../lib/gcc/arm-none-eabi/5.4.1/armv7-m/crtbegin.o

.igot.plt       0x20000004        0x0 load address 0x08001a10
 .igot.plt      0x20000004        0x0 c:/ac6/systemworkbench/plugins/fr.ac6.mcu.externaltools.arm-none.win32_1.13.2.201703061525/tools/compiler/bin/../lib/gcc/arm-none-eabi/5.4.1/armv7-m/crtbegin.o
                0x20000004                . = ALIGN (0x4)

.bss            0x20000008      0x158 load address 0x08001a10
                0x20000008                _sbss = .
                0x20000008                __bss_start__ = _sbss
 *(.bss)
 .bss           0x20000008       0x1c c:/ac6/systemworkbench/plugins/fr.ac6.mcu.externaltools.arm-none.win32_1.13.2.201703061525/tools/compiler/bin/../lib/gcc/arm-none-eabi/5.4.1/armv7-m/crtbegin.o
 .bss           0x20000024        0x4 Drivers/STM32F1xx_HAL_Driver/stm32f1xx_hal.o
 .bss           0x20000028        0x1 Drivers/STM32F1xx_HAL_Driver/stm32f1xx_hal_spi_ex.o
                0x20000028                uCRCErrorWorkaroundCheck
 *(.bss*)
 *(COMMON)
 *fill*         0x20000029        0x3 
 COMMON         0x2000002c       0x40 Application/User/can.o
                0x2000002c                hcan
 COMMON         0x2000006c       0x3c Application/User/i2c.o
                0x2000006c                hi2c1
 COMMON         0x200000a8       0x58 Application/User/spi.o
                0x200000a8                hspi2
 COMMON         0x20000100       0x40 Application/User/usart.o
                0x20000100                huart1
 COMMON         0x20000140       0x20 Drivers/STM32F1xx_HAL_Driver/stm32f1xx_hal_flash.o
                0x20000140                pFlash
                0x20000160                . = ALIGN (0x4)
                0x20000160                _ebss = .
                0x20000160                __bss_end__ = _ebss

._user_heap_stack
                0x20000160      0x600 load address 0x08001a10
                0x20000160                . = ALIGN (0x8)
                [!provide]                PROVIDE (end, .)
                [!provide]                PROVIDE (_end, .)
                0x20000360                . = (. + _Min_Heap_Size)
 *fill*         0x20000160      0x200 
                0x20000760                . = (. + _Min_Stack_Size)
 *fill*         0x20000360      0x400 
                0x20000760                . = ALIGN (0x8)

/DISCARD/
 libc.a(*)
 libm.a(*)
 libgcc.a(*)

.ARM.attributes
                0x00000000       0x29
 *(.ARM.attributes)
 .ARM.attributes
                0x00000000       0x1d c:/ac6/systemworkbench/plugins/fr.ac6.mcu.externaltools.arm-none.win32_1.13.2.201703061525/tools/compiler/bin/../lib/gcc/arm-none-eabi/5.4.1/armv7-m/crti.o
 .ARM.attributes
                0x0000001d       0x2d c:/ac6/systemworkbench/plugins/fr.ac6.mcu.externaltools.arm-none.win32_1.13.2.201703061525/tools/compiler/bin/../lib/gcc/arm-none-eabi/5.4.1/armv7-m/crtbegin.o
 .ARM.attributes
                0x0000004a       0x21 Application/SW4STM32/startup_stm32f103xb.o
 .ARM.attributes
                0x0000006b       0x33 Application/User/bootloaderhw.o
 .ARM.attributes
                0x0000009e       0x33 Application/User/can.o
 .ARM.attributes
                0x000000d1       0x33 Application/User/gpio.o
 .ARM.attributes
                0x00000104       0x33 Application/User/i2c.o
 .ARM.attributes
                0x00000137       0x33 Application/User/main.o
 .ARM.attributes
                0x0000016a       0x33 Application/User/spi.o
 .ARM.attributes
                0x0000019d       0x33 Application/User/stm32f1xx_hal_msp.o
 .ARM.attributes
                0x000001d0       0x33 Application/User/stm32f1xx_it.o
 .ARM.attributes
                0x00000203       0x33 Application/User/test_FLASH_HW.o
 .ARM.attributes
                0x00000236       0x33 Application/User/usart.o
 .ARM.attributes
                0x00000269       0x33 Drivers/CMSIS/system_stm32f1xx.o
 .ARM.attributes
                0x0000029c       0x33 Drivers/STM32F1xx_HAL_Driver/stm32f1xx_hal.o
 .ARM.attributes
                0x000002cf       0x33 Drivers/STM32F1xx_HAL_Driver/stm32f1xx_hal_can.o
 .ARM.attributes
                0x00000302       0x33 Drivers/STM32F1xx_HAL_Driver/stm32f1xx_hal_cortex.o
 .ARM.attributes
                0x00000335       0x33 Drivers/STM32F1xx_HAL_Driver/stm32f1xx_hal_flash.o
 .ARM.attributes
                0x00000368       0x33 Drivers/STM32F1xx_HAL_Driver/stm32f1xx_hal_gpio.o
 .ARM.attributes
                0x0000039b       0x33 Drivers/STM32F1xx_HAL_Driver/stm32f1xx_hal_i2c.o
 .ARM.attributes
                0x000003ce       0x33 Drivers/STM32F1xx_HAL_Driver/stm32f1xx_hal_rcc.o
 .ARM.attributes
                0x00000401       0x33 Drivers/STM32F1xx_HAL_Driver/stm32f1xx_hal_spi_ex.o
 .ARM.attributes
                0x00000434       0x33 Drivers/STM32F1xx_HAL_Driver/stm32f1xx_hal_uart.o
 .ARM.attributes
                0x00000467       0x2d c:/ac6/systemworkbench/plugins/fr.ac6.mcu.externaltools.arm-none.win32_1.13.2.201703061525/tools/compiler/bin/../lib/gcc/arm-none-eabi/5.4.1/../../../../arm-none-eabi/lib/armv7-m\libc_nano.a(lib_a-init.o)
 .ARM.attributes
                0x00000494       0x1d c:/ac6/systemworkbench/plugins/fr.ac6.mcu.externaltools.arm-none.win32_1.13.2.201703061525/tools/compiler/bin/../lib/gcc/arm-none-eabi/5.4.1/armv7-m/crtn.o
OUTPUT(BootloaderV1.elf elf32-littlearm)

.debug_line     0x00000000     0xbf3c
 .debug_line    0x00000000       0xa0 Application/SW4STM32/startup_stm32f103xb.o
 .debug_line    0x000000a0      0x792 Application/User/bootloaderhw.o
 .debug_line    0x00000832      0x7cb Application/User/can.o
 .debug_line    0x00000ffd      0x798 Application/User/gpio.o
 .debug_line    0x00001795      0x7c4 Application/User/i2c.o
 .debug_line    0x00001f59      0x848 Application/User/main.o
 .debug_line    0x000027a1      0x7cb Application/User/spi.o
 .debug_line    0x00002f6c      0x792 Application/User/stm32f1xx_hal_msp.o
 .debug_line    0x000036fe      0x7a7 Application/User/stm32f1xx_it.o
 .debug_line    0x00003ea5      0x7a6 Application/User/test_FLASH_HW.o
 .debug_line    0x0000464b      0x7cb Application/User/usart.o
 .debug_line    0x00004e16      0x7b9 Drivers/CMSIS/system_stm32f1xx.o
 .debug_line    0x000055cf      0x8f5 Drivers/STM32F1xx_HAL_Driver/stm32f1xx_hal.o
 .debug_line    0x00005ec4      0xb85 Drivers/STM32F1xx_HAL_Driver/stm32f1xx_hal_can.o
 .debug_line    0x00006a49      0x931 Drivers/STM32F1xx_HAL_Driver/stm32f1xx_hal_cortex.o
 .debug_line    0x0000737a      0x97c Drivers/STM32F1xx_HAL_Driver/stm32f1xx_hal_flash.o
 .debug_line    0x00007cf6      0x91b Drivers/STM32F1xx_HAL_Driver/stm32f1xx_hal_gpio.o
 .debug_line    0x00008611     0x1706 Drivers/STM32F1xx_HAL_Driver/stm32f1xx_hal_i2c.o
 .debug_line    0x00009d17      0xc68 Drivers/STM32F1xx_HAL_Driver/stm32f1xx_hal_rcc.o
 .debug_line    0x0000a97f      0x7d1 Drivers/STM32F1xx_HAL_Driver/stm32f1xx_hal_spi_ex.o
 .debug_line    0x0000b150      0xdec Drivers/STM32F1xx_HAL_Driver/stm32f1xx_hal_uart.o

.debug_info     0x00000000     0xb47a
 .debug_info    0x00000000       0xab Application/SW4STM32/startup_stm32f103xb.o
 .debug_info    0x000000ab      0x1ca Application/User/bootloaderhw.o
 .debug_info    0x00000275      0x870 Application/User/can.o
 .debug_info    0x00000ae5      0x4eb Application/User/gpio.o
 .debug_info    0x00000fd0      0x764 Application/User/i2c.o
 .debug_info    0x00001734      0x4f0 Application/User/main.o
 .debug_info    0x00001c24      0x7a3 Application/User/spi.o
 .debug_info    0x000023c7      0x43a Application/User/stm32f1xx_hal_msp.o
 .debug_info    0x00002801      0x135 Application/User/stm32f1xx_it.o
 .debug_info    0x00002936      0x17f Application/User/test_FLASH_HW.o
 .debug_info    0x00002ab5      0x739 Application/User/usart.o
 .debug_info    0x000031ee      0x3eb Drivers/CMSIS/system_stm32f1xx.o
 .debug_info    0x000035d9      0x699 Drivers/STM32F1xx_HAL_Driver/stm32f1xx_hal.o
 .debug_info    0x00003c72      0xb9c Drivers/STM32F1xx_HAL_Driver/stm32f1xx_hal_can.o
 .debug_info    0x0000480e      0xc33 Drivers/STM32F1xx_HAL_Driver/stm32f1xx_hal_cortex.o
 .debug_info    0x00005441      0x62a Drivers/STM32F1xx_HAL_Driver/stm32f1xx_hal_flash.o
 .debug_info    0x00005a6b      0x608 Drivers/STM32F1xx_HAL_Driver/stm32f1xx_hal_gpio.o
 .debug_info    0x00006073     0x2aba Drivers/STM32F1xx_HAL_Driver/stm32f1xx_hal_i2c.o
 .debug_info    0x00008b2d     0x12ab Drivers/STM32F1xx_HAL_Driver/stm32f1xx_hal_rcc.o
 .debug_info    0x00009dd8      0x5ad Drivers/STM32F1xx_HAL_Driver/stm32f1xx_hal_spi_ex.o
 .debug_info    0x0000a385     0x10f5 Drivers/STM32F1xx_HAL_Driver/stm32f1xx_hal_uart.o

.debug_abbrev   0x00000000     0x211a
 .debug_abbrev  0x00000000       0x12 Application/SW4STM32/startup_stm32f103xb.o
 .debug_abbrev  0x00000012       0xf3 Application/User/bootloaderhw.o
 .debug_abbrev  0x00000105      0x1b8 Application/User/can.o
 .debug_abbrev  0x000002bd      0x13f Application/User/gpio.o
 .debug_abbrev  0x000003fc      0x1a1 Application/User/i2c.o
 .debug_abbrev  0x0000059d      0x16e Application/User/main.o
 .debug_abbrev  0x0000070b      0x1a1 Application/User/spi.o
 .debug_abbrev  0x000008ac      0x126 Application/User/stm32f1xx_hal_msp.o
 .debug_abbrev  0x000009d2       0x9f Application/User/stm32f1xx_it.o
 .debug_abbrev  0x00000a71       0xfe Application/User/test_FLASH_HW.o
 .debug_abbrev  0x00000b6f      0x1a1 Application/User/usart.o
 .debug_abbrev  0x00000d10      0x125 Drivers/CMSIS/system_stm32f1xx.o
 .debug_abbrev  0x00000e35      0x21f Drivers/STM32F1xx_HAL_Driver/stm32f1xx_hal.o
 .debug_abbrev  0x00001054      0x206 Drivers/STM32F1xx_HAL_Driver/stm32f1xx_hal_can.o
 .debug_abbrev  0x0000125a      0x2bd Drivers/STM32F1xx_HAL_Driver/stm32f1xx_hal_cortex.o
 .debug_abbrev  0x00001517      0x20c Drivers/STM32F1xx_HAL_Driver/stm32f1xx_hal_flash.o
 .debug_abbrev  0x00001723      0x1cd Drivers/STM32F1xx_HAL_Driver/stm32f1xx_hal_gpio.o
 .debug_abbrev  0x000018f0      0x21b Drivers/STM32F1xx_HAL_Driver/stm32f1xx_hal_i2c.o
 .debug_abbrev  0x00001b0b      0x287 Drivers/STM32F1xx_HAL_Driver/stm32f1xx_hal_rcc.o
 .debug_abbrev  0x00001d92      0x160 Drivers/STM32F1xx_HAL_Driver/stm32f1xx_hal_spi_ex.o
 .debug_abbrev  0x00001ef2      0x228 Drivers/STM32F1xx_HAL_Driver/stm32f1xx_hal_uart.o

.debug_aranges  0x00000000      0x8e0
 .debug_aranges
                0x00000000       0x28 Application/SW4STM32/startup_stm32f103xb.o
 .debug_aranges
                0x00000028       0x28 Application/User/bootloaderhw.o
 .debug_aranges
                0x00000050       0x30 Application/User/can.o
 .debug_aranges
                0x00000080       0x20 Application/User/gpio.o
 .debug_aranges
                0x000000a0       0x30 Application/User/i2c.o
 .debug_aranges
                0x000000d0       0x30 Application/User/main.o
 .debug_aranges
                0x00000100       0x30 Application/User/spi.o
 .debug_aranges
                0x00000130       0x20 Application/User/stm32f1xx_hal_msp.o
 .debug_aranges
                0x00000150       0x28 Application/User/stm32f1xx_it.o
 .debug_aranges
                0x00000178       0x28 Application/User/test_FLASH_HW.o
 .debug_aranges
                0x000001a0       0x30 Application/User/usart.o
 .debug_aranges
                0x000001d0       0x28 Drivers/CMSIS/system_stm32f1xx.o
 .debug_aranges
                0x000001f8       0xb0 Drivers/STM32F1xx_HAL_Driver/stm32f1xx_hal.o
 .debug_aranges
                0x000002a8       0xb0 Drivers/STM32F1xx_HAL_Driver/stm32f1xx_hal_can.o
 .debug_aranges
                0x00000358       0x90 Drivers/STM32F1xx_HAL_Driver/stm32f1xx_hal_cortex.o
 .debug_aranges
                0x000003e8       0x88 Drivers/STM32F1xx_HAL_Driver/stm32f1xx_hal_flash.o
 .debug_aranges
                0x00000470       0x58 Drivers/STM32F1xx_HAL_Driver/stm32f1xx_hal_gpio.o
 .debug_aranges
                0x000004c8      0x218 Drivers/STM32F1xx_HAL_Driver/stm32f1xx_hal_i2c.o
 .debug_aranges
                0x000006e0       0x88 Drivers/STM32F1xx_HAL_Driver/stm32f1xx_hal_rcc.o
 .debug_aranges
                0x00000768       0x28 Drivers/STM32F1xx_HAL_Driver/stm32f1xx_hal_spi_ex.o
 .debug_aranges
                0x00000790      0x150 Drivers/STM32F1xx_HAL_Driver/stm32f1xx_hal_uart.o

.debug_ranges   0x00000000      0x798
 .debug_ranges  0x00000000       0x20 Application/SW4STM32/startup_stm32f103xb.o
 .debug_ranges  0x00000020       0x18 Application/User/bootloaderhw.o
 .debug_ranges  0x00000038       0x20 Application/User/can.o
 .debug_ranges  0x00000058       0x10 Application/User/gpio.o
 .debug_ranges  0x00000068       0x20 Application/User/i2c.o
 .debug_ranges  0x00000088       0x20 Application/User/main.o
 .debug_ranges  0x000000a8       0x20 Application/User/spi.o
 .debug_ranges  0x000000c8       0x10 Application/User/stm32f1xx_hal_msp.o
 .debug_ranges  0x000000d8       0x18 Application/User/stm32f1xx_it.o
 .debug_ranges  0x000000f0       0x18 Application/User/test_FLASH_HW.o
 .debug_ranges  0x00000108       0x20 Application/User/usart.o
 .debug_ranges  0x00000128       0x18 Drivers/CMSIS/system_stm32f1xx.o
 .debug_ranges  0x00000140       0xa0 Drivers/STM32F1xx_HAL_Driver/stm32f1xx_hal.o
 .debug_ranges  0x000001e0       0xa0 Drivers/STM32F1xx_HAL_Driver/stm32f1xx_hal_can.o
 .debug_ranges  0x00000280       0x80 Drivers/STM32F1xx_HAL_Driver/stm32f1xx_hal_cortex.o
 .debug_ranges  0x00000300       0x78 Drivers/STM32F1xx_HAL_Driver/stm32f1xx_hal_flash.o
 .debug_ranges  0x00000378       0x48 Drivers/STM32F1xx_HAL_Driver/stm32f1xx_hal_gpio.o
 .debug_ranges  0x000003c0      0x208 Drivers/STM32F1xx_HAL_Driver/stm32f1xx_hal_i2c.o
 .debug_ranges  0x000005c8       0x78 Drivers/STM32F1xx_HAL_Driver/stm32f1xx_hal_rcc.o
 .debug_ranges  0x00000640       0x18 Drivers/STM32F1xx_HAL_Driver/stm32f1xx_hal_spi_ex.o
 .debug_ranges  0x00000658      0x140 Drivers/STM32F1xx_HAL_Driver/stm32f1xx_hal_uart.o

.debug_loc      0x00000000     0x5961
 .debug_loc     0x00000000       0x3c Application/User/bootloaderhw.o
 .debug_loc     0x0000003c       0x4d Application/User/can.o
 .debug_loc     0x00000089       0x4d Application/User/i2c.o
 .debug_loc     0x000000d6       0x4d Application/User/spi.o
 .debug_loc     0x00000123       0x36 Application/User/test_FLASH_HW.o
 .debug_loc     0x00000159       0x4d Application/User/usart.o
 .debug_loc     0x000001a6       0xdf Drivers/CMSIS/system_stm32f1xx.o
 .debug_loc     0x00000285       0x81 Drivers/STM32F1xx_HAL_Driver/stm32f1xx_hal.o
 .debug_loc     0x00000306      0x603 Drivers/STM32F1xx_HAL_Driver/stm32f1xx_hal_can.o
 .debug_loc     0x00000909      0x527 Drivers/STM32F1xx_HAL_Driver/stm32f1xx_hal_cortex.o
 .debug_loc     0x00000e30      0x2c5 Drivers/STM32F1xx_HAL_Driver/stm32f1xx_hal_flash.o
 .debug_loc     0x000010f5      0x377 Drivers/STM32F1xx_HAL_Driver/stm32f1xx_hal_gpio.o
 .debug_loc     0x0000146c     0x2bab Drivers/STM32F1xx_HAL_Driver/stm32f1xx_hal_i2c.o
 .debug_loc     0x00004017      0x8e9 Drivers/STM32F1xx_HAL_Driver/stm32f1xx_hal_rcc.o
 .debug_loc     0x00004900       0x58 Drivers/STM32F1xx_HAL_Driver/stm32f1xx_hal_spi_ex.o
 .debug_loc     0x00004958     0x1009 Drivers/STM32F1xx_HAL_Driver/stm32f1xx_hal_uart.o

.debug_macro    0x00000000    0x19546
 .debug_macro   0x00000000      0x2f8 Application/User/bootloaderhw.o
 .debug_macro   0x000002f8       0x5e Application/User/bootloaderhw.o
 .debug_macro   0x00000356      0x16d Application/User/bootloaderhw.o
 .debug_macro   0x000004c3       0x2e Application/User/bootloaderhw.o
 .debug_macro   0x000004f1       0x22 Application/User/bootloaderhw.o
 .debug_macro   0x00000513       0x34 Application/User/bootloaderhw.o
 .debug_macro   0x00000547       0x34 Application/User/bootloaderhw.o
 .debug_macro   0x0000057b      0xb8e Application/User/bootloaderhw.o
 .debug_macro   0x00001109     0xf2f7 Application/User/bootloaderhw.o
 .debug_macro   0x00010400       0x43 Application/User/bootloaderhw.o
 .debug_macro   0x00010443     0x3383 Application/User/bootloaderhw.o
 .debug_macro   0x000137c6       0x16 Application/User/bootloaderhw.o
 .debug_macro   0x000137dc       0x97 Application/User/bootloaderhw.o
 .debug_macro   0x00013873       0xfd Application/User/bootloaderhw.o
 .debug_macro   0x00013970       0x10 Application/User/bootloaderhw.o
 .debug_macro   0x00013980       0x10 Application/User/bootloaderhw.o
 .debug_macro   0x00013990       0x1c Application/User/bootloaderhw.o
 .debug_macro   0x000139ac       0x52 Application/User/bootloaderhw.o
 .debug_macro   0x000139fe       0x40 Application/User/bootloaderhw.o
 .debug_macro   0x00013a3e       0x10 Application/User/bootloaderhw.o
 .debug_macro   0x00013a4e       0x40 Application/User/bootloaderhw.o
 .debug_macro   0x00013a8e       0xd7 Application/User/bootloaderhw.o
 .debug_macro   0x00013b65       0x16 Application/User/bootloaderhw.o
 .debug_macro   0x00013b7b      0x18b Application/User/bootloaderhw.o
 .debug_macro   0x00013d06       0x50 Application/User/bootloaderhw.o
 .debug_macro   0x00013d56      0x778 Application/User/bootloaderhw.o
 .debug_macro   0x000144ce      0x28b Application/User/bootloaderhw.o
 .debug_macro   0x00014759      0x141 Application/User/bootloaderhw.o
 .debug_macro   0x0001489a      0x197 Application/User/bootloaderhw.o
 .debug_macro   0x00014a31      0x1ae Application/User/bootloaderhw.o
 .debug_macro   0x00014bdf       0x2d Application/User/bootloaderhw.o
 .debug_macro   0x00014c0c       0x3c Application/User/bootloaderhw.o
 .debug_macro   0x00014c48      0x401 Application/User/bootloaderhw.o
 .debug_macro   0x00015049       0x10 Application/User/bootloaderhw.o
 .debug_macro   0x00015059       0x57 Application/User/bootloaderhw.o
 .debug_macro   0x000150b0       0x8c Application/User/bootloaderhw.o
 .debug_macro   0x0001513c      0x242 Application/User/bootloaderhw.o
 .debug_macro   0x0001537e      0x225 Application/User/bootloaderhw.o
 .debug_macro   0x000155a3      0x143 Application/User/bootloaderhw.o
 .debug_macro   0x000156e6      0x1f4 Application/User/bootloaderhw.o
 .debug_macro   0x000158da      0x256 Application/User/bootloaderhw.o
 .debug_macro   0x00015b30       0x7c Application/User/bootloaderhw.o
 .debug_macro   0x00015bac      0x302 Application/User/can.o
 .debug_macro   0x00015eae      0x2f8 Application/User/gpio.o
 .debug_macro   0x000161a6      0x302 Application/User/i2c.o
 .debug_macro   0x000164a8      0x32e Application/User/main.o
 .debug_macro   0x000167d6      0x302 Application/User/spi.o
 .debug_macro   0x00016ad8      0x2ee Application/User/stm32f1xx_hal_msp.o
 .debug_macro   0x00016dc6      0x2f8 Application/User/stm32f1xx_it.o
 .debug_macro   0x000170be      0x2fc Application/User/test_FLASH_HW.o
 .debug_macro   0x000173ba       0x3a Application/User/test_FLASH_HW.o
 .debug_macro   0x000173f4      0x302 Application/User/usart.o
 .debug_macro   0x000176f6      0x2f4 Drivers/CMSIS/system_stm32f1xx.o
 .debug_macro   0x000179ea      0x312 Drivers/STM32F1xx_HAL_Driver/stm32f1xx_hal.o
 .debug_macro   0x00017cfc      0x31d Drivers/STM32F1xx_HAL_Driver/stm32f1xx_hal_can.o
 .debug_macro   0x00018019      0x2ee Drivers/STM32F1xx_HAL_Driver/stm32f1xx_hal_cortex.o
 .debug_macro   0x00018307      0x2ee Drivers/STM32F1xx_HAL_Driver/stm32f1xx_hal_flash.o
 .debug_macro   0x000185f5      0x35e Drivers/STM32F1xx_HAL_Driver/stm32f1xx_hal_gpio.o
 .debug_macro   0x00018953      0x304 Drivers/STM32F1xx_HAL_Driver/stm32f1xx_hal_i2c.o
 .debug_macro   0x00018c57      0x312 Drivers/STM32F1xx_HAL_Driver/stm32f1xx_hal_rcc.o
 .debug_macro   0x00018f69      0x2ee Drivers/STM32F1xx_HAL_Driver/stm32f1xx_hal_spi_ex.o
 .debug_macro   0x00019257      0x2ef Drivers/STM32F1xx_HAL_Driver/stm32f1xx_hal_uart.o

.debug_str      0x00000000    0x8c4b3
 .debug_str     0x00000000    0x895cc Application/User/bootloaderhw.o
                              0x8992e (size before relaxing)
 .debug_str     0x000895cc      0x3cd Application/User/can.o
                              0x89c80 (size before relaxing)
 .debug_str     0x00089999      0x2f7 Application/User/gpio.o
                              0x89c6d (size before relaxing)
 .debug_str     0x00089c90      0x375 Application/User/i2c.o
                              0x89d75 (size before relaxing)
 .debug_str     0x0008a005      0x213 Application/User/main.o
                              0x89dda (size before relaxing)
 .debug_str     0x0008a218      0x210 Application/User/spi.o
                              0x89d61 (size before relaxing)
 .debug_str     0x0008a428       0x8a Application/User/stm32f1xx_hal_msp.o
                              0x89c0f (size before relaxing)
 .debug_str     0x0008a4b2       0xab Application/User/stm32f1xx_it.o
                              0x898f6 (size before relaxing)
 .debug_str     0x0008a55d       0x6c Application/User/test_FLASH_HW.o
                              0x8990a (size before relaxing)
 .debug_str     0x0008a5c9      0x1af Application/User/usart.o
                              0x89d3b (size before relaxing)
 .debug_str     0x0008a778      0x103 Drivers/CMSIS/system_stm32f1xx.o
                              0x899af (size before relaxing)
 .debug_str     0x0008a87b      0x2bd Drivers/STM32F1xx_HAL_Driver/stm32f1xx_hal.o
                              0x89f9b (size before relaxing)
 .debug_str     0x0008ab38      0x350 Drivers/STM32F1xx_HAL_Driver/stm32f1xx_hal_can.o
                              0x89f0b (size before relaxing)
 .debug_str     0x0008ae88      0x237 Drivers/STM32F1xx_HAL_Driver/stm32f1xx_hal_cortex.o
                              0x89f99 (size before relaxing)
 .debug_str     0x0008b0bf      0x27b Drivers/STM32F1xx_HAL_Driver/stm32f1xx_hal_flash.o
                              0x89c17 (size before relaxing)
 .debug_str     0x0008b33a      0x3b4 Drivers/STM32F1xx_HAL_Driver/stm32f1xx_hal_gpio.o
                              0x89d7e (size before relaxing)
 .debug_str     0x0008b6ee      0x71f Drivers/STM32F1xx_HAL_Driver/stm32f1xx_hal_i2c.o
                              0x8a3d0 (size before relaxing)
 .debug_str     0x0008be0d      0x28d Drivers/STM32F1xx_HAL_Driver/stm32f1xx_hal_rcc.o
                              0x89de9 (size before relaxing)
 .debug_str     0x0008c09a       0x8f Drivers/STM32F1xx_HAL_Driver/stm32f1xx_hal_spi_ex.o
                              0x89cdc (size before relaxing)
 .debug_str     0x0008c129      0x38a Drivers/STM32F1xx_HAL_Driver/stm32f1xx_hal_uart.o
                              0x8a06c (size before relaxing)

.comment        0x00000000       0x6e
 .comment       0x00000000       0x6e Application/User/bootloaderhw.o
                                 0x6f (size before relaxing)
 .comment       0x0000006e       0x6f Application/User/can.o
 .comment       0x0000006e       0x6f Application/User/gpio.o
 .comment       0x0000006e       0x6f Application/User/i2c.o
 .comment       0x0000006e       0x6f Application/User/main.o
 .comment       0x0000006e       0x6f Application/User/spi.o
 .comment       0x0000006e       0x6f Application/User/stm32f1xx_hal_msp.o
 .comment       0x0000006e       0x6f Application/User/stm32f1xx_it.o
 .comment       0x0000006e       0x6f Application/User/test_FLASH_HW.o
 .comment       0x0000006e       0x6f Application/User/usart.o
 .comment       0x0000006e       0x6f Drivers/CMSIS/system_stm32f1xx.o
 .comment       0x0000006e       0x6f Drivers/STM32F1xx_HAL_Driver/stm32f1xx_hal.o
 .comment       0x0000006e       0x6f Drivers/STM32F1xx_HAL_Driver/stm32f1xx_hal_can.o
 .comment       0x0000006e       0x6f Drivers/STM32F1xx_HAL_Driver/stm32f1xx_hal_cortex.o
 .comment       0x0000006e       0x6f Drivers/STM32F1xx_HAL_Driver/stm32f1xx_hal_flash.o
 .comment       0x0000006e       0x6f Drivers/STM32F1xx_HAL_Driver/stm32f1xx_hal_gpio.o
 .comment       0x0000006e       0x6f Drivers/STM32F1xx_HAL_Driver/stm32f1xx_hal_i2c.o
 .comment       0x0000006e       0x6f Drivers/STM32F1xx_HAL_Driver/stm32f1xx_hal_rcc.o
 .comment       0x0000006e       0x6f Drivers/STM32F1xx_HAL_Driver/stm32f1xx_hal_spi_ex.o
 .comment       0x0000006e       0x6f Drivers/STM32F1xx_HAL_Driver/stm32f1xx_hal_uart.o

.debug_frame    0x00000000     0x15f4
 .debug_frame   0x00000000       0x40 Application/User/bootloaderhw.o
 .debug_frame   0x00000040       0x64 Application/User/can.o
 .debug_frame   0x000000a4       0x34 Application/User/gpio.o
 .debug_frame   0x000000d8       0x60 Application/User/i2c.o
 .debug_frame   0x00000138       0x54 Application/User/main.o
 .debug_frame   0x0000018c       0x64 Application/User/spi.o
 .debug_frame   0x000001f0       0x2c Application/User/stm32f1xx_hal_msp.o
 .debug_frame   0x0000021c       0x40 Application/User/stm32f1xx_it.o
 .debug_frame   0x0000025c       0x40 Application/User/test_FLASH_HW.o
 .debug_frame   0x0000029c       0x64 Application/User/usart.o
 .debug_frame   0x00000300       0x30 Drivers/CMSIS/system_stm32f1xx.o
 .debug_frame   0x00000330      0x168 Drivers/STM32F1xx_HAL_Driver/stm32f1xx_hal.o
 .debug_frame   0x00000498      0x200 Drivers/STM32F1xx_HAL_Driver/stm32f1xx_hal_can.o
 .debug_frame   0x00000698      0x124 Drivers/STM32F1xx_HAL_Driver/stm32f1xx_hal_cortex.o
 .debug_frame   0x000007bc      0x134 Drivers/STM32F1xx_HAL_Driver/stm32f1xx_hal_flash.o
 .debug_frame   0x000008f0       0xc4 Drivers/STM32F1xx_HAL_Driver/stm32f1xx_hal_gpio.o
 .debug_frame   0x000009b4      0x708 Drivers/STM32F1xx_HAL_Driver/stm32f1xx_hal_i2c.o
 .debug_frame   0x000010bc      0x158 Drivers/STM32F1xx_HAL_Driver/stm32f1xx_hal_rcc.o
 .debug_frame   0x00001214       0x3c Drivers/STM32F1xx_HAL_Driver/stm32f1xx_hal_spi_ex.o
 .debug_frame   0x00001250      0x378 Drivers/STM32F1xx_HAL_Driver/stm32f1xx_hal_uart.o
 .debug_frame   0x000015c8       0x2c c:/ac6/systemworkbench/plugins/fr.ac6.mcu.externaltools.arm-none.win32_1.13.2.201703061525/tools/compiler/bin/../lib/gcc/arm-none-eabi/5.4.1/../../../../arm-none-eabi/lib/armv7-m\libc_nano.a(lib_a-init.o)
