Archive member included to satisfy reference by file (symbol)

c:/ac6/systemworkbench/plugins/fr.ac6.mcu.externaltools.arm-none.win32_1.13.2.201703061525/tools/compiler/bin/../lib/gcc/arm-none-eabi/5.4.1/../../../../arm-none-eabi/lib/armv7-m\libc_nano.a(lib_a-exit.o)
                              c:/ac6/systemworkbench/plugins/fr.ac6.mcu.externaltools.arm-none.win32_1.13.2.201703061525/tools/compiler/bin/../lib/gcc/arm-none-eabi/5.4.1/../../../../arm-none-eabi/lib/armv7-m/crt0.o (exit)
c:/ac6/systemworkbench/plugins/fr.ac6.mcu.externaltools.arm-none.win32_1.13.2.201703061525/tools/compiler/bin/../lib/gcc/arm-none-eabi/5.4.1/../../../../arm-none-eabi/lib/armv7-m\libc_nano.a(lib_a-impure.o)
                              c:/ac6/systemworkbench/plugins/fr.ac6.mcu.externaltools.arm-none.win32_1.13.2.201703061525/tools/compiler/bin/../lib/gcc/arm-none-eabi/5.4.1/../../../../arm-none-eabi/lib/armv7-m\libc_nano.a(lib_a-exit.o) (_global_impure_ptr)
c:/ac6/systemworkbench/plugins/fr.ac6.mcu.externaltools.arm-none.win32_1.13.2.201703061525/tools/compiler/bin/../lib/gcc/arm-none-eabi/5.4.1/../../../../arm-none-eabi/lib/armv7-m\libc_nano.a(lib_a-init.o)
                              c:/ac6/systemworkbench/plugins/fr.ac6.mcu.externaltools.arm-none.win32_1.13.2.201703061525/tools/compiler/bin/../lib/gcc/arm-none-eabi/5.4.1/../../../../arm-none-eabi/lib/armv7-m/crt0.o (__libc_init_array)
c:/ac6/systemworkbench/plugins/fr.ac6.mcu.externaltools.arm-none.win32_1.13.2.201703061525/tools/compiler/bin/../lib/gcc/arm-none-eabi/5.4.1/../../../../arm-none-eabi/lib/armv7-m\libc_nano.a(lib_a-memset.o)
                              c:/ac6/systemworkbench/plugins/fr.ac6.mcu.externaltools.arm-none.win32_1.13.2.201703061525/tools/compiler/bin/../lib/gcc/arm-none-eabi/5.4.1/../../../../arm-none-eabi/lib/armv7-m/crt0.o (memset)
c:/ac6/systemworkbench/plugins/fr.ac6.mcu.externaltools.arm-none.win32_1.13.2.201703061525/tools/compiler/bin/../lib/gcc/arm-none-eabi/5.4.1/../../../../arm-none-eabi/lib/armv7-m\libnosys.a(_exit.o)
                              c:/ac6/systemworkbench/plugins/fr.ac6.mcu.externaltools.arm-none.win32_1.13.2.201703061525/tools/compiler/bin/../lib/gcc/arm-none-eabi/5.4.1/../../../../arm-none-eabi/lib/armv7-m\libc_nano.a(lib_a-exit.o) (_exit)

Allocating common symbols
Common symbol       size              file

hspi2               0x58              Application/User/spi.o
hi2c1               0x3c              Application/User/i2c.o
hcan                0x40              Application/User/can.o
pFlash              0x20              Drivers/STM32F1xx_HAL_Driver/stm32f1xx_hal_flash.o
htim3               0x3c              Application/User/tim.o
hdma_usart1_tx      0x38              Application/User/usart.o
huart1              0x40              Application/User/usart.o
htim1               0x3c              Application/User/tim.o
htim2               0x3c              Application/User/tim.o

Discarded input sections

 .text          0x00000000        0x0 c:/ac6/systemworkbench/plugins/fr.ac6.mcu.externaltools.arm-none.win32_1.13.2.201703061525/tools/compiler/bin/../lib/gcc/arm-none-eabi/5.4.1/armv7-m/crti.o
 .data          0x00000000        0x0 c:/ac6/systemworkbench/plugins/fr.ac6.mcu.externaltools.arm-none.win32_1.13.2.201703061525/tools/compiler/bin/../lib/gcc/arm-none-eabi/5.4.1/armv7-m/crti.o
 .bss           0x00000000        0x0 c:/ac6/systemworkbench/plugins/fr.ac6.mcu.externaltools.arm-none.win32_1.13.2.201703061525/tools/compiler/bin/../lib/gcc/arm-none-eabi/5.4.1/armv7-m/crti.o
 .data          0x00000000        0x4 c:/ac6/systemworkbench/plugins/fr.ac6.mcu.externaltools.arm-none.win32_1.13.2.201703061525/tools/compiler/bin/../lib/gcc/arm-none-eabi/5.4.1/armv7-m/crtbegin.o
 .text          0x00000000       0x74 c:/ac6/systemworkbench/plugins/fr.ac6.mcu.externaltools.arm-none.win32_1.13.2.201703061525/tools/compiler/bin/../lib/gcc/arm-none-eabi/5.4.1/../../../../arm-none-eabi/lib/armv7-m/crt0.o
 .data          0x00000000        0x0 c:/ac6/systemworkbench/plugins/fr.ac6.mcu.externaltools.arm-none.win32_1.13.2.201703061525/tools/compiler/bin/../lib/gcc/arm-none-eabi/5.4.1/../../../../arm-none-eabi/lib/armv7-m/crt0.o
 .bss           0x00000000        0x0 c:/ac6/systemworkbench/plugins/fr.ac6.mcu.externaltools.arm-none.win32_1.13.2.201703061525/tools/compiler/bin/../lib/gcc/arm-none-eabi/5.4.1/../../../../arm-none-eabi/lib/armv7-m/crt0.o
 .ARM.extab     0x00000000        0x0 c:/ac6/systemworkbench/plugins/fr.ac6.mcu.externaltools.arm-none.win32_1.13.2.201703061525/tools/compiler/bin/../lib/gcc/arm-none-eabi/5.4.1/../../../../arm-none-eabi/lib/armv7-m/crt0.o
 .ARM.exidx     0x00000000        0x8 c:/ac6/systemworkbench/plugins/fr.ac6.mcu.externaltools.arm-none.win32_1.13.2.201703061525/tools/compiler/bin/../lib/gcc/arm-none-eabi/5.4.1/../../../../arm-none-eabi/lib/armv7-m/crt0.o
 .ARM.attributes
[...]
Memory Configuration

Name             Origin             Length             Attributes
RAM              0x20000000         0x00005000         xrw
FLASH            0x08000000         0x00020000         xr
*default*        0x00000000         0xffffffff

Linker script and memory map

LOAD c:/ac6/systemworkbench/plugins/fr.ac6.mcu.externaltools.arm-none.win32_1.13.2.201703061525/tools/compiler/bin/../lib/gcc/arm-none-eabi/5.4.1/armv7-m/crti.o
LOAD c:/ac6/systemworkbench/plugins/fr.ac6.mcu.externaltools.arm-none.win32_1.13.2.201703061525/tools/compiler/bin/../lib/gcc/arm-none-eabi/5.4.1/armv7-m/crtbegin.o
LOAD c:/ac6/systemworkbench/plugins/fr.ac6.mcu.externaltools.arm-none.win32_1.13.2.201703061525/tools/compiler/bin/../lib/gcc/arm-none-eabi/5.4.1/../../../../arm-none-eabi/lib/armv7-m/crt0.o
LOAD c:/ac6/systemworkbench/plugins/fr.ac6.mcu.externaltools.arm-none.win32_1.13.2.201703061525/tools/compiler/bin/../lib/gcc/arm-none-eabi/5.4.1/../../../../arm-none-eabi/lib/armv7-m\libm.a
LOAD Application/SW4STM32/startup_stm32f103xb.o
LOAD Application/User/bootlib.o
LOAD Application/User/bootloaderhw.o
LOAD Application/User/can.o
LOAD Application/User/com_interface.o
LOAD Application/User/dma.o
LOAD Application/User/gpio.o
LOAD Application/User/i2c.o
LOAD Application/User/main.o
LOAD Application/User/spi.o
LOAD Application/User/stm32f1xx_hal_msp.o
LOAD Application/User/stm32f1xx_it.o
LOAD Application/User/test_FLASH_HW.o
LOAD Application/User/test_comm.o
LOAD Application/User/tim.o
LOAD Application/User/usart.o
LOAD Drivers/CMSIS/system_stm32f1xx.o
LOAD Drivers/STM32F1xx_HAL_Driver/stm32f1xx_hal.o
LOAD Drivers/STM32F1xx_HAL_Driver/stm32f1xx_hal_can.o
LOAD Drivers/STM32F1xx_HAL_Driver/stm32f1xx_hal_cortex.o
LOAD Drivers/STM32F1xx_HAL_Driver/stm32f1xx_hal_dma.o
LOAD Drivers/STM32F1xx_HAL_Driver/stm32f1xx_hal_flash.o
LOAD Drivers/STM32F1xx_HAL_Driver/stm32f1xx_hal_flash_ex.o
LOAD Drivers/STM32F1xx_HAL_Driver/stm32f1xx_hal_gpio.o
LOAD Drivers/STM32F1xx_HAL_Driver/stm32f1xx_hal_gpio_ex.o
LOAD Drivers/STM32F1xx_HAL_Driver/stm32f1xx_hal_i2c.o
LOAD Drivers/STM32F1xx_HAL_Driver/stm32f1xx_hal_pwr.o
LOAD Drivers/STM32F1xx_HAL_Driver/stm32f1xx_hal_rcc.o
LOAD Drivers/STM32F1xx_HAL_Driver/stm32f1xx_hal_rcc_ex.o
LOAD Drivers/STM32F1xx_HAL_Driver/stm32f1xx_hal_spi.o
LOAD Drivers/STM32F1xx_HAL_Driver/stm32f1xx_hal_spi_ex.o
LOAD Drivers/STM32F1xx_HAL_Driver/stm32f1xx_hal_tim.o
LOAD Drivers/STM32F1xx_HAL_Driver/stm32f1xx_hal_tim_ex.o
LOAD Drivers/STM32F1xx_HAL_Driver/stm32f1xx_hal_uart.o
START GROUP
LOAD c:/ac6/systemworkbench/plugins/fr.ac6.mcu.externaltools.arm-none.win32_1.13.2.201703061525/tools/compiler/bin/../lib/gcc/arm-none-eabi/5.4.1/armv7-m\libgcc.a
LOAD c:/ac6/systemworkbench/plugins/fr.ac6.mcu.externaltools.arm-none.win32_1.13.2.201703061525/tools/compiler/bin/../lib/gcc/arm-none-eabi/5.4.1/../../../../arm-none-eabi/lib/armv7-m\libc_nano.a
END GROUP
START GROUP
LOAD c:/ac6/systemworkbench/plugins/fr.ac6.mcu.externaltools.arm-none.win32_1.13.2.201703061525/tools/compiler/bin/../lib/gcc/arm-none-eabi/5.4.1/armv7-m\libgcc.a
LOAD c:/ac6/systemworkbench/plugins/fr.ac6.mcu.externaltools.arm-none.win32_1.13.2.201703061525/tools/compiler/bin/../lib/gcc/arm-none-eabi/5.4.1/../../../../arm-none-eabi/lib/armv7-m\libc_nano.a
LOAD c:/ac6/systemworkbench/plugins/fr.ac6.mcu.externaltools.arm-none.win32_1.13.2.201703061525/tools/compiler/bin/../lib/gcc/arm-none-eabi/5.4.1/../../../../arm-none-eabi/lib/armv7-m\libnosys.a
END GROUP
START GROUP
LOAD c:/ac6/systemworkbench/plugins/fr.ac6.mcu.externaltools.arm-none.win32_1.13.2.201703061525/tools/compiler/bin/../lib/gcc/arm-none-eabi/5.4.1/armv7-m\libgcc.a
LOAD c:/ac6/systemworkbench/plugins/fr.ac6.mcu.externaltools.arm-none.win32_1.13.2.201703061525/tools/compiler/bin/../lib/gcc/arm-none-eabi/5.4.1/../../../../arm-none-eabi/lib/armv7-m\libc_nano.a
LOAD c:/ac6/systemworkbench/plugins/fr.ac6.mcu.externaltools.arm-none.win32_1.13.2.201703061525/tools/compiler/bin/../lib/gcc/arm-none-eabi/5.4.1/../../../../arm-none-eabi/lib/armv7-m\libnosys.a
END GROUP
LOAD c:/ac6/systemworkbench/plugins/fr.ac6.mcu.externaltools.arm-none.win32_1.13.2.201703061525/tools/compiler/bin/../lib/gcc/arm-none-eabi/5.4.1/armv7-m/crtend.o
LOAD c:/ac6/systemworkbench/plugins/fr.ac6.mcu.externaltools.arm-none.win32_1.13.2.201703061525/tools/compiler/bin/../lib/gcc/arm-none-eabi/5.4.1/armv7-m/crtn.o
                0x20005000                _estack = 0x20005000
                0x00000200                _Min_Heap_Size = 0x200
                0x00000400                _Min_Stack_Size = 0x400

.isr_vector     0x08000000      0x10c
                0x08000000                . = ALIGN (0x4)
 *(.isr_vector)
 .isr_vector    0x08000000      0x10c Application/SW4STM32/startup_stm32f103xb.o
                0x08000000                g_pfnVectors
                0x0800010c                . = ALIGN (0x4)

.text           0x0800010c     0x2678
                0x0800010c                . = ALIGN (0x4)
 *(.text)
 .text          0x0800010c       0x5c c:/ac6/systemworkbench/plugins/fr.ac6.mcu.externaltools.arm-none.win32_1.13.2.201703061525/tools/compiler/bin/../lib/gcc/arm-none-eabi/5.4.1/armv7-m/crtbegin.o
 *(.text*)
 .text.Reset_Handler
                0x08000168       0x48 Application/SW4STM32/startup_stm32f103xb.o
                0x08000168                Reset_Handler
 .text.Default_Handler
                0x080001b0        0x2 Application/SW4STM32/startup_stm32f103xb.o
                0x080001b0                RTC_Alarm_IRQHandler
                0x080001b0                EXTI2_IRQHandler
                0x080001b0                DebugMon_Handler
                0x080001b0                TIM1_CC_IRQHandler
                0x080001b0                HardFault_Handler
                0x080001b0                PVD_IRQHandler
                0x080001b0                PendSV_Handler
                0x080001b0                NMI_Handler
                0x080001b0                EXTI3_IRQHandler
                0x080001b0                EXTI0_IRQHandler
                0x080001b0                I2C2_EV_IRQHandler
                0x080001b0                UsageFault_Handler
                0x080001b0                ADC1_2_IRQHandler
                0x080001b0                SPI1_IRQHandler
                0x080001b0                TAMPER_IRQHandler
                0x080001b0                USART3_IRQHandler
                0x080001b0                RTC_IRQHandler
                0x080001b0                DMA1_Channel7_IRQHandler
                0x080001b0                CAN1_RX1_IRQHandler
                0x080001b0                TIM4_IRQHandler
                0x080001b0                I2C1_EV_IRQHandler
                0x080001b0                DMA1_Channel6_IRQHandler
                0x080001b0                RCC_IRQHandler
                0x080001b0                TIM1_TRG_COM_IRQHandler
                0x080001b0                DMA1_Channel1_IRQHandler
                0x080001b0                Default_Handler
                0x080001b0                EXTI9_5_IRQHandler
                0x080001b0                SPI2_IRQHandler
                0x080001b0                MemManage_Handler
                0x080001b0                SVC_Handler
                0x080001b0                DMA1_Channel5_IRQHandler
                0x080001b0                EXTI4_IRQHandler
                0x080001b0                USB_LP_CAN1_RX0_IRQHandler
                0x080001b0                USB_HP_CAN1_TX_IRQHandler
                0x080001b0                DMA1_Channel3_IRQHandler
                0x080001b0                WWDG_IRQHandler
                0x080001b0                EXTI1_IRQHandler
                0x080001b0                USART2_IRQHandler
                0x080001b0                I2C2_ER_IRQHandler
                0x080001b0                DMA1_Channel2_IRQHandler
                0x080001b0                CAN1_SCE_IRQHandler
                0x080001b0                FLASH_IRQHandler
                0x080001b0                BusFault_Handler
                0x080001b0                I2C1_ER_IRQHandler
                0x080001b0                USBWakeUp_IRQHandler
 *fill*         0x080001b2        0x2 
 .text.Bootloader_SplitFlash
                0x080001b4       0x1c Application/User/bootlib.o
                0x080001b4                Bootloader_SplitFlash
 .text.Bootloader_CalculateSectorForStorage
                0x080001d0       0x2c Application/User/bootlib.o
                0x080001d0                Bootloader_CalculateSectorForStorage
 .text.Bootloader_CalculateSectorForApp
                0x080001fc       0x2c Application/User/bootlib.o
                0x080001fc                Bootloader_CalculateSectorForApp
 .text.Bootloader_Read
                0x08000228       0x80 Application/User/bootloaderhw.o
 .text.Bootloader_Erase
                0x080002a8       0x2c Application/User/bootloaderhw.o
 .text.Bootloader_Write
                0x080002d4       0x38 Application/User/bootloaderhw.o
 .text.Bootloader_WriteStorage
                0x0800030c       0x38 Application/User/bootloaderhw.o
 .text.Bootloader_EraseStorage
                0x08000344       0x34 Application/User/bootloaderhw.o
                0x08000344                Bootloader_EraseStorage
 .text.Bootloader_Init
                0x08000378       0x44 Application/User/bootloaderhw.o
                0x08000378                Bootloader_Init
 .text.Bootloader_WriteStorage8
                0x080003bc       0x1c Application/User/bootloaderhw.o
                0x080003bc                Bootloader_WriteStorage8
 .text.MX_CAN_Init
                0x080003d8       0x38 Application/User/can.o
                0x080003d8                MX_CAN_Init
 .text.HAL_CAN_MspInit
                0x08000410       0x5c Application/User/can.o
                0x08000410                HAL_CAN_MspInit
 .text.Send_Char
                0x0800046c       0x18 Application/User/com_interface.o
                0x0800046c                Send_Char
 .text.MX_DMA_Init
                0x08000484       0x34 Application/User/dma.o
                0x08000484                MX_DMA_Init
 .text.MX_GPIO_Init
                0x080004b8       0xb8 Application/User/gpio.o
                0x080004b8                MX_GPIO_Init
 .text.MX_I2C1_Init
                0x08000570       0x38 Application/User/i2c.o
                0x08000570                MX_I2C1_Init
 .text.HAL_I2C_MspInit
                0x080005a8       0x48 Application/User/i2c.o
                0x080005a8                HAL_I2C_MspInit
 .text.Error_Handler
                0x080005f0        0x4 Application/User/main.o
                0x080005f0                Error_Handler
 .text.SystemClock_Config
                0x080005f4       0x74 Application/User/main.o
                0x080005f4                SystemClock_Config
 .text.main     0x08000668       0x28 Application/User/main.o
                0x08000668                main
 .text.MX_SPI2_Init
                0x08000690       0x40 Application/User/spi.o
                0x08000690                MX_SPI2_Init
 .text.HAL_SPI_MspInit
                0x080006d0       0x5c Application/User/spi.o
                0x080006d0                HAL_SPI_MspInit
 .text.HAL_MspInit
                0x0800072c       0x90 Application/User/stm32f1xx_hal_msp.o
                0x0800072c                HAL_MspInit
 .text.SysTick_Handler
                0x080007bc       0x18 Application/User/stm32f1xx_it.o
                0x080007bc                SysTick_Handler
 .text.DMA1_Channel4_IRQHandler
                0x080007d4       0x10 Application/User/stm32f1xx_it.o
                0x080007d4                DMA1_Channel4_IRQHandler
 .text.TIM1_BRK_IRQHandler
                0x080007e4       0x10 Application/User/stm32f1xx_it.o
                0x080007e4                TIM1_BRK_IRQHandler
 .text.TIM1_UP_IRQHandler
                0x080007f4       0x10 Application/User/stm32f1xx_it.o
                0x080007f4                TIM1_UP_IRQHandler
 .text.TIM2_IRQHandler
                0x08000804       0x10 Application/User/stm32f1xx_it.o
                0x08000804                TIM2_IRQHandler
 .text.TIM3_IRQHandler
                0x08000814       0x10 Application/User/stm32f1xx_it.o
                0x08000814                TIM3_IRQHandler
 .text.USART1_IRQHandler
                0x08000824       0x18 Application/User/stm32f1xx_it.o
                0x08000824                USART1_IRQHandler
 .text.EXTI15_10_IRQHandler
                0x0800083c        0xc Application/User/stm32f1xx_it.o
                0x0800083c                EXTI15_10_IRQHandler
 .text.test_WriteLargerThanAvailableFiles
                0x08000848      0x114 Application/User/test_comm.o
                0x08000848                test_WriteLargerThanAvailableFiles
 .text.runAllCommTest
                0x0800095c       0x24 Application/User/test_comm.o
                0x0800095c                runAllCommTest
 .text.MX_USART1_UART_Init
                0x08000980       0x34 Application/User/usart.o
                0x08000980                MX_USART1_UART_Init
 .text.HAL_UART_MspInit
                0x080009b4       0xa0 Application/User/usart.o
                0x080009b4                HAL_UART_MspInit
 .text.SystemInit
                0x08000a54       0x4c Drivers/CMSIS/system_stm32f1xx.o
                0x08000a54                SystemInit
 .text.HAL_InitTick
                0x08000aa0       0x28 Drivers/STM32F1xx_HAL_Driver/stm32f1xx_hal.o
                0x08000aa0                HAL_InitTick
 .text.HAL_Init
                0x08000ac8       0x24 Drivers/STM32F1xx_HAL_Driver/stm32f1xx_hal.o
                0x08000ac8                HAL_Init
 .text.HAL_IncTick
                0x08000aec       0x10 Drivers/STM32F1xx_HAL_Driver/stm32f1xx_hal.o
                0x08000aec                HAL_IncTick
 .text.HAL_GetTick
                0x08000afc        0xc Drivers/STM32F1xx_HAL_Driver/stm32f1xx_hal.o
                0x08000afc                HAL_GetTick
 .text.HAL_Delay
                0x08000b08       0x1c Drivers/STM32F1xx_HAL_Driver/stm32f1xx_hal.o
                0x08000b08                HAL_Delay
 .text.HAL_CAN_Init
                0x08000b24      0x12c Drivers/STM32F1xx_HAL_Driver/stm32f1xx_hal_can.o
                0x08000b24                HAL_CAN_Init
 .text.HAL_NVIC_SetPriorityGrouping
                0x08000c50       0x24 Drivers/STM32F1xx_HAL_Driver/stm32f1xx_hal_cortex.o
                0x08000c50                HAL_NVIC_SetPriorityGrouping
 .text.HAL_NVIC_SetPriority
                0x08000c74       0x64 Drivers/STM32F1xx_HAL_Driver/stm32f1xx_hal_cortex.o
                0x08000c74                HAL_NVIC_SetPriority
 .text.HAL_NVIC_EnableIRQ
                0x08000cd8       0x18 Drivers/STM32F1xx_HAL_Driver/stm32f1xx_hal_cortex.o
                0x08000cd8                HAL_NVIC_EnableIRQ
 .text.HAL_SYSTICK_Config
                0x08000cf0       0x2c Drivers/STM32F1xx_HAL_Driver/stm32f1xx_hal_cortex.o
                0x08000cf0                HAL_SYSTICK_Config
 .text.HAL_SYSTICK_CLKSourceConfig
                0x08000d1c       0x20 Drivers/STM32F1xx_HAL_Driver/stm32f1xx_hal_cortex.o
                0x08000d1c                HAL_SYSTICK_CLKSourceConfig
 .text.HAL_SYSTICK_Callback
                0x08000d3c        0x4 Drivers/STM32F1xx_HAL_Driver/stm32f1xx_hal_cortex.o
                0x08000d3c                HAL_SYSTICK_Callback
 .text.HAL_SYSTICK_IRQHandler
                0x08000d40        0x8 Drivers/STM32F1xx_HAL_Driver/stm32f1xx_hal_cortex.o
                0x08000d40                HAL_SYSTICK_IRQHandler
 .text.HAL_DMA_Init
                0x08000d48       0x54 Drivers/STM32F1xx_HAL_Driver/stm32f1xx_hal_dma.o
                0x08000d48                HAL_DMA_Init
 .text.HAL_DMA_IRQHandler
                0x08000d9c      0x270 Drivers/STM32F1xx_HAL_Driver/stm32f1xx_hal_dma.o
                0x08000d9c                HAL_DMA_IRQHandler
 .text.FLASH_Program_HalfWord
                0x0800100c       0x1c Drivers/STM32F1xx_HAL_Driver/stm32f1xx_hal_flash.o
 .text.FLASH_SetErrorCode
                0x08001028       0x58 Drivers/STM32F1xx_HAL_Driver/stm32f1xx_hal_flash.o
 .text.HAL_FLASH_Unlock
                0x08001080       0x28 Drivers/STM32F1xx_HAL_Driver/stm32f1xx_hal_flash.o
                0x08001080                HAL_FLASH_Unlock
 .text.HAL_FLASH_Lock
                0x080010a8       0x14 Drivers/STM32F1xx_HAL_Driver/stm32f1xx_hal_flash.o
                0x080010a8                HAL_FLASH_Lock
 .text.FLASH_WaitForLastOperation
                0x080010bc       0x70 Drivers/STM32F1xx_HAL_Driver/stm32f1xx_hal_flash.o
                0x080010bc                FLASH_WaitForLastOperation
 .text.HAL_FLASH_Program
                0x0800112c       0xa0 Drivers/STM32F1xx_HAL_Driver/stm32f1xx_hal_flash.o
                0x0800112c                HAL_FLASH_Program
 .text.FLASH_MassErase
                0x080011cc       0x24 Drivers/STM32F1xx_HAL_Driver/stm32f1xx_hal_flash_ex.o
 .text.FLASH_PageErase
                0x080011f0       0x24 Drivers/STM32F1xx_HAL_Driver/stm32f1xx_hal_flash_ex.o
                0x080011f0                FLASH_PageErase
 .text.HAL_FLASHEx_Erase
                0x08001214       0xa4 Drivers/STM32F1xx_HAL_Driver/stm32f1xx_hal_flash_ex.o
                0x08001214                HAL_FLASHEx_Erase
 .text.HAL_GPIO_Init
                0x080012b8      0x1d8 Drivers/STM32F1xx_HAL_Driver/stm32f1xx_hal_gpio.o
                0x080012b8                HAL_GPIO_Init
 .text.HAL_GPIO_WritePin
                0x08001490        0xc Drivers/STM32F1xx_HAL_Driver/stm32f1xx_hal_gpio.o
                0x08001490                HAL_GPIO_WritePin
 .text.HAL_GPIO_TogglePin
                0x0800149c        0x8 Drivers/STM32F1xx_HAL_Driver/stm32f1xx_hal_gpio.o
                0x0800149c                HAL_GPIO_TogglePin
 .text.HAL_GPIO_EXTI_Callback
                0x080014a4        0x4 Drivers/STM32F1xx_HAL_Driver/stm32f1xx_hal_gpio.o
                0x080014a4                HAL_GPIO_EXTI_Callback
 .text.HAL_GPIO_EXTI_IRQHandler
                0x080014a8       0x18 Drivers/STM32F1xx_HAL_Driver/stm32f1xx_hal_gpio.o
                0x080014a8                HAL_GPIO_EXTI_IRQHandler
 .text.I2C_Configure_Speed
                0x080014c0       0x4c Drivers/STM32F1xx_HAL_Driver/stm32f1xx_hal_i2c.o
 .text.HAL_I2C_Init
                0x0800150c       0xb4 Drivers/STM32F1xx_HAL_Driver/stm32f1xx_hal_i2c.o
                0x0800150c                HAL_I2C_Init
 .text.HAL_RCC_OscConfig
                0x080015c0      0x5ec Drivers/STM32F1xx_HAL_Driver/stm32f1xx_hal_rcc.o
                0x080015c0                HAL_RCC_OscConfig
 .text.HAL_RCC_GetSysClockFreq
                0x08001bac       0x94 Drivers/STM32F1xx_HAL_Driver/stm32f1xx_hal_rcc.o
                0x08001bac                HAL_RCC_GetSysClockFreq
 .text.HAL_RCC_ClockConfig
                0x08001c40      0x1e4 Drivers/STM32F1xx_HAL_Driver/stm32f1xx_hal_rcc.o
                0x08001c40                HAL_RCC_ClockConfig
 .text.HAL_RCC_GetHCLKFreq
                0x08001e24        0xc Drivers/STM32F1xx_HAL_Driver/stm32f1xx_hal_rcc.o
                0x08001e24                HAL_RCC_GetHCLKFreq
 .text.HAL_RCC_GetPCLK1Freq
                0x08001e30       0x30 Drivers/STM32F1xx_HAL_Driver/stm32f1xx_hal_rcc.o
                0x08001e30                HAL_RCC_GetPCLK1Freq
 .text.HAL_RCC_GetPCLK2Freq
                0x08001e60       0x30 Drivers/STM32F1xx_HAL_Driver/stm32f1xx_hal_rcc.o
                0x08001e60                HAL_RCC_GetPCLK2Freq
 .text.HAL_SPI_Init
                0x08001e90       0x88 Drivers/STM32F1xx_HAL_Driver/stm32f1xx_hal_spi_ex.o
                0x08001e90                HAL_SPI_Init
 .text.HAL_TIM_PeriodElapsedCallback
                0x08001f18        0x4 Drivers/STM32F1xx_HAL_Driver/stm32f1xx_hal_tim.o
                0x08001f18                HAL_TIM_PeriodElapsedCallback
 .text.HAL_TIM_OC_DelayElapsedCallback
                0x08001f1c        0x4 Drivers/STM32F1xx_HAL_Driver/stm32f1xx_hal_tim.o
                0x08001f1c                HAL_TIM_OC_DelayElapsedCallback
 .text.HAL_TIM_IC_CaptureCallback
                0x08001f20        0x4 Drivers/STM32F1xx_HAL_Driver/stm32f1xx_hal_tim.o
                0x08001f20                HAL_TIM_IC_CaptureCallback
 .text.HAL_TIM_PWM_PulseFinishedCallback
                0x08001f24        0x4 Drivers/STM32F1xx_HAL_Driver/stm32f1xx_hal_tim.o
                0x08001f24                HAL_TIM_PWM_PulseFinishedCallback
 .text.HAL_TIM_TriggerCallback
                0x08001f28        0x4 Drivers/STM32F1xx_HAL_Driver/stm32f1xx_hal_tim.o
                0x08001f28                HAL_TIM_TriggerCallback
 .text.HAL_TIM_IRQHandler
                0x08001f2c      0x174 Drivers/STM32F1xx_HAL_Driver/stm32f1xx_hal_tim.o
                0x08001f2c                HAL_TIM_IRQHandler
 .text.HAL_TIMEx_CommutationCallback
                0x080020a0        0x4 Drivers/STM32F1xx_HAL_Driver/stm32f1xx_hal_tim_ex.o
                0x080020a0                HAL_TIMEx_CommutationCallback
 .text.HAL_TIMEx_BreakCallback
                0x080020a4        0x4 Drivers/STM32F1xx_HAL_Driver/stm32f1xx_hal_tim_ex.o
                0x080020a4                HAL_TIMEx_BreakCallback
 .text.UART_Transmit_IT
                0x080020a8       0x6c Drivers/STM32F1xx_HAL_Driver/stm32f1xx_hal_uart.o
 .text.UART_SetConfig
                0x08002114      0x1bc Drivers/STM32F1xx_HAL_Driver/stm32f1xx_hal_uart.o
 .text.UART_WaitOnFlagUntilTimeout
                0x080022d0       0xd4 Drivers/STM32F1xx_HAL_Driver/stm32f1xx_hal_uart.o
 .text.HAL_UART_Init
                0x080023a4       0x60 Drivers/STM32F1xx_HAL_Driver/stm32f1xx_hal_uart.o
                0x080023a4                HAL_UART_Init
 .text.HAL_UART_Transmit
                0x08002404       0xec Drivers/STM32F1xx_HAL_Driver/stm32f1xx_hal_uart.o
                0x08002404                HAL_UART_Transmit
 .text.HAL_UART_Receive_IT
                0x080024f0       0x80 Drivers/STM32F1xx_HAL_Driver/stm32f1xx_hal_uart.o
                0x080024f0                HAL_UART_Receive_IT
 .text.HAL_UART_TxCpltCallback
                0x08002570        0x4 Drivers/STM32F1xx_HAL_Driver/stm32f1xx_hal_uart.o
                0x08002570                HAL_UART_TxCpltCallback
 .text.UART_EndTransmit_IT
                0x08002574       0x2c Drivers/STM32F1xx_HAL_Driver/stm32f1xx_hal_uart.o
 .text.HAL_UART_RxCpltCallback
                0x080025a0        0x4 Drivers/STM32F1xx_HAL_Driver/stm32f1xx_hal_uart.o
                0x080025a0                HAL_UART_RxCpltCallback
 .text.UART_Receive_IT
                0x080025a4       0xb4 Drivers/STM32F1xx_HAL_Driver/stm32f1xx_hal_uart.o
 .text.HAL_UART_ErrorCallback
                0x08002658        0x4 Drivers/STM32F1xx_HAL_Driver/stm32f1xx_hal_uart.o
                0x08002658                HAL_UART_ErrorCallback
 .text.HAL_UART_IRQHandler
                0x0800265c       0xc4 Drivers/STM32F1xx_HAL_Driver/stm32f1xx_hal_uart.o
                0x0800265c                HAL_UART_IRQHandler
 .text.__libc_init_array
                0x08002720       0x4c c:/ac6/systemworkbench/plugins/fr.ac6.mcu.externaltools.arm-none.win32_1.13.2.201703061525/tools/compiler/bin/../lib/gcc/arm-none-eabi/5.4.1/../../../../arm-none-eabi/lib/armv7-m\libc_nano.a(lib_a-init.o)
                0x08002720                __libc_init_array
 *(.glue_7)
 .glue_7        0x0800276c        0x0 linker stubs
 *(.glue_7t)
 .glue_7t       0x0800276c        0x0 linker stubs
 *(.eh_frame)
 .eh_frame      0x0800276c        0x0 c:/ac6/systemworkbench/plugins/fr.ac6.mcu.externaltools.arm-none.win32_1.13.2.201703061525/tools/compiler/bin/../lib/gcc/arm-none-eabi/5.4.1/armv7-m/crtbegin.o
 *(.init)
 .init          0x0800276c        0x4 c:/ac6/systemworkbench/plugins/fr.ac6.mcu.externaltools.arm-none.win32_1.13.2.201703061525/tools/compiler/bin/../lib/gcc/arm-none-eabi/5.4.1/armv7-m/crti.o
                0x0800276c                _init
 .init          0x08002770        0x8 c:/ac6/systemworkbench/plugins/fr.ac6.mcu.externaltools.arm-none.win32_1.13.2.201703061525/tools/compiler/bin/../lib/gcc/arm-none-eabi/5.4.1/armv7-m/crtn.o
 *(.fini)
 .fini          0x08002778        0x4 c:/ac6/systemworkbench/plugins/fr.ac6.mcu.externaltools.arm-none.win32_1.13.2.201703061525/tools/compiler/bin/../lib/gcc/arm-none-eabi/5.4.1/armv7-m/crti.o
                0x08002778                _fini
 .fini          0x0800277c        0x8 c:/ac6/systemworkbench/plugins/fr.ac6.mcu.externaltools.arm-none.win32_1.13.2.201703061525/tools/compiler/bin/../lib/gcc/arm-none-eabi/5.4.1/armv7-m/crtn.o
                0x08002784                . = ALIGN (0x4)
                0x08002784                _etext = .

.vfp11_veneer   0x08002784        0x0
 .vfp11_veneer  0x08002784        0x0 linker stubs

.v4_bx          0x08002784        0x0
 .v4_bx         0x08002784        0x0 linker stubs

.iplt           0x08002784        0x0
 .iplt          0x08002784        0x0 c:/ac6/systemworkbench/plugins/fr.ac6.mcu.externaltools.arm-none.win32_1.13.2.201703061525/tools/compiler/bin/../lib/gcc/arm-none-eabi/5.4.1/armv7-m/crtbegin.o

.rodata         0x08002784      0x2dc
                0x08002784                . = ALIGN (0x4)
 *(.rodata)
 .rodata        0x08002784       0x18 Drivers/CMSIS/system_stm32f1xx.o
                0x08002784                AHBPrescTable
                0x08002794                APBPrescTable
 .rodata        0x0800279c       0x12 Drivers/STM32F1xx_HAL_Driver/stm32f1xx_hal_rcc.o
 *(.rodata*)
 *fill*         0x080027ae        0x2 
 .rodata.str1.4
                0x080027b0      0x2b0 Application/User/test_comm.o
                                0x2b4 (size before relaxing)
                0x08002a60                . = ALIGN (0x4)

.rel.dyn        0x08002a60        0x0
 .rel.iplt      0x08002a60        0x0 c:/ac6/systemworkbench/plugins/fr.ac6.mcu.externaltools.arm-none.win32_1.13.2.201703061525/tools/compiler/bin/../lib/gcc/arm-none-eabi/5.4.1/armv7-m/crtbegin.o

.ARM.extab
 *(.ARM.extab* .gnu.linkonce.armextab.*)

.ARM            0x08002a60        0x0
                0x08002a60                __exidx_start = .
 *(.ARM.exidx*)
                0x08002a60                __exidx_end = .

.preinit_array  0x08002a60        0x0
                0x08002a60                PROVIDE (__preinit_array_start, .)
 *(.preinit_array*)
                0x08002a60                PROVIDE (__preinit_array_end, .)

.init_array     0x08002a60        0x4
                0x08002a60                PROVIDE (__init_array_start, .)
 *(SORT(.init_array.*))
 *(.init_array*)
 .init_array    0x08002a60        0x4 c:/ac6/systemworkbench/plugins/fr.ac6.mcu.externaltools.arm-none.win32_1.13.2.201703061525/tools/compiler/bin/../lib/gcc/arm-none-eabi/5.4.1/armv7-m/crtbegin.o
                0x08002a64                PROVIDE (__init_array_end, .)

.fini_array     0x08002a64        0x4
                [!provide]                PROVIDE (__fini_array_start, .)
 *(SORT(.fini_array.*))
 *(.fini_array*)
 .fini_array    0x08002a64        0x4 c:/ac6/systemworkbench/plugins/fr.ac6.mcu.externaltools.arm-none.win32_1.13.2.201703061525/tools/compiler/bin/../lib/gcc/arm-none-eabi/5.4.1/armv7-m/crtbegin.o
                [!provide]                PROVIDE (__fini_array_end, .)
                0x08002a68                _sidata = LOADADDR (.data)

.data           0x20000000        0x4 load address 0x08002a68
                0x20000000                . = ALIGN (0x4)
                0x20000000                _sdata = .
 *(.data)
 .data          0x20000000        0x4 Drivers/CMSIS/system_stm32f1xx.o
                0x20000000                SystemCoreClock
 *(.data*)
                0x20000004                . = ALIGN (0x4)
                0x20000004                _edata = .

.jcr            0x20000004        0x0 load address 0x08002a6c
 .jcr           0x20000004        0x0 c:/ac6/systemworkbench/plugins/fr.ac6.mcu.externaltools.arm-none.win32_1.13.2.201703061525/tools/compiler/bin/../lib/gcc/arm-none-eabi/5.4.1/armv7-m/crtbegin.o

.igot.plt       0x20000004        0x0 load address 0x08002a6c
 .igot.plt      0x20000004        0x0 c:/ac6/systemworkbench/plugins/fr.ac6.mcu.externaltools.arm-none.win32_1.13.2.201703061525/tools/compiler/bin/../lib/gcc/arm-none-eabi/5.4.1/armv7-m/crtbegin.o
                0x20000004                . = ALIGN (0x4)

.bss            0x20000008      0x270 load address 0x08002a6c
                0x20000008                _sbss = .
                0x20000008                __bss_start__ = _sbss
 *(.bss)
 .bss           0x20000008       0x1c c:/ac6/systemworkbench/plugins/fr.ac6.mcu.externaltools.arm-none.win32_1.13.2.201703061525/tools/compiler/bin/../lib/gcc/arm-none-eabi/5.4.1/armv7-m/crtbegin.o
 .bss           0x20000024        0xc Application/User/bootlib.o
 .bss           0x20000030       0x18 Application/User/bootloaderhw.o
 .bss           0x20000048        0x1 Application/User/stm32f1xx_it.o
                0x20000048                usart1_rx_flag
 *fill*         0x20000049        0x3 
 .bss           0x2000004c        0x4 Drivers/STM32F1xx_HAL_Driver/stm32f1xx_hal.o
 .bss           0x20000050        0x1 Drivers/STM32F1xx_HAL_Driver/stm32f1xx_hal_spi_ex.o
                0x20000050                uCRCErrorWorkaroundCheck
 *(.bss*)
 *(COMMON)
 *fill*         0x20000051        0x3 
 COMMON         0x20000054       0x40 Application/User/can.o
                0x20000054                hcan
 COMMON         0x20000094       0x3c Application/User/i2c.o
                0x20000094                hi2c1
 COMMON         0x200000d0       0x58 Application/User/spi.o
                0x200000d0                hspi2
 COMMON         0x20000128       0xb4 Application/User/tim.o
                0x20000128                htim3
                0x20000164                htim1
                0x200001a0                htim2
 COMMON         0x200001dc       0x78 Application/User/usart.o
                0x200001dc                hdma_usart1_tx
                0x20000214                huart1
 *fill*         0x20000254        0x4 
 COMMON         0x20000258       0x20 Drivers/STM32F1xx_HAL_Driver/stm32f1xx_hal_flash.o
                0x20000258                pFlash
                0x20000278                . = ALIGN (0x4)
                0x20000278                _ebss = .
                0x20000278                __bss_end__ = _ebss

._user_heap_stack
                0x20000278      0x600 load address 0x08002a6c
                0x20000278                . = ALIGN (0x8)
                [!provide]                PROVIDE (end, .)
                [!provide]                PROVIDE (_end, .)
                0x20000478                . = (. + _Min_Heap_Size)
 *fill*         0x20000278      0x200 
                0x20000878                . = (. + _Min_Stack_Size)
 *fill*         0x20000478      0x400 
                0x20000878                . = ALIGN (0x8)

/DISCARD/
 libc.a(*)
 libm.a(*)
 libgcc.a(*)

.ARM.attributes
                0x00000000       0x29
 *(.ARM.attributes)
 .ARM.attributes
                0x00000000       0x1d c:/ac6/systemworkbench/plugins/fr.ac6.mcu.externaltools.arm-none.win32_1.13.2.201703061525/tools/compiler/bin/../lib/gcc/arm-none-eabi/5.4.1/armv7-m/crti.o
 .ARM.attributes
                0x0000001d       0x2d c:/ac6/systemworkbench/plugins/fr.ac6.mcu.externaltools.arm-none.win32_1.13.2.201703061525/tools/compiler/bin/../lib/gcc/arm-none-eabi/5.4.1/armv7-m/crtbegin.o
 .ARM.attributes
                0x0000004a       0x21 Application/SW4STM32/startup_stm32f103xb.o
 .ARM.attributes
                0x0000006b       0x33 Application/User/bootlib.o
 .ARM.attributes
                0x0000009e       0x33 Application/User/bootloaderhw.o
 .ARM.attributes
                0x000000d1       0x33 Application/User/can.o
 .ARM.attributes
                0x00000104       0x33 Application/User/com_interface.o
 .ARM.attributes
                0x00000137       0x33 Application/User/dma.o
 .ARM.attributes
                0x0000016a       0x33 Application/User/gpio.o
 .ARM.attributes
                0x0000019d       0x33 Application/User/i2c.o
 .ARM.attributes
                0x000001d0       0x33 Application/User/main.o
 .ARM.attributes
                0x00000203       0x33 Application/User/spi.o
 .ARM.attributes
                0x00000236       0x33 Application/User/stm32f1xx_hal_msp.o
 .ARM.attributes
                0x00000269       0x33 Application/User/stm32f1xx_it.o
 .ARM.attributes
                0x0000029c       0x33 Application/User/test_comm.o
 .ARM.attributes
                0x000002cf       0x33 Application/User/tim.o
 .ARM.attributes
                0x00000302       0x33 Application/User/usart.o
 .ARM.attributes
                0x00000335       0x33 Drivers/CMSIS/system_stm32f1xx.o
 .ARM.attributes
                0x00000368       0x33 Drivers/STM32F1xx_HAL_Driver/stm32f1xx_hal.o
 .ARM.attributes
                0x0000039b       0x33 Drivers/STM32F1xx_HAL_Driver/stm32f1xx_hal_can.o
 .ARM.attributes
                0x000003ce       0x33 Drivers/STM32F1xx_HAL_Driver/stm32f1xx_hal_cortex.o
 .ARM.attributes
                0x00000401       0x33 Drivers/STM32F1xx_HAL_Driver/stm32f1xx_hal_dma.o
 .ARM.attributes
                0x00000434       0x33 Drivers/STM32F1xx_HAL_Driver/stm32f1xx_hal_flash.o
 .ARM.attributes
                0x00000467       0x33 Drivers/STM32F1xx_HAL_Driver/stm32f1xx_hal_flash_ex.o
 .ARM.attributes
                0x0000049a       0x33 Drivers/STM32F1xx_HAL_Driver/stm32f1xx_hal_gpio.o
 .ARM.attributes
                0x000004cd       0x33 Drivers/STM32F1xx_HAL_Driver/stm32f1xx_hal_i2c.o
 .ARM.attributes
                0x00000500       0x33 Drivers/STM32F1xx_HAL_Driver/stm32f1xx_hal_rcc.o
 .ARM.attributes
                0x00000533       0x33 Drivers/STM32F1xx_HAL_Driver/stm32f1xx_hal_spi_ex.o
 .ARM.attributes
                0x00000566       0x33 Drivers/STM32F1xx_HAL_Driver/stm32f1xx_hal_tim.o
 .ARM.attributes
                0x00000599       0x33 Drivers/STM32F1xx_HAL_Driver/stm32f1xx_hal_tim_ex.o
 .ARM.attributes
                0x000005cc       0x33 Drivers/STM32F1xx_HAL_Driver/stm32f1xx_hal_uart.o
 .ARM.attributes
                0x000005ff       0x2d c:/ac6/systemworkbench/plugins/fr.ac6.mcu.externaltools.arm-none.win32_1.13.2.201703061525/tools/compiler/bin/../lib/gcc/arm-none-eabi/5.4.1/../../../../arm-none-eabi/lib/armv7-m\libc_nano.a(lib_a-init.o)
 .ARM.attributes
                0x0000062c       0x1d c:/ac6/systemworkbench/plugins/fr.ac6.mcu.externaltools.arm-none.win32_1.13.2.201703061525/tools/compiler/bin/../lib/gcc/arm-none-eabi/5.4.1/armv7-m/crtn.o
OUTPUT(BootloaderV1.elf elf32-littlearm)

.debug_line     0x00000000    0x120de
 .debug_line    0x00000000       0xa0 Application/SW4STM32/startup_stm32f103xb.o
 .debug_line    0x000000a0      0x83a Application/User/bootlib.o
 .debug_line    0x000008da      0x92e Application/User/bootloaderhw.o
 .debug_line    0x00001208      0x7fc Application/User/can.o
 .debug_line    0x00001a04      0x7ce Application/User/com_interface.o
 .debug_line    0x000021d2      0x7b7 Application/User/dma.o
 .debug_line    0x00002989      0x7c9 Application/User/gpio.o
 .debug_line    0x00003152      0x7f5 Application/User/i2c.o
 .debug_line    0x00003947      0x8fe Application/User/main.o
 .debug_line    0x00004245      0x7fc Application/User/spi.o
 .debug_line    0x00004a41      0x7c3 Application/User/stm32f1xx_hal_msp.o
 .debug_line    0x00005204      0x840 Application/User/stm32f1xx_it.o
 .debug_line    0x00005a44      0x9b9 Application/User/test_comm.o
 .debug_line    0x000063fd      0x83a Application/User/tim.o
 .debug_line    0x00006c37      0x815 Application/User/usart.o
 .debug_line    0x0000744c      0x7ea Drivers/CMSIS/system_stm32f1xx.o
 .debug_line    0x00007c36      0x926 Drivers/STM32F1xx_HAL_Driver/stm32f1xx_hal.o
 .debug_line    0x0000855c      0xbb6 Drivers/STM32F1xx_HAL_Driver/stm32f1xx_hal_can.o
 .debug_line    0x00009112      0x962 Drivers/STM32F1xx_HAL_Driver/stm32f1xx_hal_cortex.o
 .debug_line    0x00009a74      0xb9f Drivers/STM32F1xx_HAL_Driver/stm32f1xx_hal_dma.o
 .debug_line    0x0000a613      0x9ad Drivers/STM32F1xx_HAL_Driver/stm32f1xx_hal_flash.o
 .debug_line    0x0000afc0      0xa2c Drivers/STM32F1xx_HAL_Driver/stm32f1xx_hal_flash_ex.o
 .debug_line    0x0000b9ec      0x94c Drivers/STM32F1xx_HAL_Driver/stm32f1xx_hal_gpio.o
 .debug_line    0x0000c338     0x1737 Drivers/STM32F1xx_HAL_Driver/stm32f1xx_hal_i2c.o
 .debug_line    0x0000da6f      0xc99 Drivers/STM32F1xx_HAL_Driver/stm32f1xx_hal_rcc.o
 .debug_line    0x0000e708      0x802 Drivers/STM32F1xx_HAL_Driver/stm32f1xx_hal_spi_ex.o
 .debug_line    0x0000ef0a     0x1652 Drivers/STM32F1xx_HAL_Driver/stm32f1xx_hal_tim.o
 .debug_line    0x0001055c      0xd65 Drivers/STM32F1xx_HAL_Driver/stm32f1xx_hal_tim_ex.o
 .debug_line    0x000112c1      0xe1d Drivers/STM32F1xx_HAL_Driver/stm32f1xx_hal_uart.o

.debug_info     0x00000000    0x13a55
 .debug_info    0x00000000       0xa9 Application/SW4STM32/startup_stm32f103xb.o
 .debug_info    0x000000a9      0x315 Application/User/bootlib.o
 .debug_info    0x000003be      0x552 Application/User/bootloaderhw.o
 .debug_info    0x00000910      0x870 Application/User/can.o
 .debug_info    0x00001180      0x54f Application/User/com_interface.o
 .debug_info    0x000016cf      0x319 Application/User/dma.o
 .debug_info    0x000019e8      0x4eb Application/User/gpio.o
 .debug_info    0x00001ed3      0x764 Application/User/i2c.o
 .debug_info    0x00002637      0x845 Application/User/main.o
 .debug_info    0x00002e7c      0x7a3 Application/User/spi.o
 .debug_info    0x0000361f      0x43a Application/User/stm32f1xx_hal_msp.o
 .debug_info    0x00003a59      0x921 Application/User/stm32f1xx_it.o
 .debug_info    0x0000437a      0xf10 Application/User/test_comm.o
 .debug_info    0x0000528a      0xb5e Application/User/tim.o
 .debug_info    0x00005de8      0x93c Application/User/usart.o
 .debug_info    0x00006724      0x3eb Drivers/CMSIS/system_stm32f1xx.o
 .debug_info    0x00006b0f      0x699 Drivers/STM32F1xx_HAL_Driver/stm32f1xx_hal.o
 .debug_info    0x000071a8      0xb9c Drivers/STM32F1xx_HAL_Driver/stm32f1xx_hal_can.o
 .debug_info    0x00007d44      0xc33 Drivers/STM32F1xx_HAL_Driver/stm32f1xx_hal_cortex.o
 .debug_info    0x00008977      0x645 Drivers/STM32F1xx_HAL_Driver/stm32f1xx_hal_dma.o
 .debug_info    0x00008fbc      0x62a Drivers/STM32F1xx_HAL_Driver/stm32f1xx_hal_flash.o
 .debug_info    0x000095e6      0xaf0 Drivers/STM32F1xx_HAL_Driver/stm32f1xx_hal_flash_ex.o
 .debug_info    0x0000a0d6      0x608 Drivers/STM32F1xx_HAL_Driver/stm32f1xx_hal_gpio.o
 .debug_info    0x0000a6de     0x2aba Drivers/STM32F1xx_HAL_Driver/stm32f1xx_hal_i2c.o
 .debug_info    0x0000d198     0x12ab Drivers/STM32F1xx_HAL_Driver/stm32f1xx_hal_rcc.o
 .debug_info    0x0000e443      0x5ad Drivers/STM32F1xx_HAL_Driver/stm32f1xx_hal_spi_ex.o
 .debug_info    0x0000e9f0     0x2d8a Drivers/STM32F1xx_HAL_Driver/stm32f1xx_hal_tim.o
 .debug_info    0x0001177a     0x11e6 Drivers/STM32F1xx_HAL_Driver/stm32f1xx_hal_tim_ex.o
 .debug_info    0x00012960     0x10f5 Drivers/STM32F1xx_HAL_Driver/stm32f1xx_hal_uart.o

.debug_abbrev   0x00000000     0x32ff
 .debug_abbrev  0x00000000       0x12 Application/SW4STM32/startup_stm32f103xb.o
 .debug_abbrev  0x00000012      0x13e Application/User/bootlib.o
 .debug_abbrev  0x00000150      0x164 Application/User/bootloaderhw.o
 .debug_abbrev  0x000002b4      0x1b8 Application/User/can.o
 .debug_abbrev  0x0000046c      0x181 Application/User/com_interface.o
 .debug_abbrev  0x000005ed      0x114 Application/User/dma.o
 .debug_abbrev  0x00000701      0x13f Application/User/gpio.o
 .debug_abbrev  0x00000840      0x1a1 Application/User/i2c.o
 .debug_abbrev  0x000009e1      0x28c Application/User/main.o
 .debug_abbrev  0x00000c6d      0x1a1 Application/User/spi.o
 .debug_abbrev  0x00000e0e      0x126 Application/User/stm32f1xx_hal_msp.o
 .debug_abbrev  0x00000f34      0x17d Application/User/stm32f1xx_it.o
 .debug_abbrev  0x000010b1      0x233 Application/User/test_comm.o
 .debug_abbrev  0x000012e4      0x1bc Application/User/tim.o
 .debug_abbrev  0x000014a0      0x1aa Application/User/usart.o
 .debug_abbrev  0x0000164a      0x125 Drivers/CMSIS/system_stm32f1xx.o
 .debug_abbrev  0x0000176f      0x21f Drivers/STM32F1xx_HAL_Driver/stm32f1xx_hal.o
 .debug_abbrev  0x0000198e      0x206 Drivers/STM32F1xx_HAL_Driver/stm32f1xx_hal_can.o
 .debug_abbrev  0x00001b94      0x2bd Drivers/STM32F1xx_HAL_Driver/stm32f1xx_hal_cortex.o
 .debug_abbrev  0x00001e51      0x1f2 Drivers/STM32F1xx_HAL_Driver/stm32f1xx_hal_dma.o
 .debug_abbrev  0x00002043      0x20c Drivers/STM32F1xx_HAL_Driver/stm32f1xx_hal_flash.o
 .debug_abbrev  0x0000224f      0x274 Drivers/STM32F1xx_HAL_Driver/stm32f1xx_hal_flash_ex.o
 .debug_abbrev  0x000024c3      0x1cd Drivers/STM32F1xx_HAL_Driver/stm32f1xx_hal_gpio.o
 .debug_abbrev  0x00002690      0x21b Drivers/STM32F1xx_HAL_Driver/stm32f1xx_hal_i2c.o
 .debug_abbrev  0x000028ab      0x287 Drivers/STM32F1xx_HAL_Driver/stm32f1xx_hal_rcc.o
 .debug_abbrev  0x00002b32      0x160 Drivers/STM32F1xx_HAL_Driver/stm32f1xx_hal_spi_ex.o
 .debug_abbrev  0x00002c92      0x22a Drivers/STM32F1xx_HAL_Driver/stm32f1xx_hal_tim.o
 .debug_abbrev  0x00002ebc      0x21b Drivers/STM32F1xx_HAL_Driver/stm32f1xx_hal_tim_ex.o
 .debug_abbrev  0x000030d7      0x228 Drivers/STM32F1xx_HAL_Driver/stm32f1xx_hal_uart.o

.debug_aranges  0x00000000      0xff8
 .debug_aranges
                0x00000000       0x28 Application/SW4STM32/startup_stm32f103xb.o
 .debug_aranges
                0x00000028       0x38 Application/User/bootlib.o
 .debug_aranges
                0x00000060       0x70 Application/User/bootloaderhw.o
 .debug_aranges
                0x000000d0       0x30 Application/User/can.o
 .debug_aranges
                0x00000100       0x28 Application/User/com_interface.o
 .debug_aranges
                0x00000128       0x20 Application/User/dma.o
 .debug_aranges
                0x00000148       0x20 Application/User/gpio.o
 .debug_aranges
                0x00000168       0x30 Application/User/i2c.o
 .debug_aranges
                0x00000198       0x40 Application/User/main.o
 .debug_aranges
                0x000001d8       0x30 Application/User/spi.o
 .debug_aranges
                0x00000208       0x20 Application/User/stm32f1xx_hal_msp.o
 .debug_aranges
                0x00000228       0x58 Application/User/stm32f1xx_it.o
 .debug_aranges
                0x00000280       0x58 Application/User/test_comm.o
 .debug_aranges
                0x000002d8       0x40 Application/User/tim.o
 .debug_aranges
                0x00000318       0x30 Application/User/usart.o
 .debug_aranges
                0x00000348       0x28 Drivers/CMSIS/system_stm32f1xx.o
 .debug_aranges
                0x00000370       0xb0 Drivers/STM32F1xx_HAL_Driver/stm32f1xx_hal.o
 .debug_aranges
                0x00000420       0xb0 Drivers/STM32F1xx_HAL_Driver/stm32f1xx_hal_can.o
 .debug_aranges
                0x000004d0       0x90 Drivers/STM32F1xx_HAL_Driver/stm32f1xx_hal_cortex.o
 .debug_aranges
                0x00000560       0x68 Drivers/STM32F1xx_HAL_Driver/stm32f1xx_hal_dma.o
 .debug_aranges
                0x000005c8       0x88 Drivers/STM32F1xx_HAL_Driver/stm32f1xx_hal_flash.o
 .debug_aranges
                0x00000650       0x98 Drivers/STM32F1xx_HAL_Driver/stm32f1xx_hal_flash_ex.o
 .debug_aranges
                0x000006e8       0x58 Drivers/STM32F1xx_HAL_Driver/stm32f1xx_hal_gpio.o
 .debug_aranges
                0x00000740      0x218 Drivers/STM32F1xx_HAL_Driver/stm32f1xx_hal_i2c.o
 .debug_aranges
                0x00000958       0x88 Drivers/STM32F1xx_HAL_Driver/stm32f1xx_hal_rcc.o
 .debug_aranges
                0x000009e0       0x28 Drivers/STM32F1xx_HAL_Driver/stm32f1xx_hal_spi_ex.o
 .debug_aranges
                0x00000a08      0x368 Drivers/STM32F1xx_HAL_Driver/stm32f1xx_hal_tim.o
 .debug_aranges
                0x00000d70      0x138 Drivers/STM32F1xx_HAL_Driver/stm32f1xx_hal_tim_ex.o
 .debug_aranges
                0x00000ea8      0x150 Drivers/STM32F1xx_HAL_Driver/stm32f1xx_hal_uart.o

.debug_ranges   0x00000000      0xe48
 .debug_ranges  0x00000000       0x20 Application/SW4STM32/startup_stm32f103xb.o
 .debug_ranges  0x00000020       0x28 Application/User/bootlib.o
 .debug_ranges  0x00000048       0x60 Application/User/bootloaderhw.o
 .debug_ranges  0x000000a8       0x20 Application/User/can.o
 .debug_ranges  0x000000c8       0x18 Application/User/com_interface.o
 .debug_ranges  0x000000e0       0x10 Application/User/dma.o
 .debug_ranges  0x000000f0       0x10 Application/User/gpio.o
 .debug_ranges  0x00000100       0x20 Application/User/i2c.o
 .debug_ranges  0x00000120       0x30 Application/User/main.o
 .debug_ranges  0x00000150       0x20 Application/User/spi.o
 .debug_ranges  0x00000170       0x10 Application/User/stm32f1xx_hal_msp.o
 .debug_ranges  0x00000180       0x48 Application/User/stm32f1xx_it.o
 .debug_ranges  0x000001c8       0x60 Application/User/test_comm.o
 .debug_ranges  0x00000228       0x30 Application/User/tim.o
 .debug_ranges  0x00000258       0x20 Application/User/usart.o
 .debug_ranges  0x00000278       0x18 Drivers/CMSIS/system_stm32f1xx.o
 .debug_ranges  0x00000290       0xa0 Drivers/STM32F1xx_HAL_Driver/stm32f1xx_hal.o
 .debug_ranges  0x00000330       0xa0 Drivers/STM32F1xx_HAL_Driver/stm32f1xx_hal_can.o
 .debug_ranges  0x000003d0       0x80 Drivers/STM32F1xx_HAL_Driver/stm32f1xx_hal_cortex.o
 .debug_ranges  0x00000450       0x58 Drivers/STM32F1xx_HAL_Driver/stm32f1xx_hal_dma.o
 .debug_ranges  0x000004a8       0x78 Drivers/STM32F1xx_HAL_Driver/stm32f1xx_hal_flash.o
 .debug_ranges  0x00000520       0x88 Drivers/STM32F1xx_HAL_Driver/stm32f1xx_hal_flash_ex.o
 .debug_ranges  0x000005a8       0x48 Drivers/STM32F1xx_HAL_Driver/stm32f1xx_hal_gpio.o
 .debug_ranges  0x000005f0      0x208 Drivers/STM32F1xx_HAL_Driver/stm32f1xx_hal_i2c.o
 .debug_ranges  0x000007f8       0x78 Drivers/STM32F1xx_HAL_Driver/stm32f1xx_hal_rcc.o
 .debug_ranges  0x00000870       0x18 Drivers/STM32F1xx_HAL_Driver/stm32f1xx_hal_spi_ex.o
 .debug_ranges  0x00000888      0x358 Drivers/STM32F1xx_HAL_Driver/stm32f1xx_hal_tim.o
 .debug_ranges  0x00000be0      0x128 Drivers/STM32F1xx_HAL_Driver/stm32f1xx_hal_tim_ex.o
 .debug_ranges  0x00000d08      0x140 Drivers/STM32F1xx_HAL_Driver/stm32f1xx_hal_uart.o

.debug_loc      0x00000000     0xac3f
 .debug_loc     0x00000000       0xce Application/User/bootlib.o
 .debug_loc     0x000000ce      0x278 Application/User/bootloaderhw.o
 .debug_loc     0x00000346       0x4d Application/User/can.o
 .debug_loc     0x00000393       0x4d Application/User/com_interface.o
 .debug_loc     0x000003e0       0x4d Application/User/i2c.o
 .debug_loc     0x0000042d       0x9a Application/User/main.o
 .debug_loc     0x000004c7       0x4d Application/User/spi.o
 .debug_loc     0x00000514      0x4cb Application/User/test_comm.o
 .debug_loc     0x000009df       0xa6 Application/User/tim.o
 .debug_loc     0x00000a85       0x52 Application/User/usart.o
 .debug_loc     0x00000ad7       0xdf Drivers/CMSIS/system_stm32f1xx.o
 .debug_loc     0x00000bb6       0x81 Drivers/STM32F1xx_HAL_Driver/stm32f1xx_hal.o
 .debug_loc     0x00000c37      0x603 Drivers/STM32F1xx_HAL_Driver/stm32f1xx_hal_can.o
 .debug_loc     0x0000123a      0x527 Drivers/STM32F1xx_HAL_Driver/stm32f1xx_hal_cortex.o
 .debug_loc     0x00001761      0x417 Drivers/STM32F1xx_HAL_Driver/stm32f1xx_hal_dma.o
 .debug_loc     0x00001b78      0x2c5 Drivers/STM32F1xx_HAL_Driver/stm32f1xx_hal_flash.o
 .debug_loc     0x00001e3d      0x716 Drivers/STM32F1xx_HAL_Driver/stm32f1xx_hal_flash_ex.o
 .debug_loc     0x00002553      0x377 Drivers/STM32F1xx_HAL_Driver/stm32f1xx_hal_gpio.o
 .debug_loc     0x000028ca     0x2bab Drivers/STM32F1xx_HAL_Driver/stm32f1xx_hal_i2c.o
 .debug_loc     0x00005475      0x8e9 Drivers/STM32F1xx_HAL_Driver/stm32f1xx_hal_rcc.o
 .debug_loc     0x00005d5e       0x58 Drivers/STM32F1xx_HAL_Driver/stm32f1xx_hal_spi_ex.o
 .debug_loc     0x00005db6     0x32a5 Drivers/STM32F1xx_HAL_Driver/stm32f1xx_hal_tim.o
 .debug_loc     0x0000905b      0xbdb Drivers/STM32F1xx_HAL_Driver/stm32f1xx_hal_tim_ex.o
 .debug_loc     0x00009c36     0x1009 Drivers/STM32F1xx_HAL_Driver/stm32f1xx_hal_uart.o

.debug_macro    0x00000000    0x1cdb3
 .debug_macro   0x00000000      0x34c Application/User/bootlib.o
 .debug_macro   0x0000034c      0x880 Application/User/bootlib.o
 .debug_macro   0x00000bcc       0x22 Application/User/bootlib.o
 .debug_macro   0x00000bee       0x87 Application/User/bootlib.o
 .debug_macro   0x00000c75       0x44 Application/User/bootlib.o
 .debug_macro   0x00000cb9       0xfd Application/User/bootlib.o
 .debug_macro   0x00000db6       0x5e Application/User/bootlib.o
 .debug_macro   0x00000e14      0x1df Application/User/bootlib.o
 .debug_macro   0x00000ff3       0x52 Application/User/bootlib.o
 .debug_macro   0x00001045       0x35 Application/User/bootlib.o
 .debug_macro   0x0000107a       0x9c Application/User/bootlib.o
 .debug_macro   0x00001116      0x174 Application/User/bootlib.o
 .debug_macro   0x0000128a       0x52 Application/User/bootlib.o
 .debug_macro   0x000012dc       0x1f Application/User/bootlib.o
 .debug_macro   0x000012fb       0x43 Application/User/bootlib.o
 .debug_macro   0x0000133e       0x20 Application/User/bootlib.o
 .debug_macro   0x0000135e      0x187 Application/User/bootlib.o
 .debug_macro   0x000014e5      0x30d Application/User/bootlib.o
 .debug_macro   0x000017f2       0x10 Application/User/bootlib.o
 .debug_macro   0x00001802       0x35 Application/User/bootlib.o
 .debug_macro   0x00001837       0x5e Application/User/bootlib.o
 .debug_macro   0x00001895      0x179 Application/User/bootlib.o
 .debug_macro   0x00001a0e       0x2e Application/User/bootlib.o
 .debug_macro   0x00001a3c       0x22 Application/User/bootlib.o
 .debug_macro   0x00001a5e       0x3a Application/User/bootlib.o
 .debug_macro   0x00001a98       0x34 Application/User/bootlib.o
 .debug_macro   0x00001acc      0xb8e Application/User/bootlib.o
 .debug_macro   0x0000265a     0xf2f7 Application/User/bootlib.o
 .debug_macro   0x00011951       0x43 Application/User/bootlib.o
 .debug_macro   0x00011994     0x3383 Application/User/bootlib.o
 .debug_macro   0x00014d17       0x1c Application/User/bootlib.o
 .debug_macro   0x00014d33       0x10 Application/User/bootlib.o
 .debug_macro   0x00014d43       0x10 Application/User/bootlib.o
 .debug_macro   0x00014d53       0x1c Application/User/bootlib.o
 .debug_macro   0x00014d6f       0x52 Application/User/bootlib.o
 .debug_macro   0x00014dc1       0x40 Application/User/bootlib.o
 .debug_macro   0x00014e01       0x10 Application/User/bootlib.o
 .debug_macro   0x00014e11       0x40 Application/User/bootlib.o
 .debug_macro   0x00014e51       0xd7 Application/User/bootlib.o
 .debug_macro   0x00014f28       0x16 Application/User/bootlib.o
 .debug_macro   0x00014f3e      0x18b Application/User/bootlib.o
 .debug_macro   0x000150c9       0x50 Application/User/bootlib.o
 .debug_macro   0x00015119      0x778 Application/User/bootlib.o
 .debug_macro   0x00015891      0x28b Application/User/bootlib.o
 .debug_macro   0x00015b1c      0x141 Application/User/bootlib.o
 .debug_macro   0x00015c5d      0x197 Application/User/bootlib.o
 .debug_macro   0x00015df4      0x1ae Application/User/bootlib.o
 .debug_macro   0x00015fa2       0x2d Application/User/bootlib.o
 .debug_macro   0x00015fcf       0x3c Application/User/bootlib.o
 .debug_macro   0x0001600b      0x401 Application/User/bootlib.o
 .debug_macro   0x0001640c       0x10 Application/User/bootlib.o
 .debug_macro   0x0001641c       0x57 Application/User/bootlib.o
 .debug_macro   0x00016473       0x8c Application/User/bootlib.o
 .debug_macro   0x000164ff      0x242 Application/User/bootlib.o
 .debug_macro   0x00016741      0x225 Application/User/bootlib.o
 .debug_macro   0x00016966      0x143 Application/User/bootlib.o
 .debug_macro   0x00016aa9      0x1f4 Application/User/bootlib.o
 .debug_macro   0x00016c9d      0x83e Application/User/bootlib.o
 .debug_macro   0x000174db       0x11 Application/User/bootlib.o
 .debug_macro   0x000174ec      0x256 Application/User/bootlib.o
 .debug_macro   0x00017742       0x7c Application/User/bootlib.o
 .debug_macro   0x000177be       0x10 Application/User/bootlib.o
 .debug_macro   0x000177ce      0x34c Application/User/bootloaderhw.o
 .debug_macro   0x00017b1a       0x34 Application/User/bootloaderhw.o
 .debug_macro   0x00017b4e       0x16 Application/User/bootloaderhw.o
 .debug_macro   0x00017b64       0x97 Application/User/bootloaderhw.o
 .debug_macro   0x00017bfb       0xfd Application/User/bootloaderhw.o
 .debug_macro   0x00017cf8       0x16 Application/User/bootloaderhw.o
 .debug_macro   0x00017d0e      0x316 Application/User/can.o
 .debug_macro   0x00018024      0x310 Application/User/com_interface.o
 .debug_macro   0x00018334      0x30c Application/User/dma.o
 .debug_macro   0x00018640      0x30c Application/User/gpio.o
 .debug_macro   0x0001894c      0x316 Application/User/i2c.o
 .debug_macro   0x00018c62      0x36a Application/User/main.o
 .debug_macro   0x00018fcc      0x316 Application/User/spi.o
 .debug_macro   0x000192e2      0x302 Application/User/stm32f1xx_hal_msp.o
 .debug_macro   0x000195e4      0x30c Application/User/stm32f1xx_it.o
 .debug_macro   0x000198f0      0x35e Application/User/test_comm.o
 .debug_macro   0x00019c4e      0x30c Application/User/tim.o
 .debug_macro   0x00019f5a      0x320 Application/User/usart.o
 .debug_macro   0x0001a27a      0x308 Drivers/CMSIS/system_stm32f1xx.o
 .debug_macro   0x0001a582      0x326 Drivers/STM32F1xx_HAL_Driver/stm32f1xx_hal.o
 .debug_macro   0x0001a8a8      0x331 Drivers/STM32F1xx_HAL_Driver/stm32f1xx_hal_can.o
 .debug_macro   0x0001abd9      0x302 Drivers/STM32F1xx_HAL_Driver/stm32f1xx_hal_cortex.o
 .debug_macro   0x0001aedb      0x308 Drivers/STM32F1xx_HAL_Driver/stm32f1xx_hal_dma.o
 .debug_macro   0x0001b1e3      0x302 Drivers/STM32F1xx_HAL_Driver/stm32f1xx_hal_flash.o
 .debug_macro   0x0001b4e5      0x314 Drivers/STM32F1xx_HAL_Driver/stm32f1xx_hal_flash_ex.o
 .debug_macro   0x0001b7f9      0x372 Drivers/STM32F1xx_HAL_Driver/stm32f1xx_hal_gpio.o
 .debug_macro   0x0001bb6b      0x318 Drivers/STM32F1xx_HAL_Driver/stm32f1xx_hal_i2c.o
 .debug_macro   0x0001be83      0x326 Drivers/STM32F1xx_HAL_Driver/stm32f1xx_hal_rcc.o
 .debug_macro   0x0001c1a9      0x302 Drivers/STM32F1xx_HAL_Driver/stm32f1xx_hal_spi_ex.o
 .debug_macro   0x0001c4ab      0x303 Drivers/STM32F1xx_HAL_Driver/stm32f1xx_hal_tim.o
 .debug_macro   0x0001c7ae      0x302 Drivers/STM32F1xx_HAL_Driver/stm32f1xx_hal_tim_ex.o
 .debug_macro   0x0001cab0      0x303 Drivers/STM32F1xx_HAL_Driver/stm32f1xx_hal_uart.o

.debug_str      0x00000000    0x93b2c
 .debug_str     0x00000000    0x8edbb Application/User/bootlib.o
                              0x8f10c (size before relaxing)
 .debug_str     0x0008edbb      0x31a Application/User/bootloaderhw.o
                              0x8f2e9 (size before relaxing)
 .debug_str     0x0008f0d5      0x39c Application/User/can.o
                              0x8f32e (size before relaxing)
 .debug_str     0x0008f471      0x35a Application/User/com_interface.o
                              0x8f2f3 (size before relaxing)
 .debug_str     0x0008f7cb      0x2d0 Application/User/dma.o
                              0x8f280 (size before relaxing)
 .debug_str     0x0008fa9b       0x6b Application/User/gpio.o
                              0x8f31b (size before relaxing)
 .debug_str     0x0008fb06      0x20d Application/User/i2c.o
                              0x8f423 (size before relaxing)
 .debug_str     0x0008fd13      0x28f Application/User/main.o
                              0x8f59e (size before relaxing)
 .debug_str     0x0008ffa2      0x1cc Application/User/spi.o
                              0x8f40f (size before relaxing)
 .debug_str     0x0009016e       0x8a Application/User/stm32f1xx_hal_msp.o
                              0x8f2bd (size before relaxing)
 .debug_str     0x000901f8      0x2f1 Application/User/stm32f1xx_it.o
                              0x8f5f1 (size before relaxing)
 .debug_str     0x000904e9      0x1b0 Application/User/test_comm.o
                              0x8f52f (size before relaxing)
 .debug_str     0x00090699      0x194 Application/User/tim.o
                              0x8f7b9 (size before relaxing)
 .debug_str     0x0009082d       0x8a Application/User/usart.o
                              0x8f72e (size before relaxing)
 .debug_str     0x000908b7      0x103 Drivers/CMSIS/system_stm32f1xx.o
                              0x8f05d (size before relaxing)
 .debug_str     0x000909ba      0x2b8 Drivers/STM32F1xx_HAL_Driver/stm32f1xx_hal.o
                              0x8f649 (size before relaxing)
 .debug_str     0x00090c72      0x350 Drivers/STM32F1xx_HAL_Driver/stm32f1xx_hal_can.o
                              0x8f5b9 (size before relaxing)
 .debug_str     0x00090fc2      0x21d Drivers/STM32F1xx_HAL_Driver/stm32f1xx_hal_cortex.o
                              0x8f647 (size before relaxing)
 .debug_str     0x000911df      0x167 Drivers/STM32F1xx_HAL_Driver/stm32f1xx_hal_dma.o
                              0x8f2b5 (size before relaxing)
 .debug_str     0x00091346      0x286 Drivers/STM32F1xx_HAL_Driver/stm32f1xx_hal_flash.o
                              0x8f2c5 (size before relaxing)
 .debug_str     0x000915cc      0x364 Drivers/STM32F1xx_HAL_Driver/stm32f1xx_hal_flash_ex.o
                              0x8f4c3 (size before relaxing)
 .debug_str     0x00091930      0x39c Drivers/STM32F1xx_HAL_Driver/stm32f1xx_hal_gpio.o
                              0x8f42c (size before relaxing)
 .debug_str     0x00091ccc      0x709 Drivers/STM32F1xx_HAL_Driver/stm32f1xx_hal_i2c.o
                              0x8fa7e (size before relaxing)
 .debug_str     0x000923d5      0x28d Drivers/STM32F1xx_HAL_Driver/stm32f1xx_hal_rcc.o
                              0x8f497 (size before relaxing)
 .debug_str     0x00092662       0x8f Drivers/STM32F1xx_HAL_Driver/stm32f1xx_hal_spi_ex.o
                              0x8f38a (size before relaxing)
 .debug_str     0x000926f1      0xc77 Drivers/STM32F1xx_HAL_Driver/stm32f1xx_hal_tim.o
                              0x900ad (size before relaxing)
 .debug_str     0x00093368      0x482 Drivers/STM32F1xx_HAL_Driver/stm32f1xx_hal_tim_ex.o
                              0x8f947 (size before relaxing)
 .debug_str     0x000937ea      0x342 Drivers/STM32F1xx_HAL_Driver/stm32f1xx_hal_uart.o
                              0x8f71a (size before relaxing)

.comment        0x00000000       0x6e
 .comment       0x00000000       0x6e Application/User/bootlib.o
                                 0x6f (size before relaxing)
 .comment       0x0000006e       0x6f Application/User/bootloaderhw.o
 .comment       0x0000006e       0x6f Application/User/can.o
 .comment       0x0000006e       0x6f Application/User/com_interface.o
 .comment       0x0000006e       0x6f Application/User/dma.o
 .comment       0x0000006e       0x6f Application/User/gpio.o
 .comment       0x0000006e       0x6f Application/User/i2c.o
 .comment       0x0000006e       0x6f Application/User/main.o
 .comment       0x0000006e       0x6f Application/User/spi.o
 .comment       0x0000006e       0x6f Application/User/stm32f1xx_hal_msp.o
 .comment       0x0000006e       0x6f Application/User/stm32f1xx_it.o
 .comment       0x0000006e       0x6f Application/User/test_comm.o
 .comment       0x0000006e       0x6f Application/User/tim.o
 .comment       0x0000006e       0x6f Application/User/usart.o
 .comment       0x0000006e       0x6f Drivers/CMSIS/system_stm32f1xx.o
 .comment       0x0000006e       0x6f Drivers/STM32F1xx_HAL_Driver/stm32f1xx_hal.o
 .comment       0x0000006e       0x6f Drivers/STM32F1xx_HAL_Driver/stm32f1xx_hal_can.o
 .comment       0x0000006e       0x6f Drivers/STM32F1xx_HAL_Driver/stm32f1xx_hal_cortex.o
 .comment       0x0000006e       0x6f Drivers/STM32F1xx_HAL_Driver/stm32f1xx_hal_dma.o
 .comment       0x0000006e       0x6f Drivers/STM32F1xx_HAL_Driver/stm32f1xx_hal_flash.o
 .comment       0x0000006e       0x6f Drivers/STM32F1xx_HAL_Driver/stm32f1xx_hal_flash_ex.o
 .comment       0x0000006e       0x6f Drivers/STM32F1xx_HAL_Driver/stm32f1xx_hal_gpio.o
 .comment       0x0000006e       0x6f Drivers/STM32F1xx_HAL_Driver/stm32f1xx_hal_i2c.o
 .comment       0x0000006e       0x6f Drivers/STM32F1xx_HAL_Driver/stm32f1xx_hal_rcc.o
 .comment       0x0000006e       0x6f Drivers/STM32F1xx_HAL_Driver/stm32f1xx_hal_spi_ex.o
 .comment       0x0000006e       0x6f Drivers/STM32F1xx_HAL_Driver/stm32f1xx_hal_tim.o
 .comment       0x0000006e       0x6f Drivers/STM32F1xx_HAL_Driver/stm32f1xx_hal_tim_ex.o
 .comment       0x0000006e       0x6f Drivers/STM32F1xx_HAL_Driver/stm32f1xx_hal_uart.o

.debug_frame    0x00000000     0x2a2c
 .debug_frame   0x00000000       0x78 Application/User/bootlib.o
 .debug_frame   0x00000078      0x12c Application/User/bootloaderhw.o
 .debug_frame   0x000001a4       0x64 Application/User/can.o
 .debug_frame   0x00000208       0x40 Application/User/com_interface.o
 .debug_frame   0x00000248       0x2c Application/User/dma.o
 .debug_frame   0x00000274       0x34 Application/User/gpio.o
 .debug_frame   0x000002a8       0x60 Application/User/i2c.o
 .debug_frame   0x00000308       0x80 Application/User/main.o
 .debug_frame   0x00000388       0x64 Application/User/spi.o
 .debug_frame   0x000003ec       0x2c Application/User/stm32f1xx_hal_msp.o
 .debug_frame   0x00000418       0xd0 Application/User/stm32f1xx_it.o
 .debug_frame   0x000004e8      0x128 Application/User/test_comm.o
 .debug_frame   0x00000610       0x98 Application/User/tim.o
 .debug_frame   0x000006a8       0x6c Application/User/usart.o
 .debug_frame   0x00000714       0x30 Drivers/CMSIS/system_stm32f1xx.o
 .debug_frame   0x00000744      0x168 Drivers/STM32F1xx_HAL_Driver/stm32f1xx_hal.o
 .debug_frame   0x000008ac      0x200 Drivers/STM32F1xx_HAL_Driver/stm32f1xx_hal_can.o
 .debug_frame   0x00000aac      0x124 Drivers/STM32F1xx_HAL_Driver/stm32f1xx_hal_cortex.o
 .debug_frame   0x00000bd0      0x10c Drivers/STM32F1xx_HAL_Driver/stm32f1xx_hal_dma.o
 .debug_frame   0x00000cdc      0x134 Drivers/STM32F1xx_HAL_Driver/stm32f1xx_hal_flash.o
 .debug_frame   0x00000e10      0x194 Drivers/STM32F1xx_HAL_Driver/stm32f1xx_hal_flash_ex.o
 .debug_frame   0x00000fa4       0xc4 Drivers/STM32F1xx_HAL_Driver/stm32f1xx_hal_gpio.o
 .debug_frame   0x00001068      0x708 Drivers/STM32F1xx_HAL_Driver/stm32f1xx_hal_i2c.o
 .debug_frame   0x00001770      0x158 Drivers/STM32F1xx_HAL_Driver/stm32f1xx_hal_rcc.o
 .debug_frame   0x000018c8       0x3c Drivers/STM32F1xx_HAL_Driver/stm32f1xx_hal_spi_ex.o
 .debug_frame   0x00001904      0x9cc Drivers/STM32F1xx_HAL_Driver/stm32f1xx_hal_tim.o
 .debug_frame   0x000022d0      0x3b8 Drivers/STM32F1xx_HAL_Driver/stm32f1xx_hal_tim_ex.o
 .debug_frame   0x00002688      0x378 Drivers/STM32F1xx_HAL_Driver/stm32f1xx_hal_uart.o
 .debug_frame   0x00002a00       0x2c c:/ac6/systemworkbench/plugins/fr.ac6.mcu.externaltools.arm-none.win32_1.13.2.201703061525/tools/compiler/bin/../lib/gcc/arm-none-eabi/5.4.1/../../../../arm-none-eabi/lib/armv7-m\libc_nano.a(lib_a-init.o)
