Archive member included to satisfy reference by file (symbol)

c:/ac6/systemworkbench/plugins/fr.ac6.mcu.externaltools.arm-none.win32_1.13.2.201703061525/tools/compiler/bin/../lib/gcc/arm-none-eabi/5.4.1/../../../../arm-none-eabi/lib/armv7-m\libc_nano.a(lib_a-exit.o)
                              c:/ac6/systemworkbench/plugins/fr.ac6.mcu.externaltools.arm-none.win32_1.13.2.201703061525/tools/compiler/bin/../lib/gcc/arm-none-eabi/5.4.1/../../../../arm-none-eabi/lib/armv7-m/crt0.o (exit)
c:/ac6/systemworkbench/plugins/fr.ac6.mcu.externaltools.arm-none.win32_1.13.2.201703061525/tools/compiler/bin/../lib/gcc/arm-none-eabi/5.4.1/../../../../arm-none-eabi/lib/armv7-m\libc_nano.a(lib_a-impure.o)
                              c:/ac6/systemworkbench/plugins/fr.ac6.mcu.externaltools.arm-none.win32_1.13.2.201703061525/tools/compiler/bin/../lib/gcc/arm-none-eabi/5.4.1/../../../../arm-none-eabi/lib/armv7-m\libc_nano.a(lib_a-exit.o) (_global_impure_ptr)
c:/ac6/systemworkbench/plugins/fr.ac6.mcu.externaltools.arm-none.win32_1.13.2.201703061525/tools/compiler/bin/../lib/gcc/arm-none-eabi/5.4.1/../../../../arm-none-eabi/lib/armv7-m\libc_nano.a(lib_a-init.o)
                              c:/ac6/systemworkbench/plugins/fr.ac6.mcu.externaltools.arm-none.win32_1.13.2.201703061525/tools/compiler/bin/../lib/gcc/arm-none-eabi/5.4.1/../../../../arm-none-eabi/lib/armv7-m/crt0.o (__libc_init_array)
c:/ac6/systemworkbench/plugins/fr.ac6.mcu.externaltools.arm-none.win32_1.13.2.201703061525/tools/compiler/bin/../lib/gcc/arm-none-eabi/5.4.1/../../../../arm-none-eabi/lib/armv7-m\libc_nano.a(lib_a-memset.o)
                              c:/ac6/systemworkbench/plugins/fr.ac6.mcu.externaltools.arm-none.win32_1.13.2.201703061525/tools/compiler/bin/../lib/gcc/arm-none-eabi/5.4.1/../../../../arm-none-eabi/lib/armv7-m/crt0.o (memset)
c:/ac6/systemworkbench/plugins/fr.ac6.mcu.externaltools.arm-none.win32_1.13.2.201703061525/tools/compiler/bin/../lib/gcc/arm-none-eabi/5.4.1/../../../../arm-none-eabi/lib/armv7-m\libc_nano.a(lib_a-puts.o)
                              Application/User/test_FLASH_HW.o (puts)
c:/ac6/systemworkbench/plugins/fr.ac6.mcu.externaltools.arm-none.win32_1.13.2.201703061525/tools/compiler/bin/../lib/gcc/arm-none-eabi/5.4.1/../../../../arm-none-eabi/lib/armv7-m\libc_nano.a(lib_a-wbuf.o)
                              c:/ac6/systemworkbench/plugins/fr.ac6.mcu.externaltools.arm-none.win32_1.13.2.201703061525/tools/compiler/bin/../lib/gcc/arm-none-eabi/5.4.1/../../../../arm-none-eabi/lib/armv7-m\libc_nano.a(lib_a-puts.o) (__swbuf_r)
c:/ac6/systemworkbench/plugins/fr.ac6.mcu.externaltools.arm-none.win32_1.13.2.201703061525/tools/compiler/bin/../lib/gcc/arm-none-eabi/5.4.1/../../../../arm-none-eabi/lib/armv7-m\libc_nano.a(lib_a-wsetup.o)
                              c:/ac6/systemworkbench/plugins/fr.ac6.mcu.externaltools.arm-none.win32_1.13.2.201703061525/tools/compiler/bin/../lib/gcc/arm-none-eabi/5.4.1/../../../../arm-none-eabi/lib/armv7-m\libc_nano.a(lib_a-puts.o) (__swsetup_r)
c:/ac6/systemworkbench/plugins/fr.ac6.mcu.externaltools.arm-none.win32_1.13.2.201703061525/tools/compiler/bin/../lib/gcc/arm-none-eabi/5.4.1/../../../../arm-none-eabi/lib/armv7-m\libc_nano.a(lib_a-fflush.o)
                              c:/ac6/systemworkbench/plugins/fr.ac6.mcu.externaltools.arm-none.win32_1.13.2.201703061525/tools/compiler/bin/../lib/gcc/arm-none-eabi/5.4.1/../../../../arm-none-eabi/lib/armv7-m\libc_nano.a(lib_a-wbuf.o) (_fflush_r)
c:/ac6/systemworkbench/plugins/fr.ac6.mcu.externaltools.arm-none.win32_1.13.2.201703061525/tools/compiler/bin/../lib/gcc/arm-none-eabi/5.4.1/../../../../arm-none-eabi/lib/armv7-m\libc_nano.a(lib_a-findfp.o)
                              c:/ac6/systemworkbench/plugins/fr.ac6.mcu.externaltools.arm-none.win32_1.13.2.201703061525/tools/compiler/bin/../lib/gcc/arm-none-eabi/5.4.1/../../../../arm-none-eabi/lib/armv7-m\libc_nano.a(lib_a-puts.o) (__sinit)
c:/ac6/systemworkbench/plugins/fr.ac6.mcu.externaltools.arm-none.win32_1.13.2.201703061525/tools/compiler/bin/../lib/gcc/arm-none-eabi/5.4.1/../../../../arm-none-eabi/lib/armv7-m\libc_nano.a(lib_a-fwalk.o)
                              c:/ac6/systemworkbench/plugins/fr.ac6.mcu.externaltools.arm-none.win32_1.13.2.201703061525/tools/compiler/bin/../lib/gcc/arm-none-eabi/5.4.1/../../../../arm-none-eabi/lib/armv7-m\libc_nano.a(lib_a-findfp.o) (_fwalk)
c:/ac6/systemworkbench/plugins/fr.ac6.mcu.externaltools.arm-none.win32_1.13.2.201703061525/tools/compiler/bin/../lib/gcc/arm-none-eabi/5.4.1/../../../../arm-none-eabi/lib/armv7-m\libc_nano.a(lib_a-makebuf.o)
                              c:/ac6/systemworkbench/plugins/fr.ac6.mcu.externaltools.arm-none.win32_1.13.2.201703061525/tools/compiler/bin/../lib/gcc/arm-none-eabi/5.4.1/../../../../arm-none-eabi/lib/armv7-m\libc_nano.a(lib_a-wsetup.o) (__smakebuf_r)
[...]
Memory Configuration

Name             Origin             Length             Attributes
RAM              0x20000000         0x00005000         xrw
FLASH            0x08000000         0x00020000         xr
*default*        0x00000000         0xffffffff

Linker script and memory map

LOAD c:/ac6/systemworkbench/plugins/fr.ac6.mcu.externaltools.arm-none.win32_1.13.2.201703061525/tools/compiler/bin/../lib/gcc/arm-none-eabi/5.4.1/armv7-m/crti.o
LOAD c:/ac6/systemworkbench/plugins/fr.ac6.mcu.externaltools.arm-none.win32_1.13.2.201703061525/tools/compiler/bin/../lib/gcc/arm-none-eabi/5.4.1/armv7-m/crtbegin.o
LOAD c:/ac6/systemworkbench/plugins/fr.ac6.mcu.externaltools.arm-none.win32_1.13.2.201703061525/tools/compiler/bin/../lib/gcc/arm-none-eabi/5.4.1/../../../../arm-none-eabi/lib/armv7-m/crt0.o
LOAD c:/ac6/systemworkbench/plugins/fr.ac6.mcu.externaltools.arm-none.win32_1.13.2.201703061525/tools/compiler/bin/../lib/gcc/arm-none-eabi/5.4.1/../../../../arm-none-eabi/lib/armv7-m\libm.a
LOAD Application/SW4STM32/startup_stm32f103xb.o
LOAD Application/User/bootlib.o
LOAD Application/User/bootloaderhw.o
LOAD Application/User/can.o
LOAD Application/User/com_interface.o
LOAD Application/User/dma.o
LOAD Application/User/gpio.o
LOAD Application/User/i2c.o
LOAD Application/User/main.o
LOAD Application/User/spi.o
LOAD Application/User/stm32f1xx_hal_msp.o
LOAD Application/User/stm32f1xx_it.o
LOAD Application/User/test_FLASH_HW.o
LOAD Application/User/test_comm.o
LOAD Application/User/tim.o
LOAD Application/User/usart.o
LOAD Drivers/CMSIS/system_stm32f1xx.o
LOAD Drivers/STM32F1xx_HAL_Driver/stm32f1xx_hal.o
LOAD Drivers/STM32F1xx_HAL_Driver/stm32f1xx_hal_can.o
LOAD Drivers/STM32F1xx_HAL_Driver/stm32f1xx_hal_cortex.o
LOAD Drivers/STM32F1xx_HAL_Driver/stm32f1xx_hal_dma.o
LOAD Drivers/STM32F1xx_HAL_Driver/stm32f1xx_hal_flash.o
LOAD Drivers/STM32F1xx_HAL_Driver/stm32f1xx_hal_flash_ex.o
LOAD Drivers/STM32F1xx_HAL_Driver/stm32f1xx_hal_gpio.o
LOAD Drivers/STM32F1xx_HAL_Driver/stm32f1xx_hal_gpio_ex.o
LOAD Drivers/STM32F1xx_HAL_Driver/stm32f1xx_hal_i2c.o
LOAD Drivers/STM32F1xx_HAL_Driver/stm32f1xx_hal_pwr.o
LOAD Drivers/STM32F1xx_HAL_Driver/stm32f1xx_hal_rcc.o
LOAD Drivers/STM32F1xx_HAL_Driver/stm32f1xx_hal_rcc_ex.o
LOAD Drivers/STM32F1xx_HAL_Driver/stm32f1xx_hal_spi.o
LOAD Drivers/STM32F1xx_HAL_Driver/stm32f1xx_hal_spi_ex.o
LOAD Drivers/STM32F1xx_HAL_Driver/stm32f1xx_hal_tim.o
LOAD Drivers/STM32F1xx_HAL_Driver/stm32f1xx_hal_tim_ex.o
LOAD Drivers/STM32F1xx_HAL_Driver/stm32f1xx_hal_uart.o
START GROUP
LOAD c:/ac6/systemworkbench/plugins/fr.ac6.mcu.externaltools.arm-none.win32_1.13.2.201703061525/tools/compiler/bin/../lib/gcc/arm-none-eabi/5.4.1/armv7-m\libgcc.a
LOAD c:/ac6/systemworkbench/plugins/fr.ac6.mcu.externaltools.arm-none.win32_1.13.2.201703061525/tools/compiler/bin/../lib/gcc/arm-none-eabi/5.4.1/../../../../arm-none-eabi/lib/armv7-m\libc_nano.a
END GROUP
START GROUP
LOAD c:/ac6/systemworkbench/plugins/fr.ac6.mcu.externaltools.arm-none.win32_1.13.2.201703061525/tools/compiler/bin/../lib/gcc/arm-none-eabi/5.4.1/armv7-m\libgcc.a
LOAD c:/ac6/systemworkbench/plugins/fr.ac6.mcu.externaltools.arm-none.win32_1.13.2.201703061525/tools/compiler/bin/../lib/gcc/arm-none-eabi/5.4.1/../../../../arm-none-eabi/lib/armv7-m\libc_nano.a
LOAD c:/ac6/systemworkbench/plugins/fr.ac6.mcu.externaltools.arm-none.win32_1.13.2.201703061525/tools/compiler/bin/../lib/gcc/arm-none-eabi/5.4.1/../../../../arm-none-eabi/lib/armv7-m\libnosys.a
END GROUP
START GROUP
LOAD c:/ac6/systemworkbench/plugins/fr.ac6.mcu.externaltools.arm-none.win32_1.13.2.201703061525/tools/compiler/bin/../lib/gcc/arm-none-eabi/5.4.1/armv7-m\libgcc.a
LOAD c:/ac6/systemworkbench/plugins/fr.ac6.mcu.externaltools.arm-none.win32_1.13.2.201703061525/tools/compiler/bin/../lib/gcc/arm-none-eabi/5.4.1/../../../../arm-none-eabi/lib/armv7-m\libc_nano.a
LOAD c:/ac6/systemworkbench/plugins/fr.ac6.mcu.externaltools.arm-none.win32_1.13.2.201703061525/tools/compiler/bin/../lib/gcc/arm-none-eabi/5.4.1/../../../../arm-none-eabi/lib/armv7-m\libnosys.a
END GROUP
LOAD c:/ac6/systemworkbench/plugins/fr.ac6.mcu.externaltools.arm-none.win32_1.13.2.201703061525/tools/compiler/bin/../lib/gcc/arm-none-eabi/5.4.1/armv7-m/crtend.o
LOAD c:/ac6/systemworkbench/plugins/fr.ac6.mcu.externaltools.arm-none.win32_1.13.2.201703061525/tools/compiler/bin/../lib/gcc/arm-none-eabi/5.4.1/armv7-m/crtn.o
                0x20005000                _estack = 0x20005000
                0x00000200                _Min_Heap_Size = 0x200
                0x00000400                _Min_Stack_Size = 0x400

.isr_vector     0x08000000      0x10c
                0x08000000                . = ALIGN (0x4)
 *(.isr_vector)
 .isr_vector    0x08000000      0x10c Application/SW4STM32/startup_stm32f103xb.o
                0x08000000                g_pfnVectors
                0x0800010c                . = ALIGN (0x4)

.text           0x0800010c     0x2890
                0x0800010c                . = ALIGN (0x4)
 *(.text)
 .text          0x0800010c       0x5c c:/ac6/systemworkbench/plugins/fr.ac6.mcu.externaltools.arm-none.win32_1.13.2.201703061525/tools/compiler/bin/../lib/gcc/arm-none-eabi/5.4.1/armv7-m/crtbegin.o
 *(.text*)
 .text.Reset_Handler
                0x08000168       0x48 Application/SW4STM32/startup_stm32f103xb.o
                0x08000168                Reset_Handler
 .text.Default_Handler
                0x080001b0        0x2 Application/SW4STM32/startup_stm32f103xb.o
                0x080001b0                RTC_Alarm_IRQHandler
                0x080001b0                EXTI2_IRQHandler
                0x080001b0                DebugMon_Handler
                0x080001b0                TIM1_CC_IRQHandler
                0x080001b0                HardFault_Handler
                0x080001b0                PVD_IRQHandler
                0x080001b0                PendSV_Handler
                0x080001b0                NMI_Handler
                0x080001b0                EXTI3_IRQHandler
                0x080001b0                EXTI0_IRQHandler
                0x080001b0                I2C2_EV_IRQHandler
                0x080001b0                UsageFault_Handler
                0x080001b0                ADC1_2_IRQHandler
                0x080001b0                SPI1_IRQHandler
                0x080001b0                TAMPER_IRQHandler
                0x080001b0                USART3_IRQHandler
                0x080001b0                RTC_IRQHandler
                0x080001b0                DMA1_Channel7_IRQHandler
                0x080001b0                CAN1_RX1_IRQHandler
                0x080001b0                TIM4_IRQHandler
                0x080001b0                I2C1_EV_IRQHandler
                0x080001b0                DMA1_Channel6_IRQHandler
                0x080001b0                RCC_IRQHandler
                0x080001b0                TIM1_TRG_COM_IRQHandler
                0x080001b0                DMA1_Channel1_IRQHandler
                0x080001b0                Default_Handler
                0x080001b0                EXTI9_5_IRQHandler
                0x080001b0                SPI2_IRQHandler
                0x080001b0                MemManage_Handler
                0x080001b0                SVC_Handler
                0x080001b0                DMA1_Channel5_IRQHandler
                0x080001b0                EXTI4_IRQHandler
                0x080001b0                USB_LP_CAN1_RX0_IRQHandler
                0x080001b0                USB_HP_CAN1_TX_IRQHandler
                0x080001b0                DMA1_Channel3_IRQHandler
                0x080001b0                WWDG_IRQHandler
                0x080001b0                EXTI1_IRQHandler
                0x080001b0                USART2_IRQHandler
                0x080001b0                I2C2_ER_IRQHandler
                0x080001b0                DMA1_Channel2_IRQHandler
                0x080001b0                CAN1_SCE_IRQHandler
                0x080001b0                FLASH_IRQHandler
                0x080001b0                BusFault_Handler
                0x080001b0                I2C1_ER_IRQHandler
                0x080001b0                USBWakeUp_IRQHandler
 *fill*         0x080001b2        0x2 
 .text.Bootloader_SplitFlash
                0x080001b4       0x1c Application/User/bootlib.o
                0x080001b4                Bootloader_SplitFlash
 .text.Bootloader_CalculateSectorForStorage
                0x080001d0       0x2c Application/User/bootlib.o
                0x080001d0                Bootloader_CalculateSectorForStorage
 .text.Bootloader_CalculateSectorForApp
                0x080001fc       0x2c Application/User/bootlib.o
                0x080001fc                Bootloader_CalculateSectorForApp
 .text.Bootloader_Read
                0x08000228       0x80 Application/User/bootloaderhw.o
 .text.Bootloader_Erase
                0x080002a8       0x2c Application/User/bootloaderhw.o
 .text.Bootloader_Write
                0x080002d4       0x38 Application/User/bootloaderhw.o
 .text.Bootloader_WriteStorage
                0x0800030c       0x30 Application/User/bootloaderhw.o
 .text.Bootloader_EraseStorage
                0x0800033c       0x34 Application/User/bootloaderhw.o
                0x0800033c                Bootloader_EraseStorage
 .text.Bootloader_Init
                0x08000370       0x3c Application/User/bootloaderhw.o
                0x08000370                Bootloader_Init
 .text.Bootloader_WriteStorage8
                0x080003ac       0x18 Application/User/bootloaderhw.o
                0x080003ac                Bootloader_WriteStorage8
 .text.MX_CAN_Init
                0x080003c4       0x38 Application/User/can.o
                0x080003c4                MX_CAN_Init
 .text.HAL_CAN_MspInit
                0x080003fc       0x5c Application/User/can.o
                0x080003fc                HAL_CAN_MspInit
 .text.Send_Home_Menu
                0x08000458       0x1c Application/User/com_interface.o
                0x08000458                Send_Home_Menu
 .text.Send_Char
                0x08000474       0x18 Application/User/com_interface.o
                0x08000474                Send_Char
 .text.MX_DMA_Init
                0x0800048c       0x34 Application/User/dma.o
                0x0800048c                MX_DMA_Init
 .text.MX_GPIO_Init
                0x080004c0       0xb8 Application/User/gpio.o
                0x080004c0                MX_GPIO_Init
 .text.MX_I2C1_Init
                0x08000578       0x38 Application/User/i2c.o
                0x08000578                MX_I2C1_Init
 .text.HAL_I2C_MspInit
                0x080005b0       0x48 Application/User/i2c.o
                0x080005b0                HAL_I2C_MspInit
 .text.Error_Handler
                0x080005f8        0x4 Application/User/main.o
                0x080005f8                Error_Handler
 .text.SystemClock_Config
                0x080005fc       0x74 Application/User/main.o
                0x080005fc                SystemClock_Config
 .text.main     0x08000670       0x28 Application/User/main.o
                0x08000670                main
 .text.MX_SPI2_Init
                0x08000698       0x40 Application/User/spi.o
                0x08000698                MX_SPI2_Init
 .text.HAL_SPI_MspInit
                0x080006d8       0x5c Application/User/spi.o
                0x080006d8                HAL_SPI_MspInit
 .text.HAL_MspInit
                0x08000734       0x90 Application/User/stm32f1xx_hal_msp.o
                0x08000734                HAL_MspInit
 .text.SysTick_Handler
                0x080007c4       0x18 Application/User/stm32f1xx_it.o
                0x080007c4                SysTick_Handler
 .text.DMA1_Channel4_IRQHandler
                0x080007dc       0x10 Application/User/stm32f1xx_it.o
                0x080007dc                DMA1_Channel4_IRQHandler
 .text.TIM1_BRK_IRQHandler
                0x080007ec       0x10 Application/User/stm32f1xx_it.o
                0x080007ec                TIM1_BRK_IRQHandler
 .text.TIM1_UP_IRQHandler
                0x080007fc       0x10 Application/User/stm32f1xx_it.o
                0x080007fc                TIM1_UP_IRQHandler
 .text.TIM2_IRQHandler
                0x0800080c       0x10 Application/User/stm32f1xx_it.o
                0x0800080c                TIM2_IRQHandler
 .text.TIM3_IRQHandler
                0x0800081c       0x10 Application/User/stm32f1xx_it.o
                0x0800081c                TIM3_IRQHandler
 .text.USART1_IRQHandler
                0x0800082c       0x10 Application/User/stm32f1xx_it.o
                0x0800082c                USART1_IRQHandler
 .text.EXTI15_10_IRQHandler
                0x0800083c        0xc Application/User/stm32f1xx_it.o
                0x0800083c                EXTI15_10_IRQHandler
 .text.test_ReceptionInBlockingMode
                0x08000848       0x7c Application/User/test_comm.o
                0x08000848                test_ReceptionInBlockingMode
 .text.test_ReceptionInNonBlockingMode
                0x080008c4       0x8c Application/User/test_comm.o
                0x080008c4                test_ReceptionInNonBlockingMode
 .text.test_MultipleNonBlockingModeReception
                0x08000950       0xa4 Application/User/test_comm.o
                0x08000950                test_MultipleNonBlockingModeReception
 .text.test_SendHomeMenu
                0x080009f4       0x88 Application/User/test_comm.o
                0x080009f4                test_SendHomeMenu
 .text.test_WriteReceivedDataInFlash
                0x08000a7c      0x104 Application/User/test_comm.o
                0x08000a7c                test_WriteReceivedDataInFlash
 .text.runAllCommTest
                0x08000b80       0x18 Application/User/test_comm.o
                0x08000b80                runAllCommTest
 .text.MX_USART1_UART_Init
                0x08000b98       0x34 Application/User/usart.o
                0x08000b98                MX_USART1_UART_Init
 .text.HAL_UART_MspInit
                0x08000bcc       0xa0 Application/User/usart.o
                0x08000bcc                HAL_UART_MspInit
 .text.SystemInit
                0x08000c6c       0x4c Drivers/CMSIS/system_stm32f1xx.o
                0x08000c6c                SystemInit
 .text.HAL_InitTick
                0x08000cb8       0x28 Drivers/STM32F1xx_HAL_Driver/stm32f1xx_hal.o
                0x08000cb8                HAL_InitTick
 .text.HAL_Init
                0x08000ce0       0x24 Drivers/STM32F1xx_HAL_Driver/stm32f1xx_hal.o
                0x08000ce0                HAL_Init
 .text.HAL_IncTick
                0x08000d04       0x10 Drivers/STM32F1xx_HAL_Driver/stm32f1xx_hal.o
                0x08000d04                HAL_IncTick
 .text.HAL_GetTick
                0x08000d14        0xc Drivers/STM32F1xx_HAL_Driver/stm32f1xx_hal.o
                0x08000d14                HAL_GetTick
 .text.HAL_Delay
                0x08000d20       0x1c Drivers/STM32F1xx_HAL_Driver/stm32f1xx_hal.o
                0x08000d20                HAL_Delay
 .text.HAL_CAN_Init
                0x08000d3c      0x12c Drivers/STM32F1xx_HAL_Driver/stm32f1xx_hal_can.o
                0x08000d3c                HAL_CAN_Init
 .text.HAL_NVIC_SetPriorityGrouping
                0x08000e68       0x24 Drivers/STM32F1xx_HAL_Driver/stm32f1xx_hal_cortex.o
                0x08000e68                HAL_NVIC_SetPriorityGrouping
 .text.HAL_NVIC_SetPriority
                0x08000e8c       0x64 Drivers/STM32F1xx_HAL_Driver/stm32f1xx_hal_cortex.o
                0x08000e8c                HAL_NVIC_SetPriority
 .text.HAL_NVIC_EnableIRQ
                0x08000ef0       0x18 Drivers/STM32F1xx_HAL_Driver/stm32f1xx_hal_cortex.o
                0x08000ef0                HAL_NVIC_EnableIRQ
 .text.HAL_SYSTICK_Config
                0x08000f08       0x2c Drivers/STM32F1xx_HAL_Driver/stm32f1xx_hal_cortex.o
                0x08000f08                HAL_SYSTICK_Config
 .text.HAL_SYSTICK_CLKSourceConfig
                0x08000f34       0x20 Drivers/STM32F1xx_HAL_Driver/stm32f1xx_hal_cortex.o
                0x08000f34                HAL_SYSTICK_CLKSourceConfig
 .text.HAL_SYSTICK_Callback
                0x08000f54        0x4 Drivers/STM32F1xx_HAL_Driver/stm32f1xx_hal_cortex.o
                0x08000f54                HAL_SYSTICK_Callback
 .text.HAL_SYSTICK_IRQHandler
                0x08000f58        0x8 Drivers/STM32F1xx_HAL_Driver/stm32f1xx_hal_cortex.o
                0x08000f58                HAL_SYSTICK_IRQHandler
 .text.HAL_DMA_Init
                0x08000f60       0x54 Drivers/STM32F1xx_HAL_Driver/stm32f1xx_hal_dma.o
                0x08000f60                HAL_DMA_Init
 .text.HAL_DMA_IRQHandler
                0x08000fb4      0x270 Drivers/STM32F1xx_HAL_Driver/stm32f1xx_hal_dma.o
                0x08000fb4                HAL_DMA_IRQHandler
 .text.FLASH_Program_HalfWord
                0x08001224       0x1c Drivers/STM32F1xx_HAL_Driver/stm32f1xx_hal_flash.o
 .text.FLASH_SetErrorCode
                0x08001240       0x58 Drivers/STM32F1xx_HAL_Driver/stm32f1xx_hal_flash.o
 .text.HAL_FLASH_Unlock
                0x08001298       0x28 Drivers/STM32F1xx_HAL_Driver/stm32f1xx_hal_flash.o
                0x08001298                HAL_FLASH_Unlock
 .text.HAL_FLASH_Lock
                0x080012c0       0x14 Drivers/STM32F1xx_HAL_Driver/stm32f1xx_hal_flash.o
                0x080012c0                HAL_FLASH_Lock
 .text.FLASH_WaitForLastOperation
                0x080012d4       0x70 Drivers/STM32F1xx_HAL_Driver/stm32f1xx_hal_flash.o
                0x080012d4                FLASH_WaitForLastOperation
 .text.HAL_FLASH_Program
                0x08001344       0xa0 Drivers/STM32F1xx_HAL_Driver/stm32f1xx_hal_flash.o
                0x08001344                HAL_FLASH_Program
 .text.FLASH_MassErase
                0x080013e4       0x24 Drivers/STM32F1xx_HAL_Driver/stm32f1xx_hal_flash_ex.o
 .text.FLASH_PageErase
                0x08001408       0x24 Drivers/STM32F1xx_HAL_Driver/stm32f1xx_hal_flash_ex.o
                0x08001408                FLASH_PageErase
 .text.HAL_FLASHEx_Erase
                0x0800142c       0xa4 Drivers/STM32F1xx_HAL_Driver/stm32f1xx_hal_flash_ex.o
                0x0800142c                HAL_FLASHEx_Erase
 .text.HAL_GPIO_Init
                0x080014d0      0x1d8 Drivers/STM32F1xx_HAL_Driver/stm32f1xx_hal_gpio.o
                0x080014d0                HAL_GPIO_Init
 .text.HAL_GPIO_WritePin
                0x080016a8        0xc Drivers/STM32F1xx_HAL_Driver/stm32f1xx_hal_gpio.o
                0x080016a8                HAL_GPIO_WritePin
 .text.HAL_GPIO_TogglePin
                0x080016b4        0x8 Drivers/STM32F1xx_HAL_Driver/stm32f1xx_hal_gpio.o
                0x080016b4                HAL_GPIO_TogglePin
 .text.HAL_GPIO_EXTI_Callback
                0x080016bc        0x4 Drivers/STM32F1xx_HAL_Driver/stm32f1xx_hal_gpio.o
                0x080016bc                HAL_GPIO_EXTI_Callback
 .text.HAL_GPIO_EXTI_IRQHandler
                0x080016c0       0x18 Drivers/STM32F1xx_HAL_Driver/stm32f1xx_hal_gpio.o
                0x080016c0                HAL_GPIO_EXTI_IRQHandler
 .text.I2C_Configure_Speed
                0x080016d8       0x4c Drivers/STM32F1xx_HAL_Driver/stm32f1xx_hal_i2c.o
 .text.HAL_I2C_Init
                0x08001724       0xb4 Drivers/STM32F1xx_HAL_Driver/stm32f1xx_hal_i2c.o
                0x08001724                HAL_I2C_Init
 .text.HAL_RCC_OscConfig
                0x080017d8      0x5ec Drivers/STM32F1xx_HAL_Driver/stm32f1xx_hal_rcc.o
                0x080017d8                HAL_RCC_OscConfig
 .text.HAL_RCC_GetSysClockFreq
                0x08001dc4       0x94 Drivers/STM32F1xx_HAL_Driver/stm32f1xx_hal_rcc.o
                0x08001dc4                HAL_RCC_GetSysClockFreq
 .text.HAL_RCC_ClockConfig
                0x08001e58      0x1e4 Drivers/STM32F1xx_HAL_Driver/stm32f1xx_hal_rcc.o
                0x08001e58                HAL_RCC_ClockConfig
 .text.HAL_RCC_GetHCLKFreq
                0x0800203c        0xc Drivers/STM32F1xx_HAL_Driver/stm32f1xx_hal_rcc.o
                0x0800203c                HAL_RCC_GetHCLKFreq
 .text.HAL_RCC_GetPCLK1Freq
                0x08002048       0x30 Drivers/STM32F1xx_HAL_Driver/stm32f1xx_hal_rcc.o
                0x08002048                HAL_RCC_GetPCLK1Freq
 .text.HAL_RCC_GetPCLK2Freq
                0x08002078       0x30 Drivers/STM32F1xx_HAL_Driver/stm32f1xx_hal_rcc.o
                0x08002078                HAL_RCC_GetPCLK2Freq
 .text.HAL_SPI_Init
                0x080020a8       0x88 Drivers/STM32F1xx_HAL_Driver/stm32f1xx_hal_spi_ex.o
                0x080020a8                HAL_SPI_Init
 .text.HAL_TIM_PeriodElapsedCallback
                0x08002130        0x4 Drivers/STM32F1xx_HAL_Driver/stm32f1xx_hal_tim.o
                0x08002130                HAL_TIM_PeriodElapsedCallback
 .text.HAL_TIM_OC_DelayElapsedCallback
                0x08002134        0x4 Drivers/STM32F1xx_HAL_Driver/stm32f1xx_hal_tim.o
                0x08002134                HAL_TIM_OC_DelayElapsedCallback
 .text.HAL_TIM_IC_CaptureCallback
                0x08002138        0x4 Drivers/STM32F1xx_HAL_Driver/stm32f1xx_hal_tim.o
                0x08002138                HAL_TIM_IC_CaptureCallback
 .text.HAL_TIM_PWM_PulseFinishedCallback
                0x0800213c        0x4 Drivers/STM32F1xx_HAL_Driver/stm32f1xx_hal_tim.o
                0x0800213c                HAL_TIM_PWM_PulseFinishedCallback
 .text.HAL_TIM_TriggerCallback
                0x08002140        0x4 Drivers/STM32F1xx_HAL_Driver/stm32f1xx_hal_tim.o
                0x08002140                HAL_TIM_TriggerCallback
 .text.HAL_TIM_IRQHandler
                0x08002144      0x174 Drivers/STM32F1xx_HAL_Driver/stm32f1xx_hal_tim.o
                0x08002144                HAL_TIM_IRQHandler
 .text.HAL_TIMEx_CommutationCallback
                0x080022b8        0x4 Drivers/STM32F1xx_HAL_Driver/stm32f1xx_hal_tim_ex.o
                0x080022b8                HAL_TIMEx_CommutationCallback
 .text.HAL_TIMEx_BreakCallback
                0x080022bc        0x4 Drivers/STM32F1xx_HAL_Driver/stm32f1xx_hal_tim_ex.o
                0x080022bc                HAL_TIMEx_BreakCallback
 .text.UART_Transmit_IT
                0x080022c0       0x6c Drivers/STM32F1xx_HAL_Driver/stm32f1xx_hal_uart.o
 .text.UART_SetConfig
                0x0800232c      0x1bc Drivers/STM32F1xx_HAL_Driver/stm32f1xx_hal_uart.o
 .text.UART_WaitOnFlagUntilTimeout
                0x080024e8       0xd4 Drivers/STM32F1xx_HAL_Driver/stm32f1xx_hal_uart.o
 .text.HAL_UART_Init
                0x080025bc       0x60 Drivers/STM32F1xx_HAL_Driver/stm32f1xx_hal_uart.o
                0x080025bc                HAL_UART_Init
 .text.HAL_UART_Transmit
                0x0800261c       0xec Drivers/STM32F1xx_HAL_Driver/stm32f1xx_hal_uart.o
                0x0800261c                HAL_UART_Transmit
 .text.HAL_UART_Receive_IT
                0x08002708       0x80 Drivers/STM32F1xx_HAL_Driver/stm32f1xx_hal_uart.o
                0x08002708                HAL_UART_Receive_IT
 .text.HAL_UART_TxCpltCallback
                0x08002788        0x4 Drivers/STM32F1xx_HAL_Driver/stm32f1xx_hal_uart.o
                0x08002788                HAL_UART_TxCpltCallback
 .text.UART_EndTransmit_IT
                0x0800278c       0x2c Drivers/STM32F1xx_HAL_Driver/stm32f1xx_hal_uart.o
 .text.HAL_UART_RxCpltCallback
                0x080027b8        0x4 Drivers/STM32F1xx_HAL_Driver/stm32f1xx_hal_uart.o
                0x080027b8                HAL_UART_RxCpltCallback
 .text.UART_Receive_IT
                0x080027bc       0xb4 Drivers/STM32F1xx_HAL_Driver/stm32f1xx_hal_uart.o
 .text.HAL_UART_ErrorCallback
                0x08002870        0x4 Drivers/STM32F1xx_HAL_Driver/stm32f1xx_hal_uart.o
                0x08002870                HAL_UART_ErrorCallback
 .text.HAL_UART_IRQHandler
                0x08002874       0xc4 Drivers/STM32F1xx_HAL_Driver/stm32f1xx_hal_uart.o
                0x08002874                HAL_UART_IRQHandler
 .text.__libc_init_array
                0x08002938       0x4c c:/ac6/systemworkbench/plugins/fr.ac6.mcu.externaltools.arm-none.win32_1.13.2.201703061525/tools/compiler/bin/../lib/gcc/arm-none-eabi/5.4.1/../../../../arm-none-eabi/lib/armv7-m\libc_nano.a(lib_a-init.o)
                0x08002938                __libc_init_array
 *(.glue_7)
 .glue_7        0x08002984        0x0 linker stubs
 *(.glue_7t)
 .glue_7t       0x08002984        0x0 linker stubs
 *(.eh_frame)
 .eh_frame      0x08002984        0x0 c:/ac6/systemworkbench/plugins/fr.ac6.mcu.externaltools.arm-none.win32_1.13.2.201703061525/tools/compiler/bin/../lib/gcc/arm-none-eabi/5.4.1/armv7-m/crtbegin.o
 *(.init)
 .init          0x08002984        0x4 c:/ac6/systemworkbench/plugins/fr.ac6.mcu.externaltools.arm-none.win32_1.13.2.201703061525/tools/compiler/bin/../lib/gcc/arm-none-eabi/5.4.1/armv7-m/crti.o
                0x08002984                _init
 .init          0x08002988        0x8 c:/ac6/systemworkbench/plugins/fr.ac6.mcu.externaltools.arm-none.win32_1.13.2.201703061525/tools/compiler/bin/../lib/gcc/arm-none-eabi/5.4.1/armv7-m/crtn.o
 *(.fini)
 .fini          0x08002990        0x4 c:/ac6/systemworkbench/plugins/fr.ac6.mcu.externaltools.arm-none.win32_1.13.2.201703061525/tools/compiler/bin/../lib/gcc/arm-none-eabi/5.4.1/armv7-m/crti.o
                0x08002990                _fini
 .fini          0x08002994        0x8 c:/ac6/systemworkbench/plugins/fr.ac6.mcu.externaltools.arm-none.win32_1.13.2.201703061525/tools/compiler/bin/../lib/gcc/arm-none-eabi/5.4.1/armv7-m/crtn.o
                0x0800299c                . = ALIGN (0x4)
                0x0800299c                _etext = .

.vfp11_veneer   0x0800299c        0x0
 .vfp11_veneer  0x0800299c        0x0 linker stubs

.v4_bx          0x0800299c        0x0
 .v4_bx         0x0800299c        0x0 linker stubs

.iplt           0x0800299c        0x0
 .iplt          0x0800299c        0x0 c:/ac6/systemworkbench/plugins/fr.ac6.mcu.externaltools.arm-none.win32_1.13.2.201703061525/tools/compiler/bin/../lib/gcc/arm-none-eabi/5.4.1/armv7-m/crtbegin.o

.rodata         0x0800299c      0x1ac
                0x0800299c                . = ALIGN (0x4)
 *(.rodata)
 .rodata        0x0800299c       0x18 Drivers/CMSIS/system_stm32f1xx.o
                0x0800299c                AHBPrescTable
                0x080029ac                APBPrescTable
 .rodata        0x080029b4       0x12 Drivers/STM32F1xx_HAL_Driver/stm32f1xx_hal_rcc.o
 *(.rodata*)
 *fill*         0x080029c6        0x2 
 .rodata.str1.4
                0x080029c8      0x180 Application/User/test_comm.o
                                0x17d (size before relaxing)
                0x08002b48                . = ALIGN (0x4)

.rel.dyn        0x08002b48        0x0
 .rel.iplt      0x08002b48        0x0 c:/ac6/systemworkbench/plugins/fr.ac6.mcu.externaltools.arm-none.win32_1.13.2.201703061525/tools/compiler/bin/../lib/gcc/arm-none-eabi/5.4.1/armv7-m/crtbegin.o

.ARM.extab
 *(.ARM.extab* .gnu.linkonce.armextab.*)

.ARM            0x08002b48        0x0
                0x08002b48                __exidx_start = .
 *(.ARM.exidx*)
                0x08002b48                __exidx_end = .

.preinit_array  0x08002b48        0x0
                0x08002b48                PROVIDE (__preinit_array_start, .)
 *(.preinit_array*)
                0x08002b48                PROVIDE (__preinit_array_end, .)

.init_array     0x08002b48        0x4
                0x08002b48                PROVIDE (__init_array_start, .)
 *(SORT(.init_array.*))
 *(.init_array*)
 .init_array    0x08002b48        0x4 c:/ac6/systemworkbench/plugins/fr.ac6.mcu.externaltools.arm-none.win32_1.13.2.201703061525/tools/compiler/bin/../lib/gcc/arm-none-eabi/5.4.1/armv7-m/crtbegin.o
                0x08002b4c                PROVIDE (__init_array_end, .)

.fini_array     0x08002b4c        0x4
                [!provide]                PROVIDE (__fini_array_start, .)
 *(SORT(.fini_array.*))
 *(.fini_array*)
 .fini_array    0x08002b4c        0x4 c:/ac6/systemworkbench/plugins/fr.ac6.mcu.externaltools.arm-none.win32_1.13.2.201703061525/tools/compiler/bin/../lib/gcc/arm-none-eabi/5.4.1/armv7-m/crtbegin.o
                [!provide]                PROVIDE (__fini_array_end, .)
                0x08002b50                _sidata = LOADADDR (.data)

.data           0x20000000       0xc4 load address 0x08002b50
                0x20000000                . = ALIGN (0x4)
                0x20000000                _sdata = .
 *(.data)
 .data          0x20000000       0xbf Application/User/com_interface.o
                0x20000000                Home_Menu
 *fill*         0x200000bf        0x1 
 .data          0x200000c0        0x4 Drivers/CMSIS/system_stm32f1xx.o
                0x200000c0                SystemCoreClock
 *(.data*)
                0x200000c4                . = ALIGN (0x4)
                0x200000c4                _edata = .

.jcr            0x200000c4        0x0 load address 0x08002c14
 .jcr           0x200000c4        0x0 c:/ac6/systemworkbench/plugins/fr.ac6.mcu.externaltools.arm-none.win32_1.13.2.201703061525/tools/compiler/bin/../lib/gcc/arm-none-eabi/5.4.1/armv7-m/crtbegin.o

.igot.plt       0x200000c4        0x0 load address 0x08002c14
 .igot.plt      0x200000c4        0x0 c:/ac6/systemworkbench/plugins/fr.ac6.mcu.externaltools.arm-none.win32_1.13.2.201703061525/tools/compiler/bin/../lib/gcc/arm-none-eabi/5.4.1/armv7-m/crtbegin.o
                0x200000c4                . = ALIGN (0x4)

.bss            0x200000c8      0x268 load address 0x08002c14
                0x200000c8                _sbss = .
                0x200000c8                __bss_start__ = _sbss
 *(.bss)
 .bss           0x200000c8       0x1c c:/ac6/systemworkbench/plugins/fr.ac6.mcu.externaltools.arm-none.win32_1.13.2.201703061525/tools/compiler/bin/../lib/gcc/arm-none-eabi/5.4.1/armv7-m/crtbegin.o
 .bss           0x200000e4        0xc Application/User/bootlib.o
 .bss           0x200000f0       0x10 Application/User/bootloaderhw.o
 .bss           0x20000100        0x4 Application/User/test_comm.o
 .bss           0x20000104        0x4 Drivers/STM32F1xx_HAL_Driver/stm32f1xx_hal.o
 .bss           0x20000108        0x1 Drivers/STM32F1xx_HAL_Driver/stm32f1xx_hal_spi_ex.o
                0x20000108                uCRCErrorWorkaroundCheck
 *(.bss*)
 *(COMMON)
 *fill*         0x20000109        0x3 
 COMMON         0x2000010c       0x40 Application/User/can.o
                0x2000010c                hcan
 COMMON         0x2000014c       0x3c Application/User/i2c.o
                0x2000014c                hi2c1
 COMMON         0x20000188       0x58 Application/User/spi.o
                0x20000188                hspi2
 COMMON         0x200001e0       0xb4 Application/User/tim.o
                0x200001e0                htim3
                0x2000021c                htim1
                0x20000258                htim2
 COMMON         0x20000294       0x78 Application/User/usart.o
                0x20000294                hdma_usart1_tx
                0x200002cc                huart1
 *fill*         0x2000030c        0x4 
 COMMON         0x20000310       0x20 Drivers/STM32F1xx_HAL_Driver/stm32f1xx_hal_flash.o
                0x20000310                pFlash
                0x20000330                . = ALIGN (0x4)
                0x20000330                _ebss = .
                0x20000330                __bss_end__ = _ebss

._user_heap_stack
                0x20000330      0x600 load address 0x08002c14
                0x20000330                . = ALIGN (0x8)
                0x20000330                PROVIDE (end, .)
                [!provide]                PROVIDE (_end, .)
                0x20000530                . = (. + _Min_Heap_Size)
 *fill*         0x20000330      0x200 
                0x20000930                . = (. + _Min_Stack_Size)
 *fill*         0x20000530      0x400 
                0x20000930                . = ALIGN (0x8)

/DISCARD/
 libc.a(*)
 libm.a(*)
 libgcc.a(*)

.ARM.attributes
                0x00000000       0x29
 *(.ARM.attributes)
 .ARM.attributes
                0x00000000       0x1d c:/ac6/systemworkbench/plugins/fr.ac6.mcu.externaltools.arm-none.win32_1.13.2.201703061525/tools/compiler/bin/../lib/gcc/arm-none-eabi/5.4.1/armv7-m/crti.o
 .ARM.attributes
                0x0000001d       0x2d c:/ac6/systemworkbench/plugins/fr.ac6.mcu.externaltools.arm-none.win32_1.13.2.201703061525/tools/compiler/bin/../lib/gcc/arm-none-eabi/5.4.1/armv7-m/crtbegin.o
 .ARM.attributes
                0x0000004a       0x21 Application/SW4STM32/startup_stm32f103xb.o
 .ARM.attributes
                0x0000006b       0x33 Application/User/bootlib.o
 .ARM.attributes
                0x0000009e       0x33 Application/User/bootloaderhw.o
 .ARM.attributes
                0x000000d1       0x33 Application/User/can.o
 .ARM.attributes
                0x00000104       0x33 Application/User/com_interface.o
 .ARM.attributes
                0x00000137       0x33 Application/User/dma.o
 .ARM.attributes
                0x0000016a       0x33 Application/User/gpio.o
 .ARM.attributes
                0x0000019d       0x33 Application/User/i2c.o
 .ARM.attributes
                0x000001d0       0x33 Application/User/main.o
 .ARM.attributes
                0x00000203       0x33 Application/User/spi.o
 .ARM.attributes
                0x00000236       0x33 Application/User/stm32f1xx_hal_msp.o
 .ARM.attributes
                0x00000269       0x33 Application/User/stm32f1xx_it.o
 .ARM.attributes
                0x0000029c       0x33 Application/User/test_comm.o
 .ARM.attributes
                0x000002cf       0x33 Application/User/tim.o
 .ARM.attributes
                0x00000302       0x33 Application/User/usart.o
 .ARM.attributes
                0x00000335       0x33 Drivers/CMSIS/system_stm32f1xx.o
 .ARM.attributes
                0x00000368       0x33 Drivers/STM32F1xx_HAL_Driver/stm32f1xx_hal.o
 .ARM.attributes
                0x0000039b       0x33 Drivers/STM32F1xx_HAL_Driver/stm32f1xx_hal_can.o
 .ARM.attributes
                0x000003ce       0x33 Drivers/STM32F1xx_HAL_Driver/stm32f1xx_hal_cortex.o
 .ARM.attributes
                0x00000401       0x33 Drivers/STM32F1xx_HAL_Driver/stm32f1xx_hal_dma.o
 .ARM.attributes
                0x00000434       0x33 Drivers/STM32F1xx_HAL_Driver/stm32f1xx_hal_flash.o
 .ARM.attributes
                0x00000467       0x33 Drivers/STM32F1xx_HAL_Driver/stm32f1xx_hal_flash_ex.o
 .ARM.attributes
                0x0000049a       0x33 Drivers/STM32F1xx_HAL_Driver/stm32f1xx_hal_gpio.o
 .ARM.attributes
                0x000004cd       0x33 Drivers/STM32F1xx_HAL_Driver/stm32f1xx_hal_i2c.o
 .ARM.attributes
                0x00000500       0x33 Drivers/STM32F1xx_HAL_Driver/stm32f1xx_hal_rcc.o
 .ARM.attributes
                0x00000533       0x33 Drivers/STM32F1xx_HAL_Driver/stm32f1xx_hal_spi_ex.o
 .ARM.attributes
                0x00000566       0x33 Drivers/STM32F1xx_HAL_Driver/stm32f1xx_hal_tim.o
 .ARM.attributes
                0x00000599       0x33 Drivers/STM32F1xx_HAL_Driver/stm32f1xx_hal_tim_ex.o
 .ARM.attributes
                0x000005cc       0x33 Drivers/STM32F1xx_HAL_Driver/stm32f1xx_hal_uart.o
 .ARM.attributes
                0x000005ff       0x2d c:/ac6/systemworkbench/plugins/fr.ac6.mcu.externaltools.arm-none.win32_1.13.2.201703061525/tools/compiler/bin/../lib/gcc/arm-none-eabi/5.4.1/../../../../arm-none-eabi/lib/armv7-m\libc_nano.a(lib_a-init.o)
 .ARM.attributes
                0x0000062c       0x1d c:/ac6/systemworkbench/plugins/fr.ac6.mcu.externaltools.arm-none.win32_1.13.2.201703061525/tools/compiler/bin/../lib/gcc/arm-none-eabi/5.4.1/armv7-m/crtn.o
OUTPUT(BootloaderV1.elf elf32-littlearm)

.debug_line     0x00000000    0x1202d
 .debug_line    0x00000000       0xa0 Application/SW4STM32/startup_stm32f103xb.o
 .debug_line    0x000000a0      0x83a Application/User/bootlib.o
 .debug_line    0x000008da      0x92d Application/User/bootloaderhw.o
 .debug_line    0x00001207      0x7fc Application/User/can.o
 .debug_line    0x00001a03      0x7ce Application/User/com_interface.o
 .debug_line    0x000021d1      0x7b7 Application/User/dma.o
 .debug_line    0x00002988      0x7c9 Application/User/gpio.o
 .debug_line    0x00003151      0x7f5 Application/User/i2c.o
 .debug_line    0x00003946      0x8fe Application/User/main.o
 .debug_line    0x00004244      0x7fc Application/User/spi.o
 .debug_line    0x00004a40      0x7c3 Application/User/stm32f1xx_hal_msp.o
 .debug_line    0x00005203      0x83f Application/User/stm32f1xx_it.o
 .debug_line    0x00005a42      0x90a Application/User/test_comm.o
 .debug_line    0x0000634c      0x83a Application/User/tim.o
 .debug_line    0x00006b86      0x815 Application/User/usart.o
 .debug_line    0x0000739b      0x7ea Drivers/CMSIS/system_stm32f1xx.o
 .debug_line    0x00007b85      0x926 Drivers/STM32F1xx_HAL_Driver/stm32f1xx_hal.o
 .debug_line    0x000084ab      0xbb6 Drivers/STM32F1xx_HAL_Driver/stm32f1xx_hal_can.o
 .debug_line    0x00009061      0x962 Drivers/STM32F1xx_HAL_Driver/stm32f1xx_hal_cortex.o
 .debug_line    0x000099c3      0xb9f Drivers/STM32F1xx_HAL_Driver/stm32f1xx_hal_dma.o
 .debug_line    0x0000a562      0x9ad Drivers/STM32F1xx_HAL_Driver/stm32f1xx_hal_flash.o
 .debug_line    0x0000af0f      0xa2c Drivers/STM32F1xx_HAL_Driver/stm32f1xx_hal_flash_ex.o
 .debug_line    0x0000b93b      0x94c Drivers/STM32F1xx_HAL_Driver/stm32f1xx_hal_gpio.o
 .debug_line    0x0000c287     0x1737 Drivers/STM32F1xx_HAL_Driver/stm32f1xx_hal_i2c.o
 .debug_line    0x0000d9be      0xc99 Drivers/STM32F1xx_HAL_Driver/stm32f1xx_hal_rcc.o
 .debug_line    0x0000e657      0x802 Drivers/STM32F1xx_HAL_Driver/stm32f1xx_hal_spi_ex.o
 .debug_line    0x0000ee59     0x1652 Drivers/STM32F1xx_HAL_Driver/stm32f1xx_hal_tim.o
 .debug_line    0x000104ab      0xd65 Drivers/STM32F1xx_HAL_Driver/stm32f1xx_hal_tim_ex.o
 .debug_line    0x00011210      0xe1d Drivers/STM32F1xx_HAL_Driver/stm32f1xx_hal_uart.o

.debug_info     0x00000000    0x13616
 .debug_info    0x00000000       0xa9 Application/SW4STM32/startup_stm32f103xb.o
 .debug_info    0x000000a9      0x315 Application/User/bootlib.o
 .debug_info    0x000003be      0x58e Application/User/bootloaderhw.o
 .debug_info    0x0000094c      0x870 Application/User/can.o
 .debug_info    0x000011bc      0x54f Application/User/com_interface.o
 .debug_info    0x0000170b      0x319 Application/User/dma.o
 .debug_info    0x00001a24      0x4eb Application/User/gpio.o
 .debug_info    0x00001f0f      0x764 Application/User/i2c.o
 .debug_info    0x00002673      0x845 Application/User/main.o
 .debug_info    0x00002eb8      0x7a3 Application/User/spi.o
 .debug_info    0x0000365b      0x43a Application/User/stm32f1xx_hal_msp.o
 .debug_info    0x00003a95      0x910 Application/User/stm32f1xx_it.o
 .debug_info    0x000043a5      0xaa6 Application/User/test_comm.o
 .debug_info    0x00004e4b      0xb5e Application/User/tim.o
 .debug_info    0x000059a9      0x93c Application/User/usart.o
 .debug_info    0x000062e5      0x3eb Drivers/CMSIS/system_stm32f1xx.o
 .debug_info    0x000066d0      0x699 Drivers/STM32F1xx_HAL_Driver/stm32f1xx_hal.o
 .debug_info    0x00006d69      0xb9c Drivers/STM32F1xx_HAL_Driver/stm32f1xx_hal_can.o
 .debug_info    0x00007905      0xc33 Drivers/STM32F1xx_HAL_Driver/stm32f1xx_hal_cortex.o
 .debug_info    0x00008538      0x645 Drivers/STM32F1xx_HAL_Driver/stm32f1xx_hal_dma.o
 .debug_info    0x00008b7d      0x62a Drivers/STM32F1xx_HAL_Driver/stm32f1xx_hal_flash.o
 .debug_info    0x000091a7      0xaf0 Drivers/STM32F1xx_HAL_Driver/stm32f1xx_hal_flash_ex.o
 .debug_info    0x00009c97      0x608 Drivers/STM32F1xx_HAL_Driver/stm32f1xx_hal_gpio.o
 .debug_info    0x0000a29f     0x2aba Drivers/STM32F1xx_HAL_Driver/stm32f1xx_hal_i2c.o
 .debug_info    0x0000cd59     0x12ab Drivers/STM32F1xx_HAL_Driver/stm32f1xx_hal_rcc.o
 .debug_info    0x0000e004      0x5ad Drivers/STM32F1xx_HAL_Driver/stm32f1xx_hal_spi_ex.o
 .debug_info    0x0000e5b1     0x2d8a Drivers/STM32F1xx_HAL_Driver/stm32f1xx_hal_tim.o
 .debug_info    0x0001133b     0x11e6 Drivers/STM32F1xx_HAL_Driver/stm32f1xx_hal_tim_ex.o
 .debug_info    0x00012521     0x10f5 Drivers/STM32F1xx_HAL_Driver/stm32f1xx_hal_uart.o

.debug_abbrev   0x00000000     0x32ba
 .debug_abbrev  0x00000000       0x12 Application/SW4STM32/startup_stm32f103xb.o
 .debug_abbrev  0x00000012      0x13e Application/User/bootlib.o
 .debug_abbrev  0x00000150      0x164 Application/User/bootloaderhw.o
 .debug_abbrev  0x000002b4      0x1b8 Application/User/can.o
 .debug_abbrev  0x0000046c      0x181 Application/User/com_interface.o
 .debug_abbrev  0x000005ed      0x114 Application/User/dma.o
 .debug_abbrev  0x00000701      0x13f Application/User/gpio.o
 .debug_abbrev  0x00000840      0x1a1 Application/User/i2c.o
 .debug_abbrev  0x000009e1      0x28c Application/User/main.o
 .debug_abbrev  0x00000c6d      0x1a1 Application/User/spi.o
 .debug_abbrev  0x00000e0e      0x126 Application/User/stm32f1xx_hal_msp.o
 .debug_abbrev  0x00000f34      0x16c Application/User/stm32f1xx_it.o
 .debug_abbrev  0x000010a0      0x1ff Application/User/test_comm.o
 .debug_abbrev  0x0000129f      0x1bc Application/User/tim.o
 .debug_abbrev  0x0000145b      0x1aa Application/User/usart.o
 .debug_abbrev  0x00001605      0x125 Drivers/CMSIS/system_stm32f1xx.o
 .debug_abbrev  0x0000172a      0x21f Drivers/STM32F1xx_HAL_Driver/stm32f1xx_hal.o
 .debug_abbrev  0x00001949      0x206 Drivers/STM32F1xx_HAL_Driver/stm32f1xx_hal_can.o
 .debug_abbrev  0x00001b4f      0x2bd Drivers/STM32F1xx_HAL_Driver/stm32f1xx_hal_cortex.o
 .debug_abbrev  0x00001e0c      0x1f2 Drivers/STM32F1xx_HAL_Driver/stm32f1xx_hal_dma.o
 .debug_abbrev  0x00001ffe      0x20c Drivers/STM32F1xx_HAL_Driver/stm32f1xx_hal_flash.o
 .debug_abbrev  0x0000220a      0x274 Drivers/STM32F1xx_HAL_Driver/stm32f1xx_hal_flash_ex.o
 .debug_abbrev  0x0000247e      0x1cd Drivers/STM32F1xx_HAL_Driver/stm32f1xx_hal_gpio.o
 .debug_abbrev  0x0000264b      0x21b Drivers/STM32F1xx_HAL_Driver/stm32f1xx_hal_i2c.o
 .debug_abbrev  0x00002866      0x287 Drivers/STM32F1xx_HAL_Driver/stm32f1xx_hal_rcc.o
 .debug_abbrev  0x00002aed      0x160 Drivers/STM32F1xx_HAL_Driver/stm32f1xx_hal_spi_ex.o
 .debug_abbrev  0x00002c4d      0x22a Drivers/STM32F1xx_HAL_Driver/stm32f1xx_hal_tim.o
 .debug_abbrev  0x00002e77      0x21b Drivers/STM32F1xx_HAL_Driver/stm32f1xx_hal_tim_ex.o
 .debug_abbrev  0x00003092      0x228 Drivers/STM32F1xx_HAL_Driver/stm32f1xx_hal_uart.o

.debug_aranges  0x00000000      0xfe8
 .debug_aranges
                0x00000000       0x28 Application/SW4STM32/startup_stm32f103xb.o
 .debug_aranges
                0x00000028       0x38 Application/User/bootlib.o
 .debug_aranges
                0x00000060       0x70 Application/User/bootloaderhw.o
 .debug_aranges
                0x000000d0       0x30 Application/User/can.o
 .debug_aranges
                0x00000100       0x28 Application/User/com_interface.o
 .debug_aranges
                0x00000128       0x20 Application/User/dma.o
 .debug_aranges
                0x00000148       0x20 Application/User/gpio.o
 .debug_aranges
                0x00000168       0x30 Application/User/i2c.o
 .debug_aranges
                0x00000198       0x40 Application/User/main.o
 .debug_aranges
                0x000001d8       0x30 Application/User/spi.o
 .debug_aranges
                0x00000208       0x20 Application/User/stm32f1xx_hal_msp.o
 .debug_aranges
                0x00000228       0x58 Application/User/stm32f1xx_it.o
 .debug_aranges
                0x00000280       0x48 Application/User/test_comm.o
 .debug_aranges
                0x000002c8       0x40 Application/User/tim.o
 .debug_aranges
                0x00000308       0x30 Application/User/usart.o
 .debug_aranges
                0x00000338       0x28 Drivers/CMSIS/system_stm32f1xx.o
 .debug_aranges
                0x00000360       0xb0 Drivers/STM32F1xx_HAL_Driver/stm32f1xx_hal.o
 .debug_aranges
                0x00000410       0xb0 Drivers/STM32F1xx_HAL_Driver/stm32f1xx_hal_can.o
 .debug_aranges
                0x000004c0       0x90 Drivers/STM32F1xx_HAL_Driver/stm32f1xx_hal_cortex.o
 .debug_aranges
                0x00000550       0x68 Drivers/STM32F1xx_HAL_Driver/stm32f1xx_hal_dma.o
 .debug_aranges
                0x000005b8       0x88 Drivers/STM32F1xx_HAL_Driver/stm32f1xx_hal_flash.o
 .debug_aranges
                0x00000640       0x98 Drivers/STM32F1xx_HAL_Driver/stm32f1xx_hal_flash_ex.o
 .debug_aranges
                0x000006d8       0x58 Drivers/STM32F1xx_HAL_Driver/stm32f1xx_hal_gpio.o
 .debug_aranges
                0x00000730      0x218 Drivers/STM32F1xx_HAL_Driver/stm32f1xx_hal_i2c.o
 .debug_aranges
                0x00000948       0x88 Drivers/STM32F1xx_HAL_Driver/stm32f1xx_hal_rcc.o
 .debug_aranges
                0x000009d0       0x28 Drivers/STM32F1xx_HAL_Driver/stm32f1xx_hal_spi_ex.o
 .debug_aranges
                0x000009f8      0x368 Drivers/STM32F1xx_HAL_Driver/stm32f1xx_hal_tim.o
 .debug_aranges
                0x00000d60      0x138 Drivers/STM32F1xx_HAL_Driver/stm32f1xx_hal_tim_ex.o
 .debug_aranges
                0x00000e98      0x150 Drivers/STM32F1xx_HAL_Driver/stm32f1xx_hal_uart.o

.debug_ranges   0x00000000      0xe40
 .debug_ranges  0x00000000       0x20 Application/SW4STM32/startup_stm32f103xb.o
 .debug_ranges  0x00000020       0x28 Application/User/bootlib.o
 .debug_ranges  0x00000048       0x60 Application/User/bootloaderhw.o
 .debug_ranges  0x000000a8       0x20 Application/User/can.o
 .debug_ranges  0x000000c8       0x18 Application/User/com_interface.o
 .debug_ranges  0x000000e0       0x10 Application/User/dma.o
 .debug_ranges  0x000000f0       0x10 Application/User/gpio.o
 .debug_ranges  0x00000100       0x20 Application/User/i2c.o
 .debug_ranges  0x00000120       0x30 Application/User/main.o
 .debug_ranges  0x00000150       0x20 Application/User/spi.o
 .debug_ranges  0x00000170       0x10 Application/User/stm32f1xx_hal_msp.o
 .debug_ranges  0x00000180       0x48 Application/User/stm32f1xx_it.o
 .debug_ranges  0x000001c8       0x58 Application/User/test_comm.o
 .debug_ranges  0x00000220       0x30 Application/User/tim.o
 .debug_ranges  0x00000250       0x20 Application/User/usart.o
 .debug_ranges  0x00000270       0x18 Drivers/CMSIS/system_stm32f1xx.o
 .debug_ranges  0x00000288       0xa0 Drivers/STM32F1xx_HAL_Driver/stm32f1xx_hal.o
 .debug_ranges  0x00000328       0xa0 Drivers/STM32F1xx_HAL_Driver/stm32f1xx_hal_can.o
 .debug_ranges  0x000003c8       0x80 Drivers/STM32F1xx_HAL_Driver/stm32f1xx_hal_cortex.o
 .debug_ranges  0x00000448       0x58 Drivers/STM32F1xx_HAL_Driver/stm32f1xx_hal_dma.o
 .debug_ranges  0x000004a0       0x78 Drivers/STM32F1xx_HAL_Driver/stm32f1xx_hal_flash.o
 .debug_ranges  0x00000518       0x88 Drivers/STM32F1xx_HAL_Driver/stm32f1xx_hal_flash_ex.o
 .debug_ranges  0x000005a0       0x48 Drivers/STM32F1xx_HAL_Driver/stm32f1xx_hal_gpio.o
 .debug_ranges  0x000005e8      0x208 Drivers/STM32F1xx_HAL_Driver/stm32f1xx_hal_i2c.o
 .debug_ranges  0x000007f0       0x78 Drivers/STM32F1xx_HAL_Driver/stm32f1xx_hal_rcc.o
 .debug_ranges  0x00000868       0x18 Drivers/STM32F1xx_HAL_Driver/stm32f1xx_hal_spi_ex.o
 .debug_ranges  0x00000880      0x358 Drivers/STM32F1xx_HAL_Driver/stm32f1xx_hal_tim.o
 .debug_ranges  0x00000bd8      0x128 Drivers/STM32F1xx_HAL_Driver/stm32f1xx_hal_tim_ex.o
 .debug_ranges  0x00000d00      0x140 Drivers/STM32F1xx_HAL_Driver/stm32f1xx_hal_uart.o

.debug_loc      0x00000000     0xaafa
 .debug_loc     0x00000000       0xce Application/User/bootlib.o
 .debug_loc     0x000000ce      0x328 Application/User/bootloaderhw.o
 .debug_loc     0x000003f6       0x4d Application/User/can.o
 .debug_loc     0x00000443       0x4d Application/User/com_interface.o
 .debug_loc     0x00000490       0x4d Application/User/i2c.o
 .debug_loc     0x000004dd       0x9a Application/User/main.o
 .debug_loc     0x00000577       0x4d Application/User/spi.o
 .debug_loc     0x000005c4      0x2d6 Application/User/test_comm.o
 .debug_loc     0x0000089a       0xa6 Application/User/tim.o
 .debug_loc     0x00000940       0x52 Application/User/usart.o
 .debug_loc     0x00000992       0xdf Drivers/CMSIS/system_stm32f1xx.o
 .debug_loc     0x00000a71       0x81 Drivers/STM32F1xx_HAL_Driver/stm32f1xx_hal.o
 .debug_loc     0x00000af2      0x603 Drivers/STM32F1xx_HAL_Driver/stm32f1xx_hal_can.o
 .debug_loc     0x000010f5      0x527 Drivers/STM32F1xx_HAL_Driver/stm32f1xx_hal_cortex.o
 .debug_loc     0x0000161c      0x417 Drivers/STM32F1xx_HAL_Driver/stm32f1xx_hal_dma.o
 .debug_loc     0x00001a33      0x2c5 Drivers/STM32F1xx_HAL_Driver/stm32f1xx_hal_flash.o
 .debug_loc     0x00001cf8      0x716 Drivers/STM32F1xx_HAL_Driver/stm32f1xx_hal_flash_ex.o
 .debug_loc     0x0000240e      0x377 Drivers/STM32F1xx_HAL_Driver/stm32f1xx_hal_gpio.o
 .debug_loc     0x00002785     0x2bab Drivers/STM32F1xx_HAL_Driver/stm32f1xx_hal_i2c.o
 .debug_loc     0x00005330      0x8e9 Drivers/STM32F1xx_HAL_Driver/stm32f1xx_hal_rcc.o
 .debug_loc     0x00005c19       0x58 Drivers/STM32F1xx_HAL_Driver/stm32f1xx_hal_spi_ex.o
 .debug_loc     0x00005c71     0x32a5 Drivers/STM32F1xx_HAL_Driver/stm32f1xx_hal_tim.o
 .debug_loc     0x00008f16      0xbdb Drivers/STM32F1xx_HAL_Driver/stm32f1xx_hal_tim_ex.o
 .debug_loc     0x00009af1     0x1009 Drivers/STM32F1xx_HAL_Driver/stm32f1xx_hal_uart.o

.debug_macro    0x00000000    0x1cdb3
 .debug_macro   0x00000000      0x34c Application/User/bootlib.o
 .debug_macro   0x0000034c      0x880 Application/User/bootlib.o
 .debug_macro   0x00000bcc       0x22 Application/User/bootlib.o
 .debug_macro   0x00000bee       0x87 Application/User/bootlib.o
 .debug_macro   0x00000c75       0x44 Application/User/bootlib.o
 .debug_macro   0x00000cb9       0xfd Application/User/bootlib.o
 .debug_macro   0x00000db6       0x5e Application/User/bootlib.o
 .debug_macro   0x00000e14      0x1df Application/User/bootlib.o
 .debug_macro   0x00000ff3       0x52 Application/User/bootlib.o
 .debug_macro   0x00001045       0x35 Application/User/bootlib.o
 .debug_macro   0x0000107a       0x9c Application/User/bootlib.o
 .debug_macro   0x00001116      0x174 Application/User/bootlib.o
 .debug_macro   0x0000128a       0x52 Application/User/bootlib.o
 .debug_macro   0x000012dc       0x1f Application/User/bootlib.o
 .debug_macro   0x000012fb       0x43 Application/User/bootlib.o
 .debug_macro   0x0000133e       0x20 Application/User/bootlib.o
 .debug_macro   0x0000135e      0x187 Application/User/bootlib.o
 .debug_macro   0x000014e5      0x30d Application/User/bootlib.o
 .debug_macro   0x000017f2       0x10 Application/User/bootlib.o
 .debug_macro   0x00001802       0x35 Application/User/bootlib.o
 .debug_macro   0x00001837       0x5e Application/User/bootlib.o
 .debug_macro   0x00001895      0x179 Application/User/bootlib.o
 .debug_macro   0x00001a0e       0x2e Application/User/bootlib.o
 .debug_macro   0x00001a3c       0x22 Application/User/bootlib.o
 .debug_macro   0x00001a5e       0x3a Application/User/bootlib.o
 .debug_macro   0x00001a98       0x34 Application/User/bootlib.o
 .debug_macro   0x00001acc      0xb8e Application/User/bootlib.o
 .debug_macro   0x0000265a     0xf2f7 Application/User/bootlib.o
 .debug_macro   0x00011951       0x43 Application/User/bootlib.o
 .debug_macro   0x00011994     0x3383 Application/User/bootlib.o
 .debug_macro   0x00014d17       0x1c Application/User/bootlib.o
 .debug_macro   0x00014d33       0x10 Application/User/bootlib.o
 .debug_macro   0x00014d43       0x10 Application/User/bootlib.o
 .debug_macro   0x00014d53       0x1c Application/User/bootlib.o
 .debug_macro   0x00014d6f       0x52 Application/User/bootlib.o
 .debug_macro   0x00014dc1       0x40 Application/User/bootlib.o
 .debug_macro   0x00014e01       0x10 Application/User/bootlib.o
 .debug_macro   0x00014e11       0x40 Application/User/bootlib.o
 .debug_macro   0x00014e51       0xd7 Application/User/bootlib.o
 .debug_macro   0x00014f28       0x16 Application/User/bootlib.o
 .debug_macro   0x00014f3e      0x18b Application/User/bootlib.o
 .debug_macro   0x000150c9       0x50 Application/User/bootlib.o
 .debug_macro   0x00015119      0x778 Application/User/bootlib.o
 .debug_macro   0x00015891      0x28b Application/User/bootlib.o
 .debug_macro   0x00015b1c      0x141 Application/User/bootlib.o
 .debug_macro   0x00015c5d      0x197 Application/User/bootlib.o
 .debug_macro   0x00015df4      0x1ae Application/User/bootlib.o
 .debug_macro   0x00015fa2       0x2d Application/User/bootlib.o
 .debug_macro   0x00015fcf       0x3c Application/User/bootlib.o
 .debug_macro   0x0001600b      0x401 Application/User/bootlib.o
 .debug_macro   0x0001640c       0x10 Application/User/bootlib.o
 .debug_macro   0x0001641c       0x57 Application/User/bootlib.o
 .debug_macro   0x00016473       0x8c Application/User/bootlib.o
 .debug_macro   0x000164ff      0x242 Application/User/bootlib.o
 .debug_macro   0x00016741      0x225 Application/User/bootlib.o
 .debug_macro   0x00016966      0x143 Application/User/bootlib.o
 .debug_macro   0x00016aa9      0x1f4 Application/User/bootlib.o
 .debug_macro   0x00016c9d      0x83e Application/User/bootlib.o
 .debug_macro   0x000174db       0x11 Application/User/bootlib.o
 .debug_macro   0x000174ec      0x256 Application/User/bootlib.o
 .debug_macro   0x00017742       0x7c Application/User/bootlib.o
 .debug_macro   0x000177be       0x10 Application/User/bootlib.o
 .debug_macro   0x000177ce      0x34c Application/User/bootloaderhw.o
 .debug_macro   0x00017b1a       0x34 Application/User/bootloaderhw.o
 .debug_macro   0x00017b4e       0x16 Application/User/bootloaderhw.o
 .debug_macro   0x00017b64       0x97 Application/User/bootloaderhw.o
 .debug_macro   0x00017bfb       0xfd Application/User/bootloaderhw.o
 .debug_macro   0x00017cf8       0x16 Application/User/bootloaderhw.o
 .debug_macro   0x00017d0e      0x316 Application/User/can.o
 .debug_macro   0x00018024      0x310 Application/User/com_interface.o
 .debug_macro   0x00018334      0x30c Application/User/dma.o
 .debug_macro   0x00018640      0x30c Application/User/gpio.o
 .debug_macro   0x0001894c      0x316 Application/User/i2c.o
 .debug_macro   0x00018c62      0x36a Application/User/main.o
 .debug_macro   0x00018fcc      0x316 Application/User/spi.o
 .debug_macro   0x000192e2      0x302 Application/User/stm32f1xx_hal_msp.o
 .debug_macro   0x000195e4      0x30c Application/User/stm32f1xx_it.o
 .debug_macro   0x000198f0      0x35e Application/User/test_comm.o
 .debug_macro   0x00019c4e      0x30c Application/User/tim.o
 .debug_macro   0x00019f5a      0x320 Application/User/usart.o
 .debug_macro   0x0001a27a      0x308 Drivers/CMSIS/system_stm32f1xx.o
 .debug_macro   0x0001a582      0x326 Drivers/STM32F1xx_HAL_Driver/stm32f1xx_hal.o
 .debug_macro   0x0001a8a8      0x331 Drivers/STM32F1xx_HAL_Driver/stm32f1xx_hal_can.o
 .debug_macro   0x0001abd9      0x302 Drivers/STM32F1xx_HAL_Driver/stm32f1xx_hal_cortex.o
 .debug_macro   0x0001aedb      0x308 Drivers/STM32F1xx_HAL_Driver/stm32f1xx_hal_dma.o
 .debug_macro   0x0001b1e3      0x302 Drivers/STM32F1xx_HAL_Driver/stm32f1xx_hal_flash.o
 .debug_macro   0x0001b4e5      0x314 Drivers/STM32F1xx_HAL_Driver/stm32f1xx_hal_flash_ex.o
 .debug_macro   0x0001b7f9      0x372 Drivers/STM32F1xx_HAL_Driver/stm32f1xx_hal_gpio.o
 .debug_macro   0x0001bb6b      0x318 Drivers/STM32F1xx_HAL_Driver/stm32f1xx_hal_i2c.o
 .debug_macro   0x0001be83      0x326 Drivers/STM32F1xx_HAL_Driver/stm32f1xx_hal_rcc.o
 .debug_macro   0x0001c1a9      0x302 Drivers/STM32F1xx_HAL_Driver/stm32f1xx_hal_spi_ex.o
 .debug_macro   0x0001c4ab      0x303 Drivers/STM32F1xx_HAL_Driver/stm32f1xx_hal_tim.o
 .debug_macro   0x0001c7ae      0x302 Drivers/STM32F1xx_HAL_Driver/stm32f1xx_hal_tim_ex.o
 .debug_macro   0x0001cab0      0x303 Drivers/STM32F1xx_HAL_Driver/stm32f1xx_hal_uart.o

.debug_str      0x00000000    0x93a93
 .debug_str     0x00000000    0x8edaf Application/User/bootlib.o
                              0x8f10c (size before relaxing)
 .debug_str     0x0008edaf      0x304 Application/User/bootloaderhw.o
                              0x8f2d3 (size before relaxing)
 .debug_str     0x0008f0b3      0x39c Application/User/can.o
                              0x8f32e (size before relaxing)
 .debug_str     0x0008f44f      0x35a Application/User/com_interface.o
                              0x8f2f3 (size before relaxing)
 .debug_str     0x0008f7a9      0x2d0 Application/User/dma.o
                              0x8f280 (size before relaxing)
 .debug_str     0x0008fa79       0x6b Application/User/gpio.o
                              0x8f31b (size before relaxing)
 .debug_str     0x0008fae4      0x20d Application/User/i2c.o
                              0x8f423 (size before relaxing)
 .debug_str     0x0008fcf1      0x28f Application/User/main.o
                              0x8f59e (size before relaxing)
 .debug_str     0x0008ff80      0x1cc Application/User/spi.o
                              0x8f40f (size before relaxing)
 .debug_str     0x0009014c       0x8a Application/User/stm32f1xx_hal_msp.o
                              0x8f2bd (size before relaxing)
 .debug_str     0x000901d6      0x2e2 Application/User/stm32f1xx_it.o
                              0x8f5e2 (size before relaxing)
 .debug_str     0x000904b8      0x148 Application/User/test_comm.o
                              0x8f4b8 (size before relaxing)
 .debug_str     0x00090600      0x194 Application/User/tim.o
                              0x8f7b9 (size before relaxing)
 .debug_str     0x00090794       0x8a Application/User/usart.o
                              0x8f72e (size before relaxing)
 .debug_str     0x0009081e      0x103 Drivers/CMSIS/system_stm32f1xx.o
                              0x8f05d (size before relaxing)
 .debug_str     0x00090921      0x2b8 Drivers/STM32F1xx_HAL_Driver/stm32f1xx_hal.o
                              0x8f649 (size before relaxing)
 .debug_str     0x00090bd9      0x350 Drivers/STM32F1xx_HAL_Driver/stm32f1xx_hal_can.o
                              0x8f5b9 (size before relaxing)
 .debug_str     0x00090f29      0x21d Drivers/STM32F1xx_HAL_Driver/stm32f1xx_hal_cortex.o
                              0x8f647 (size before relaxing)
 .debug_str     0x00091146      0x167 Drivers/STM32F1xx_HAL_Driver/stm32f1xx_hal_dma.o
                              0x8f2b5 (size before relaxing)
 .debug_str     0x000912ad      0x286 Drivers/STM32F1xx_HAL_Driver/stm32f1xx_hal_flash.o
                              0x8f2c5 (size before relaxing)
 .debug_str     0x00091533      0x364 Drivers/STM32F1xx_HAL_Driver/stm32f1xx_hal_flash_ex.o
                              0x8f4c3 (size before relaxing)
 .debug_str     0x00091897      0x39c Drivers/STM32F1xx_HAL_Driver/stm32f1xx_hal_gpio.o
                              0x8f42c (size before relaxing)
 .debug_str     0x00091c33      0x709 Drivers/STM32F1xx_HAL_Driver/stm32f1xx_hal_i2c.o
                              0x8fa7e (size before relaxing)
 .debug_str     0x0009233c      0x28d Drivers/STM32F1xx_HAL_Driver/stm32f1xx_hal_rcc.o
                              0x8f497 (size before relaxing)
 .debug_str     0x000925c9       0x8f Drivers/STM32F1xx_HAL_Driver/stm32f1xx_hal_spi_ex.o
                              0x8f38a (size before relaxing)
 .debug_str     0x00092658      0xc77 Drivers/STM32F1xx_HAL_Driver/stm32f1xx_hal_tim.o
                              0x900ad (size before relaxing)
 .debug_str     0x000932cf      0x482 Drivers/STM32F1xx_HAL_Driver/stm32f1xx_hal_tim_ex.o
                              0x8f947 (size before relaxing)
 .debug_str     0x00093751      0x342 Drivers/STM32F1xx_HAL_Driver/stm32f1xx_hal_uart.o
                              0x8f71a (size before relaxing)

.comment        0x00000000       0x6e
 .comment       0x00000000       0x6e Application/User/bootlib.o
                                 0x6f (size before relaxing)
 .comment       0x0000006e       0x6f Application/User/bootloaderhw.o
 .comment       0x0000006e       0x6f Application/User/can.o
 .comment       0x0000006e       0x6f Application/User/com_interface.o
 .comment       0x0000006e       0x6f Application/User/dma.o
 .comment       0x0000006e       0x6f Application/User/gpio.o
 .comment       0x0000006e       0x6f Application/User/i2c.o
 .comment       0x0000006e       0x6f Application/User/main.o
 .comment       0x0000006e       0x6f Application/User/spi.o
 .comment       0x0000006e       0x6f Application/User/stm32f1xx_hal_msp.o
 .comment       0x0000006e       0x6f Application/User/stm32f1xx_it.o
 .comment       0x0000006e       0x6f Application/User/test_comm.o
 .comment       0x0000006e       0x6f Application/User/tim.o
 .comment       0x0000006e       0x6f Application/User/usart.o
 .comment       0x0000006e       0x6f Drivers/CMSIS/system_stm32f1xx.o
 .comment       0x0000006e       0x6f Drivers/STM32F1xx_HAL_Driver/stm32f1xx_hal.o
 .comment       0x0000006e       0x6f Drivers/STM32F1xx_HAL_Driver/stm32f1xx_hal_can.o
 .comment       0x0000006e       0x6f Drivers/STM32F1xx_HAL_Driver/stm32f1xx_hal_cortex.o
 .comment       0x0000006e       0x6f Drivers/STM32F1xx_HAL_Driver/stm32f1xx_hal_dma.o
 .comment       0x0000006e       0x6f Drivers/STM32F1xx_HAL_Driver/stm32f1xx_hal_flash.o
 .comment       0x0000006e       0x6f Drivers/STM32F1xx_HAL_Driver/stm32f1xx_hal_flash_ex.o
 .comment       0x0000006e       0x6f Drivers/STM32F1xx_HAL_Driver/stm32f1xx_hal_gpio.o
 .comment       0x0000006e       0x6f Drivers/STM32F1xx_HAL_Driver/stm32f1xx_hal_i2c.o
 .comment       0x0000006e       0x6f Drivers/STM32F1xx_HAL_Driver/stm32f1xx_hal_rcc.o
 .comment       0x0000006e       0x6f Drivers/STM32F1xx_HAL_Driver/stm32f1xx_hal_spi_ex.o
 .comment       0x0000006e       0x6f Drivers/STM32F1xx_HAL_Driver/stm32f1xx_hal_tim.o
 .comment       0x0000006e       0x6f Drivers/STM32F1xx_HAL_Driver/stm32f1xx_hal_tim_ex.o
 .comment       0x0000006e       0x6f Drivers/STM32F1xx_HAL_Driver/stm32f1xx_hal_uart.o

.debug_frame    0x00000000     0x29dc
 .debug_frame   0x00000000       0x78 Application/User/bootlib.o
 .debug_frame   0x00000078      0x134 Application/User/bootloaderhw.o
 .debug_frame   0x000001ac       0x64 Application/User/can.o
 .debug_frame   0x00000210       0x40 Application/User/com_interface.o
 .debug_frame   0x00000250       0x2c Application/User/dma.o
 .debug_frame   0x0000027c       0x34 Application/User/gpio.o
 .debug_frame   0x000002b0       0x60 Application/User/i2c.o
 .debug_frame   0x00000310       0x80 Application/User/main.o
 .debug_frame   0x00000390       0x64 Application/User/spi.o
 .debug_frame   0x000003f4       0x2c Application/User/stm32f1xx_hal_msp.o
 .debug_frame   0x00000420       0xd0 Application/User/stm32f1xx_it.o
 .debug_frame   0x000004f0       0xd0 Application/User/test_comm.o
 .debug_frame   0x000005c0       0x98 Application/User/tim.o
 .debug_frame   0x00000658       0x6c Application/User/usart.o
 .debug_frame   0x000006c4       0x30 Drivers/CMSIS/system_stm32f1xx.o
 .debug_frame   0x000006f4      0x168 Drivers/STM32F1xx_HAL_Driver/stm32f1xx_hal.o
 .debug_frame   0x0000085c      0x200 Drivers/STM32F1xx_HAL_Driver/stm32f1xx_hal_can.o
 .debug_frame   0x00000a5c      0x124 Drivers/STM32F1xx_HAL_Driver/stm32f1xx_hal_cortex.o
 .debug_frame   0x00000b80      0x10c Drivers/STM32F1xx_HAL_Driver/stm32f1xx_hal_dma.o
 .debug_frame   0x00000c8c      0x134 Drivers/STM32F1xx_HAL_Driver/stm32f1xx_hal_flash.o
 .debug_frame   0x00000dc0      0x194 Drivers/STM32F1xx_HAL_Driver/stm32f1xx_hal_flash_ex.o
 .debug_frame   0x00000f54       0xc4 Drivers/STM32F1xx_HAL_Driver/stm32f1xx_hal_gpio.o
 .debug_frame   0x00001018      0x708 Drivers/STM32F1xx_HAL_Driver/stm32f1xx_hal_i2c.o
 .debug_frame   0x00001720      0x158 Drivers/STM32F1xx_HAL_Driver/stm32f1xx_hal_rcc.o
 .debug_frame   0x00001878       0x3c Drivers/STM32F1xx_HAL_Driver/stm32f1xx_hal_spi_ex.o
 .debug_frame   0x000018b4      0x9cc Drivers/STM32F1xx_HAL_Driver/stm32f1xx_hal_tim.o
 .debug_frame   0x00002280      0x3b8 Drivers/STM32F1xx_HAL_Driver/stm32f1xx_hal_tim_ex.o
 .debug_frame   0x00002638      0x378 Drivers/STM32F1xx_HAL_Driver/stm32f1xx_hal_uart.o
 .debug_frame   0x000029b0       0x2c c:/ac6/systemworkbench/plugins/fr.ac6.mcu.externaltools.arm-none.win32_1.13.2.201703061525/tools/compiler/bin/../lib/gcc/arm-none-eabi/5.4.1/../../../../arm-none-eabi/lib/armv7-m\libc_nano.a(lib_a-init.o)

.stabstr        0x00000000      0x117
 .stabstr       0x00000000      0x117 c:/ac6/systemworkbench/plugins/fr.ac6.mcu.externaltools.arm-none.win32_1.13.2.201703061525/tools/compiler/bin/../lib/gcc/arm-none-eabi/5.4.1/../../../../arm-none-eabi/lib/armv7-m\libnosys.a(close.o)
